[0.008s] Invoking command in '/root/ros2_ws/build/in424_simu': CMAKE_PREFIX_PATH=/opt/ros/galactic /usr/bin/cmake /root/ros2_ws/src/IN424/in424_simu -DAMENT_CMAKE_SYMLINK_INSTALL=1 -DCMAKE_INSTALL_PREFIX=/root/ros2_ws/install/in424_simu
[0.103s] -- The C compiler identification is GNU 9.4.0
[0.170s] -- The CXX compiler identification is GNU 9.4.0
[0.174s] -- Check for working C compiler: /usr/bin/cc
[0.296s] -- Check for working C compiler: /usr/bin/cc -- works
[0.297s] -- Detecting C compiler ABI info
[0.397s] -- Detecting C compiler ABI info - done
[0.407s] -- Detecting C compile features
[0.414s] -- Detecting C compile features - done
[0.414s] -- Check for working CXX compiler: /usr/bin/c++
[0.510s] -- Check for working CXX compiler: /usr/bin/c++ -- works
[0.511s] -- Detecting CXX compiler ABI info
[0.634s] -- Detecting CXX compiler ABI info - done
[0.643s] -- Detecting CXX compile features
[0.643s] -- Detecting CXX compile features - done
[0.645s] -- Found ament_cmake: 1.1.6 (/opt/ros/galactic/share/ament_cmake/cmake)
[0.672s] -- Found PythonInterp: /usr/bin/python3 (found suitable version "3.8.10", minimum required is "3") 
[0.672s] -- Using PYTHON_EXECUTABLE: /usr/bin/python3
[0.719s] -- Override CMake install command with custom implementation using symlinks instead of copying resources
[0.744s] -- Found ament_lint_auto: 0.10.7 (/opt/ros/galactic/share/ament_lint_auto/cmake)
[0.804s] -- Added test 'copyright' to check source files copyright and LICENSE
[0.807s] -- Added test 'flake8' to check Python code syntax and style conventions
[0.808s] -- Added test 'lint_cmake' to check CMake code style
[0.808s] -- Added test 'pep257' to check Python code against some of the style conventions in PEP 257
[0.810s] -- Added test 'xmllint' to check XML markup files
[0.812s] -- Configuring done
[0.814s] -- Generating done
[0.815s] -- Build files have been written to: /root/ros2_ws/build/in424_simu
[0.820s] Invoked command in '/root/ros2_ws/build/in424_simu' returned '0': CMAKE_PREFIX_PATH=/opt/ros/galactic /usr/bin/cmake /root/ros2_ws/src/IN424/in424_simu -DAMENT_CMAKE_SYMLINK_INSTALL=1 -DCMAKE_INSTALL_PREFIX=/root/ros2_ws/install/in424_simu
[0.824s] Invoking command in '/root/ros2_ws/build/in424_simu': CMAKE_PREFIX_PATH=/opt/ros/galactic /usr/bin/cmake --build /root/ros2_ws/build/in424_simu -- -j3 -l3
[0.884s] Invoked command in '/root/ros2_ws/build/in424_simu' returned '0': CMAKE_PREFIX_PATH=/opt/ros/galactic /usr/bin/cmake --build /root/ros2_ws/build/in424_simu -- -j3 -l3
[0.930s] Invoking command in '/root/ros2_ws/build/in424_simu': CMAKE_PREFIX_PATH=/opt/ros/galactic /usr/bin/cmake --install /root/ros2_ws/build/in424_simu
[0.943s] -- Install configuration: ""
[0.943s] -- Execute custom install script
[0.944s] -- Symlinking: /root/ros2_ws/install/in424_simu/share/in424_simu/launch/spawn_robots_launch.py
[0.961s] -- Symlinking: /root/ros2_ws/install/in424_simu/share/in424_simu/launch/start_world_launch.py
[0.971s] -- Symlinking: /root/ros2_ws/install/in424_simu/share/in424_simu/worlds/env.world
[0.982s] -- Symlinking: /root/ros2_ws/install/in424_simu/share/in424_simu/worlds/env.world.save
[0.992s] -- Symlinking: /root/ros2_ws/install/in424_simu/share/in424_simu/worlds/env_base.world
[1.003s] -- Symlinking: /root/ros2_ws/install/in424_simu/share/in424_simu/models/box_1_1/model.config
[1.014s] -- Symlinking: /root/ros2_ws/install/in424_simu/share/in424_simu/models/box_1_1/model.sdf
[1.025s] -- Symlinking: /root/ros2_ws/install/in424_simu/share/in424_simu/models/box_2_2/model.config
[1.043s] -- Symlinking: /root/ros2_ws/install/in424_simu/share/in424_simu/models/box_2_2/model.sdf
[1.052s] -- Symlinking: /root/ros2_ws/install/in424_simu/share/in424_simu/models/box_3_2/model.config
[1.062s] -- Symlinking: /root/ros2_ws/install/in424_simu/share/in424_simu/models/box_3_2/model.sdf
[1.073s] -- Symlinking: /root/ros2_ws/install/in424_simu/share/in424_simu/models/small_cube/model.config
[1.083s] -- Symlinking: /root/ros2_ws/install/in424_simu/share/in424_simu/models/small_cube/model.sdf
[1.094s] -- Symlinking: /root/ros2_ws/install/in424_simu/share/in424_simu/models/walls/model.config
[1.105s] -- Symlinking: /root/ros2_ws/install/in424_simu/share/in424_simu/models/walls/model.sdf
[1.118s] -- Symlinking: /root/ros2_ws/install/in424_simu/share/in424_simu/models/walls_2/model.config
[1.134s] -- Symlinking: /root/ros2_ws/install/in424_simu/share/in424_simu/models/walls_2/model.sdf
[1.148s] -- Symlinking: /root/ros2_ws/install/in424_simu/share/in424_simu/cfg/config.rviz
[1.158s] -- Symlinking: /root/ros2_ws/install/in424_simu/share/ament_index/resource_index/package_run_dependencies/in424_simu
[1.169s] -- Symlinking: /root/ros2_ws/install/in424_simu/share/ament_index/resource_index/parent_prefix_path/in424_simu
[1.179s] -- Symlinking: /root/ros2_ws/install/in424_simu/share/in424_simu/environment/ament_prefix_path.sh
[1.191s] -- Symlinking: /root/ros2_ws/install/in424_simu/share/in424_simu/environment/ament_prefix_path.dsv
[1.201s] -- Symlinking: /root/ros2_ws/install/in424_simu/share/in424_simu/environment/path.sh
[1.212s] -- Symlinking: /root/ros2_ws/install/in424_simu/share/in424_simu/environment/path.dsv
[1.222s] -- Symlinking: /root/ros2_ws/install/in424_simu/share/in424_simu/local_setup.bash
[1.234s] -- Symlinking: /root/ros2_ws/install/in424_simu/share/in424_simu/local_setup.sh
[1.246s] -- Symlinking: /root/ros2_ws/install/in424_simu/share/in424_simu/local_setup.zsh
[1.256s] -- Symlinking: /root/ros2_ws/install/in424_simu/share/in424_simu/local_setup.dsv
[1.267s] -- Symlinking: /root/ros2_ws/install/in424_simu/share/in424_simu/package.dsv
[1.277s] -- Symlinking: /root/ros2_ws/install/in424_simu/share/ament_index/resource_index/packages/in424_simu
[1.288s] -- Symlinking: /root/ros2_ws/install/in424_simu/share/in424_simu/cmake/in424_simuConfig.cmake
[1.298s] -- Symlinking: /root/ros2_ws/install/in424_simu/share/in424_simu/cmake/in424_simuConfig-version.cmake
[1.309s] -- Symlinking: /root/ros2_ws/install/in424_simu/share/in424_simu/package.xml
[1.325s] Invoked command in '/root/ros2_ws/build/in424_simu' returned '0': CMAKE_PREFIX_PATH=/opt/ros/galactic /usr/bin/cmake --install /root/ros2_ws/build/in424_simu
