[0.022s] Invoking command in '/root/ros2_ws/build/in424_simu': CMAKE_PREFIX_PATH=/opt/ros/galactic /usr/bin/cmake /root/ros2_ws/src/IN424/in424_simu -DAMENT_CMAKE_SYMLINK_INSTALL=1 -DCMAKE_INSTALL_PREFIX=/root/ros2_ws/install/in424_simu
[0.138s] -- The C compiler identification is GNU 9.4.0
[0.223s] -- The CXX compiler identification is GNU 9.4.0
[0.225s] -- Check for working C compiler: /usr/bin/cc
[0.339s] -- Check for working C compiler: /usr/bin/cc -- works
[0.341s] -- Detecting C compiler ABI info
[0.477s] -- Detecting C compiler ABI info - done
[0.488s] -- Detecting C compile features
[0.489s] -- Detecting C compile features - done
[0.493s] -- Check for working CXX compiler: /usr/bin/c++
[0.618s] -- Check for working CXX compiler: /usr/bin/c++ -- works
[0.618s] -- Detecting CXX compiler ABI info
[0.723s] -- Detecting CXX compiler ABI info - done
[0.736s] -- Detecting CXX compile features
[0.737s] -- Detecting CXX compile features - done
[0.740s] -- Found ament_cmake: 1.1.6 (/opt/ros/galactic/share/ament_cmake/cmake)
[0.776s] -- Found PythonInterp: /usr/bin/python3 (found suitable version "3.8.10", minimum required is "3") 
[0.778s] -- Using PYTHON_EXECUTABLE: /usr/bin/python3
[0.833s] -- Override CMake install command with custom implementation using symlinks instead of copying resources
[0.876s] -- Found ament_lint_auto: 0.10.7 (/opt/ros/galactic/share/ament_lint_auto/cmake)
[0.960s] -- Added test 'copyright' to check source files copyright and LICENSE
[0.967s] -- Added test 'flake8' to check Python code syntax and style conventions
[0.967s] -- Added test 'lint_cmake' to check CMake code style
[0.970s] -- Added test 'pep257' to check Python code against some of the style conventions in PEP 257
[0.974s] -- Added test 'xmllint' to check XML markup files
[0.975s] -- Configuring done
[0.980s] -- Generating done
[0.980s] -- Build files have been written to: /root/ros2_ws/build/in424_simu
[0.985s] Invoked command in '/root/ros2_ws/build/in424_simu' returned '0': CMAKE_PREFIX_PATH=/opt/ros/galactic /usr/bin/cmake /root/ros2_ws/src/IN424/in424_simu -DAMENT_CMAKE_SYMLINK_INSTALL=1 -DCMAKE_INSTALL_PREFIX=/root/ros2_ws/install/in424_simu
[0.986s] Invoking command in '/root/ros2_ws/build/in424_simu': CMAKE_PREFIX_PATH=/opt/ros/galactic /usr/bin/cmake --build /root/ros2_ws/build/in424_simu -- -j3 -l3
[1.040s] Invoked command in '/root/ros2_ws/build/in424_simu' returned '0': CMAKE_PREFIX_PATH=/opt/ros/galactic /usr/bin/cmake --build /root/ros2_ws/build/in424_simu -- -j3 -l3
[1.080s] Invoking command in '/root/ros2_ws/build/in424_simu': CMAKE_PREFIX_PATH=/opt/ros/galactic /usr/bin/cmake --install /root/ros2_ws/build/in424_simu
[1.089s] -- Install configuration: ""
[1.090s] -- Execute custom install script
[1.091s] -- Symlinking: /root/ros2_ws/install/in424_simu/share/in424_simu/launch/spawn_robots_launch.py
[1.103s] -- Symlinking: /root/ros2_ws/install/in424_simu/share/in424_simu/launch/start_world_launch.py
[1.117s] -- Symlinking: /root/ros2_ws/install/in424_simu/share/in424_simu/worlds/env.world
[1.126s] -- Symlinking: /root/ros2_ws/install/in424_simu/share/in424_simu/worlds/env.world.save
[1.139s] -- Symlinking: /root/ros2_ws/install/in424_simu/share/in424_simu/worlds/env_base.world
[1.150s] -- Symlinking: /root/ros2_ws/install/in424_simu/share/in424_simu/models/box_1_1/model.config
[1.164s] -- Symlinking: /root/ros2_ws/install/in424_simu/share/in424_simu/models/box_1_1/model.sdf
[1.181s] -- Symlinking: /root/ros2_ws/install/in424_simu/share/in424_simu/models/box_2_2/model.config
[1.192s] -- Symlinking: /root/ros2_ws/install/in424_simu/share/in424_simu/models/box_2_2/model.sdf
[1.206s] -- Symlinking: /root/ros2_ws/install/in424_simu/share/in424_simu/models/box_3_2/model.config
[1.221s] -- Symlinking: /root/ros2_ws/install/in424_simu/share/in424_simu/models/box_3_2/model.sdf
[1.238s] -- Symlinking: /root/ros2_ws/install/in424_simu/share/in424_simu/models/small_cube/model.config
[1.256s] -- Symlinking: /root/ros2_ws/install/in424_simu/share/in424_simu/models/small_cube/model.sdf
[1.271s] -- Symlinking: /root/ros2_ws/install/in424_simu/share/in424_simu/models/walls/model.config
[1.285s] -- Symlinking: /root/ros2_ws/install/in424_simu/share/in424_simu/models/walls/model.sdf
[1.297s] -- Symlinking: /root/ros2_ws/install/in424_simu/share/in424_simu/models/walls_2/model.config
[1.307s] -- Symlinking: /root/ros2_ws/install/in424_simu/share/in424_simu/models/walls_2/model.sdf
[1.318s] -- Symlinking: /root/ros2_ws/install/in424_simu/share/in424_simu/cfg/config.rviz
[1.329s] -- Symlinking: /root/ros2_ws/install/in424_simu/share/ament_index/resource_index/package_run_dependencies/in424_simu
[1.340s] -- Symlinking: /root/ros2_ws/install/in424_simu/share/ament_index/resource_index/parent_prefix_path/in424_simu
[1.351s] -- Symlinking: /root/ros2_ws/install/in424_simu/share/in424_simu/environment/ament_prefix_path.sh
[1.361s] -- Symlinking: /root/ros2_ws/install/in424_simu/share/in424_simu/environment/ament_prefix_path.dsv
[1.377s] -- Symlinking: /root/ros2_ws/install/in424_simu/share/in424_simu/environment/path.sh
[1.388s] -- Symlinking: /root/ros2_ws/install/in424_simu/share/in424_simu/environment/path.dsv
[1.399s] -- Symlinking: /root/ros2_ws/install/in424_simu/share/in424_simu/local_setup.bash
[1.409s] -- Symlinking: /root/ros2_ws/install/in424_simu/share/in424_simu/local_setup.sh
[1.420s] -- Symlinking: /root/ros2_ws/install/in424_simu/share/in424_simu/local_setup.zsh
[1.431s] -- Symlinking: /root/ros2_ws/install/in424_simu/share/in424_simu/local_setup.dsv
[1.443s] -- Symlinking: /root/ros2_ws/install/in424_simu/share/in424_simu/package.dsv
[1.454s] -- Symlinking: /root/ros2_ws/install/in424_simu/share/ament_index/resource_index/packages/in424_simu
[1.466s] -- Symlinking: /root/ros2_ws/install/in424_simu/share/in424_simu/cmake/in424_simuConfig.cmake
[1.480s] -- Symlinking: /root/ros2_ws/install/in424_simu/share/in424_simu/cmake/in424_simuConfig-version.cmake
[1.491s] -- Symlinking: /root/ros2_ws/install/in424_simu/share/in424_simu/package.xml
[1.505s] Invoked command in '/root/ros2_ws/build/in424_simu' returned '0': CMAKE_PREFIX_PATH=/opt/ros/galactic /usr/bin/cmake --install /root/ros2_ws/build/in424_simu
