[0.064s] Invoking command in '/root/ros2_ws/build/in424_msgs': CMAKE_PREFIX_PATH=/opt/ros/galactic /usr/bin/cmake --build /root/ros2_ws/build/in424_msgs -- -j3 -l3
[0.287s] Invoked command in '/root/ros2_ws/build/in424_msgs' returned '0': CMAKE_PREFIX_PATH=/opt/ros/galactic /usr/bin/cmake --build /root/ros2_ws/build/in424_msgs -- -j3 -l3
[0.357s] Invoking command in '/root/ros2_ws/build/in424_msgs': CMAKE_PREFIX_PATH=/opt/ros/galactic /usr/bin/cmake --install /root/ros2_ws/build/in424_msgs
[0.369s] -- Install configuration: ""
[0.374s] -- Execute custom install script
[0.375s] -- Up-to-date symlink: /root/ros2_ws/install/in424_msgs/share/ament_index/resource_index/package_run_dependencies/in424_msgs
[0.375s] -- Up-to-date symlink: /root/ros2_ws/install/in424_msgs/share/ament_index/resource_index/parent_prefix_path/in424_msgs
[0.375s] -- Up-to-date symlink: /root/ros2_ws/install/in424_msgs/share/in424_msgs/environment/ament_prefix_path.sh
[0.375s] -- Up-to-date symlink: /root/ros2_ws/install/in424_msgs/share/in424_msgs/environment/ament_prefix_path.dsv
[0.375s] -- Up-to-date symlink: /root/ros2_ws/install/in424_msgs/share/in424_msgs/environment/path.sh
[0.375s] -- Up-to-date symlink: /root/ros2_ws/install/in424_msgs/share/in424_msgs/environment/path.dsv
[0.375s] -- Up-to-date symlink: /root/ros2_ws/install/in424_msgs/share/in424_msgs/local_setup.bash
[0.377s] -- Up-to-date symlink: /root/ros2_ws/install/in424_msgs/share/in424_msgs/local_setup.sh
[0.377s] -- Up-to-date symlink: /root/ros2_ws/install/in424_msgs/share/in424_msgs/local_setup.zsh
[0.377s] -- Up-to-date symlink: /root/ros2_ws/install/in424_msgs/share/in424_msgs/local_setup.dsv
[0.378s] -- Symlinking: /root/ros2_ws/install/in424_msgs/share/in424_msgs/package.dsv
[0.394s] -- Up-to-date symlink: /root/ros2_ws/install/in424_msgs/share/ament_index/resource_index/packages/in424_msgs
[0.396s] -- Up-to-date symlink: /root/ros2_ws/install/in424_msgs/share/in424_msgs/cmake/in424_msgsConfig.cmake
[0.396s] -- Up-to-date symlink: /root/ros2_ws/install/in424_msgs/share/in424_msgs/cmake/in424_msgsConfig-version.cmake
[0.396s] -- Up-to-date symlink: /root/ros2_ws/install/in424_msgs/share/in424_msgs/package.xml
[0.400s] Invoked command in '/root/ros2_ws/build/in424_msgs' returned '0': CMAKE_PREFIX_PATH=/opt/ros/galactic /usr/bin/cmake --install /root/ros2_ws/build/in424_msgs
