[0.413s] DEBUG:colcon:Command line arguments: ['/usr/bin/colcon', 'build', '--symlink-install']
[0.413s] DEBUG:colcon:Parsed command line arguments: Namespace(ament_cmake_args=None, base_paths=['.'], build_base='build', catkin_cmake_args=None, catkin_skip_building_tests=False, cmake_args=None, cmake_clean_cache=False, cmake_clean_first=False, cmake_force_configure=False, cmake_target=None, cmake_target_skip_unavailable=False, continue_on_error=False, event_handlers=None, executor='parallel', ignore_user_meta=False, install_base='install', log_base=None, log_level=None, main=<bound method BuildVerb.main of <colcon_core.verb.build.BuildVerb object at 0x7233d8c1e040>>, merge_install=False, metas=['./colcon.meta'], mixin=None, mixin_files=None, mixin_verb=('build',), packages_above=None, packages_above_and_dependencies=None, packages_above_depth=None, packages_end=None, packages_ignore=None, packages_ignore_regex=None, packages_select=None, packages_select_build_failed=False, packages_select_by_dep=None, packages_select_regex=None, packages_select_test_failures=False, packages_skip=None, packages_skip_build_finished=False, packages_skip_by_dep=None, packages_skip_regex=None, packages_skip_test_passed=False, packages_skip_up_to=None, packages_start=None, packages_up_to=None, packages_up_to_regex=None, parallel_workers=3, paths=None, symlink_install=True, test_result_base=None, verb_extension=<colcon_core.verb.build.BuildVerb object at 0x7233d8c1e040>, verb_name='build', verb_parser=<colcon_mixin.mixin.mixin_argument.MixinArgumentDecorator object at 0x7233d8c1e670>)
[0.511s] Level 1:colcon.colcon_core.package_discovery:discover_packages(colcon_meta) check parameters
[0.514s] INFO:colcon.colcon_metadata.package_discovery.colcon_meta:Using configuration from '/root/.colcon/metadata/default/Gazebo.meta'
[0.515s] INFO:colcon.colcon_metadata.package_discovery.colcon_meta:Using configuration from '/root/.colcon/metadata/default/fastdds.meta'
[0.516s] INFO:colcon.colcon_metadata.package_discovery.colcon_meta:Using configuration from '/root/.colcon/metadata/default/fastrtps.meta'
[0.517s] Level 1:colcon.colcon_core.package_discovery:discover_packages(recursive) check parameters
[0.517s] Level 1:colcon.colcon_core.package_discovery:discover_packages(ignore) check parameters
[0.517s] Level 1:colcon.colcon_core.package_discovery:discover_packages(path) check parameters
[0.517s] Level 1:colcon.colcon_core.package_discovery:discover_packages(colcon_meta) discover
[0.517s] Level 1:colcon.colcon_core.package_discovery:discover_packages(recursive) discover
[0.517s] INFO:colcon.colcon_core.package_discovery:Crawling recursively for packages in '/root/ros2_ws'
[0.517s] Level 1:colcon.colcon_core.package_identification:_identify(.) by extensions ['ignore', 'ignore_ament_install']
[0.517s] Level 1:colcon.colcon_core.package_identification:_identify(.) by extension 'ignore'
[0.517s] Level 1:colcon.colcon_core.package_identification:_identify(.) by extension 'ignore_ament_install'
[0.517s] Level 1:colcon.colcon_core.package_identification:_identify(.) by extensions ['colcon_pkg']
[0.517s] Level 1:colcon.colcon_core.package_identification:_identify(.) by extension 'colcon_pkg'
[0.517s] Level 1:colcon.colcon_core.package_identification:_identify(.) by extensions ['colcon_meta']
[0.517s] Level 1:colcon.colcon_core.package_identification:_identify(.) by extension 'colcon_meta'
[0.517s] Level 1:colcon.colcon_core.package_identification:_identify(.) by extensions ['ros']
[0.517s] Level 1:colcon.colcon_core.package_identification:_identify(.) by extension 'ros'
[0.527s] Level 1:colcon.colcon_core.package_identification:_identify(.) by extensions ['cmake', 'python']
[0.527s] Level 1:colcon.colcon_core.package_identification:_identify(.) by extension 'cmake'
[0.527s] Level 1:colcon.colcon_core.package_identification:_identify(.) by extension 'python'
[0.527s] Level 1:colcon.colcon_core.package_identification:_identify(.) by extensions ['python_setup_py']
[0.527s] Level 1:colcon.colcon_core.package_identification:_identify(.) by extension 'python_setup_py'
[0.527s] Level 1:colcon.colcon_core.package_identification:_identify(build) by extensions ['ignore', 'ignore_ament_install']
[0.527s] Level 1:colcon.colcon_core.package_identification:_identify(build) by extension 'ignore'
[0.527s] Level 1:colcon.colcon_core.package_identification:_identify(build) ignored
[0.527s] Level 1:colcon.colcon_core.package_identification:_identify(install) by extensions ['ignore', 'ignore_ament_install']
[0.527s] Level 1:colcon.colcon_core.package_identification:_identify(install) by extension 'ignore'
[0.527s] Level 1:colcon.colcon_core.package_identification:_identify(install) ignored
[0.527s] Level 1:colcon.colcon_core.package_identification:_identify(log) by extensions ['ignore', 'ignore_ament_install']
[0.527s] Level 1:colcon.colcon_core.package_identification:_identify(log) by extension 'ignore'
[0.527s] Level 1:colcon.colcon_core.package_identification:_identify(log) ignored
[0.527s] Level 1:colcon.colcon_core.package_identification:_identify(src) by extensions ['ignore', 'ignore_ament_install']
[0.527s] Level 1:colcon.colcon_core.package_identification:_identify(src) by extension 'ignore'
[0.527s] Level 1:colcon.colcon_core.package_identification:_identify(src) by extension 'ignore_ament_install'
[0.528s] Level 1:colcon.colcon_core.package_identification:_identify(src) by extensions ['colcon_pkg']
[0.528s] Level 1:colcon.colcon_core.package_identification:_identify(src) by extension 'colcon_pkg'
[0.528s] Level 1:colcon.colcon_core.package_identification:_identify(src) by extensions ['colcon_meta']
[0.528s] Level 1:colcon.colcon_core.package_identification:_identify(src) by extension 'colcon_meta'
[0.528s] Level 1:colcon.colcon_core.package_identification:_identify(src) by extensions ['ros']
[0.528s] Level 1:colcon.colcon_core.package_identification:_identify(src) by extension 'ros'
[0.528s] Level 1:colcon.colcon_core.package_identification:_identify(src) by extensions ['cmake', 'python']
[0.528s] Level 1:colcon.colcon_core.package_identification:_identify(src) by extension 'cmake'
[0.528s] Level 1:colcon.colcon_core.package_identification:_identify(src) by extension 'python'
[0.528s] Level 1:colcon.colcon_core.package_identification:_identify(src) by extensions ['python_setup_py']
[0.528s] Level 1:colcon.colcon_core.package_identification:_identify(src) by extension 'python_setup_py'
[0.528s] Level 1:colcon.colcon_core.package_identification:_identify(src/IN424) by extensions ['ignore', 'ignore_ament_install']
[0.528s] Level 1:colcon.colcon_core.package_identification:_identify(src/IN424) by extension 'ignore'
[0.528s] Level 1:colcon.colcon_core.package_identification:_identify(src/IN424) by extension 'ignore_ament_install'
[0.528s] Level 1:colcon.colcon_core.package_identification:_identify(src/IN424) by extensions ['colcon_pkg']
[0.528s] Level 1:colcon.colcon_core.package_identification:_identify(src/IN424) by extension 'colcon_pkg'
[0.528s] Level 1:colcon.colcon_core.package_identification:_identify(src/IN424) by extensions ['colcon_meta']
[0.528s] Level 1:colcon.colcon_core.package_identification:_identify(src/IN424) by extension 'colcon_meta'
[0.528s] Level 1:colcon.colcon_core.package_identification:_identify(src/IN424) by extensions ['ros']
[0.528s] Level 1:colcon.colcon_core.package_identification:_identify(src/IN424) by extension 'ros'
[0.528s] Level 1:colcon.colcon_core.package_identification:_identify(src/IN424) by extensions ['cmake', 'python']
[0.528s] Level 1:colcon.colcon_core.package_identification:_identify(src/IN424) by extension 'cmake'
[0.528s] Level 1:colcon.colcon_core.package_identification:_identify(src/IN424) by extension 'python'
[0.528s] Level 1:colcon.colcon_core.package_identification:_identify(src/IN424) by extensions ['python_setup_py']
[0.528s] Level 1:colcon.colcon_core.package_identification:_identify(src/IN424) by extension 'python_setup_py'
[0.529s] Level 1:colcon.colcon_core.package_identification:_identify(src/IN424/in424_desc) by extensions ['ignore', 'ignore_ament_install']
[0.529s] Level 1:colcon.colcon_core.package_identification:_identify(src/IN424/in424_desc) by extension 'ignore'
[0.529s] Level 1:colcon.colcon_core.package_identification:_identify(src/IN424/in424_desc) by extension 'ignore_ament_install'
[0.529s] Level 1:colcon.colcon_core.package_identification:_identify(src/IN424/in424_desc) by extensions ['colcon_pkg']
[0.529s] Level 1:colcon.colcon_core.package_identification:_identify(src/IN424/in424_desc) by extension 'colcon_pkg'
[0.529s] Level 1:colcon.colcon_core.package_identification:_identify(src/IN424/in424_desc) by extensions ['colcon_meta']
[0.529s] Level 1:colcon.colcon_core.package_identification:_identify(src/IN424/in424_desc) by extension 'colcon_meta'
[0.529s] Level 1:colcon.colcon_core.package_identification:_identify(src/IN424/in424_desc) by extensions ['ros']
[0.529s] Level 1:colcon.colcon_core.package_identification:_identify(src/IN424/in424_desc) by extension 'ros'
[0.531s] DEBUG:colcon.colcon_core.package_identification:Package 'src/IN424/in424_desc' with type 'ros.ament_cmake' and name 'in424_desc'
[0.531s] Level 1:colcon.colcon_core.package_identification:_identify(src/IN424/in424_msgs) by extensions ['ignore', 'ignore_ament_install']
[0.531s] Level 1:colcon.colcon_core.package_identification:_identify(src/IN424/in424_msgs) by extension 'ignore'
[0.531s] Level 1:colcon.colcon_core.package_identification:_identify(src/IN424/in424_msgs) by extension 'ignore_ament_install'
[0.531s] Level 1:colcon.colcon_core.package_identification:_identify(src/IN424/in424_msgs) by extensions ['colcon_pkg']
[0.531s] Level 1:colcon.colcon_core.package_identification:_identify(src/IN424/in424_msgs) by extension 'colcon_pkg'
[0.531s] Level 1:colcon.colcon_core.package_identification:_identify(src/IN424/in424_msgs) by extensions ['colcon_meta']
[0.531s] Level 1:colcon.colcon_core.package_identification:_identify(src/IN424/in424_msgs) by extension 'colcon_meta'
[0.531s] Level 1:colcon.colcon_core.package_identification:_identify(src/IN424/in424_msgs) by extensions ['ros']
[0.531s] Level 1:colcon.colcon_core.package_identification:_identify(src/IN424/in424_msgs) by extension 'ros'
[0.531s] DEBUG:colcon.colcon_core.package_identification:Package 'src/IN424/in424_msgs' with type 'ros.ament_cmake' and name 'in424_msgs'
[0.531s] Level 1:colcon.colcon_core.package_identification:_identify(src/IN424/in424_nav) by extensions ['ignore', 'ignore_ament_install']
[0.532s] Level 1:colcon.colcon_core.package_identification:_identify(src/IN424/in424_nav) by extension 'ignore'
[0.532s] Level 1:colcon.colcon_core.package_identification:_identify(src/IN424/in424_nav) by extension 'ignore_ament_install'
[0.532s] Level 1:colcon.colcon_core.package_identification:_identify(src/IN424/in424_nav) by extensions ['colcon_pkg']
[0.532s] Level 1:colcon.colcon_core.package_identification:_identify(src/IN424/in424_nav) by extension 'colcon_pkg'
[0.532s] Level 1:colcon.colcon_core.package_identification:_identify(src/IN424/in424_nav) by extensions ['colcon_meta']
[0.532s] Level 1:colcon.colcon_core.package_identification:_identify(src/IN424/in424_nav) by extension 'colcon_meta'
[0.532s] Level 1:colcon.colcon_core.package_identification:_identify(src/IN424/in424_nav) by extensions ['ros']
[0.532s] Level 1:colcon.colcon_core.package_identification:_identify(src/IN424/in424_nav) by extension 'ros'
[0.533s] DEBUG:colcon.colcon_core.package_identification:Package 'src/IN424/in424_nav' with type 'ros.ament_python' and name 'in424_nav'
[0.533s] Level 1:colcon.colcon_core.package_identification:_identify(src/IN424/in424_simu) by extensions ['ignore', 'ignore_ament_install']
[0.533s] Level 1:colcon.colcon_core.package_identification:_identify(src/IN424/in424_simu) by extension 'ignore'
[0.534s] Level 1:colcon.colcon_core.package_identification:_identify(src/IN424/in424_simu) by extension 'ignore_ament_install'
[0.534s] Level 1:colcon.colcon_core.package_identification:_identify(src/IN424/in424_simu) by extensions ['colcon_pkg']
[0.534s] Level 1:colcon.colcon_core.package_identification:_identify(src/IN424/in424_simu) by extension 'colcon_pkg'
[0.534s] Level 1:colcon.colcon_core.package_identification:_identify(src/IN424/in424_simu) by extensions ['colcon_meta']
[0.534s] Level 1:colcon.colcon_core.package_identification:_identify(src/IN424/in424_simu) by extension 'colcon_meta'
[0.534s] Level 1:colcon.colcon_core.package_identification:_identify(src/IN424/in424_simu) by extensions ['ros']
[0.534s] Level 1:colcon.colcon_core.package_identification:_identify(src/IN424/in424_simu) by extension 'ros'
[0.534s] DEBUG:colcon.colcon_core.package_identification:Package 'src/IN424/in424_simu' with type 'ros.ament_cmake' and name 'in424_simu'
[0.534s] Level 1:colcon.colcon_core.package_discovery:discover_packages(recursive) using defaults
[0.534s] Level 1:colcon.colcon_core.package_discovery:discover_packages(ignore) discover
[0.534s] Level 1:colcon.colcon_core.package_discovery:discover_packages(ignore) using defaults
[0.534s] Level 1:colcon.colcon_core.package_discovery:discover_packages(path) discover
[0.534s] Level 1:colcon.colcon_core.package_discovery:discover_packages(path) using defaults
[0.593s] Level 5:colcon.colcon_core.verb:set package 'in424_desc' build argument 'cmake_args' from command line to 'None'
[0.593s] Level 5:colcon.colcon_core.verb:set package 'in424_desc' build argument 'cmake_target' from command line to 'None'
[0.593s] Level 5:colcon.colcon_core.verb:set package 'in424_desc' build argument 'cmake_target_skip_unavailable' from command line to 'False'
[0.593s] Level 5:colcon.colcon_core.verb:set package 'in424_desc' build argument 'cmake_clean_cache' from command line to 'False'
[0.593s] Level 5:colcon.colcon_core.verb:set package 'in424_desc' build argument 'cmake_clean_first' from command line to 'False'
[0.593s] Level 5:colcon.colcon_core.verb:set package 'in424_desc' build argument 'cmake_force_configure' from command line to 'False'
[0.593s] Level 5:colcon.colcon_core.verb:set package 'in424_desc' build argument 'ament_cmake_args' from command line to 'None'
[0.593s] Level 5:colcon.colcon_core.verb:set package 'in424_desc' build argument 'catkin_cmake_args' from command line to 'None'
[0.593s] Level 5:colcon.colcon_core.verb:set package 'in424_desc' build argument 'catkin_skip_building_tests' from command line to 'False'
[0.593s] DEBUG:colcon.colcon_core.verb:Building package 'in424_desc' with the following arguments: {'ament_cmake_args': None, 'build_base': '/root/ros2_ws/build/in424_desc', 'catkin_cmake_args': None, 'catkin_skip_building_tests': False, 'cmake_args': None, 'cmake_clean_cache': False, 'cmake_clean_first': False, 'cmake_force_configure': False, 'cmake_target': None, 'cmake_target_skip_unavailable': False, 'install_base': '/root/ros2_ws/install/in424_desc', 'merge_install': False, 'path': '/root/ros2_ws/src/IN424/in424_desc', 'symlink_install': True, 'test_result_base': None}
[0.594s] Level 5:colcon.colcon_core.verb:set package 'in424_msgs' build argument 'cmake_args' from command line to 'None'
[0.594s] Level 5:colcon.colcon_core.verb:set package 'in424_msgs' build argument 'cmake_target' from command line to 'None'
[0.594s] Level 5:colcon.colcon_core.verb:set package 'in424_msgs' build argument 'cmake_target_skip_unavailable' from command line to 'False'
[0.594s] Level 5:colcon.colcon_core.verb:set package 'in424_msgs' build argument 'cmake_clean_cache' from command line to 'False'
[0.594s] Level 5:colcon.colcon_core.verb:set package 'in424_msgs' build argument 'cmake_clean_first' from command line to 'False'
[0.594s] Level 5:colcon.colcon_core.verb:set package 'in424_msgs' build argument 'cmake_force_configure' from command line to 'False'
[0.594s] Level 5:colcon.colcon_core.verb:set package 'in424_msgs' build argument 'ament_cmake_args' from command line to 'None'
[0.594s] Level 5:colcon.colcon_core.verb:set package 'in424_msgs' build argument 'catkin_cmake_args' from command line to 'None'
[0.594s] Level 5:colcon.colcon_core.verb:set package 'in424_msgs' build argument 'catkin_skip_building_tests' from command line to 'False'
[0.594s] DEBUG:colcon.colcon_core.verb:Building package 'in424_msgs' with the following arguments: {'ament_cmake_args': None, 'build_base': '/root/ros2_ws/build/in424_msgs', 'catkin_cmake_args': None, 'catkin_skip_building_tests': False, 'cmake_args': None, 'cmake_clean_cache': False, 'cmake_clean_first': False, 'cmake_force_configure': False, 'cmake_target': None, 'cmake_target_skip_unavailable': False, 'install_base': '/root/ros2_ws/install/in424_msgs', 'merge_install': False, 'path': '/root/ros2_ws/src/IN424/in424_msgs', 'symlink_install': True, 'test_result_base': None}
[0.595s] Level 5:colcon.colcon_core.verb:set package 'in424_nav' build argument 'cmake_args' from command line to 'None'
[0.595s] Level 5:colcon.colcon_core.verb:set package 'in424_nav' build argument 'cmake_target' from command line to 'None'
[0.595s] Level 5:colcon.colcon_core.verb:set package 'in424_nav' build argument 'cmake_target_skip_unavailable' from command line to 'False'
[0.595s] Level 5:colcon.colcon_core.verb:set package 'in424_nav' build argument 'cmake_clean_cache' from command line to 'False'
[0.595s] Level 5:colcon.colcon_core.verb:set package 'in424_nav' build argument 'cmake_clean_first' from command line to 'False'
[0.595s] Level 5:colcon.colcon_core.verb:set package 'in424_nav' build argument 'cmake_force_configure' from command line to 'False'
[0.595s] Level 5:colcon.colcon_core.verb:set package 'in424_nav' build argument 'ament_cmake_args' from command line to 'None'
[0.595s] Level 5:colcon.colcon_core.verb:set package 'in424_nav' build argument 'catkin_cmake_args' from command line to 'None'
[0.595s] Level 5:colcon.colcon_core.verb:set package 'in424_nav' build argument 'catkin_skip_building_tests' from command line to 'False'
[0.595s] DEBUG:colcon.colcon_core.verb:Building package 'in424_nav' with the following arguments: {'ament_cmake_args': None, 'build_base': '/root/ros2_ws/build/in424_nav', 'catkin_cmake_args': None, 'catkin_skip_building_tests': False, 'cmake_args': None, 'cmake_clean_cache': False, 'cmake_clean_first': False, 'cmake_force_configure': False, 'cmake_target': None, 'cmake_target_skip_unavailable': False, 'install_base': '/root/ros2_ws/install/in424_nav', 'merge_install': False, 'path': '/root/ros2_ws/src/IN424/in424_nav', 'symlink_install': True, 'test_result_base': None}
[0.596s] Level 5:colcon.colcon_core.verb:set package 'in424_simu' build argument 'cmake_args' from command line to 'None'
[0.596s] Level 5:colcon.colcon_core.verb:set package 'in424_simu' build argument 'cmake_target' from command line to 'None'
[0.596s] Level 5:colcon.colcon_core.verb:set package 'in424_simu' build argument 'cmake_target_skip_unavailable' from command line to 'False'
[0.596s] Level 5:colcon.colcon_core.verb:set package 'in424_simu' build argument 'cmake_clean_cache' from command line to 'False'
[0.596s] Level 5:colcon.colcon_core.verb:set package 'in424_simu' build argument 'cmake_clean_first' from command line to 'False'
[0.596s] Level 5:colcon.colcon_core.verb:set package 'in424_simu' build argument 'cmake_force_configure' from command line to 'False'
[0.596s] Level 5:colcon.colcon_core.verb:set package 'in424_simu' build argument 'ament_cmake_args' from command line to 'None'
[0.596s] Level 5:colcon.colcon_core.verb:set package 'in424_simu' build argument 'catkin_cmake_args' from command line to 'None'
[0.596s] Level 5:colcon.colcon_core.verb:set package 'in424_simu' build argument 'catkin_skip_building_tests' from command line to 'False'
[0.596s] DEBUG:colcon.colcon_core.verb:Building package 'in424_simu' with the following arguments: {'ament_cmake_args': None, 'build_base': '/root/ros2_ws/build/in424_simu', 'catkin_cmake_args': None, 'catkin_skip_building_tests': False, 'cmake_args': None, 'cmake_clean_cache': False, 'cmake_clean_first': False, 'cmake_force_configure': False, 'cmake_target': None, 'cmake_target_skip_unavailable': False, 'install_base': '/root/ros2_ws/install/in424_simu', 'merge_install': False, 'path': '/root/ros2_ws/src/IN424/in424_simu', 'symlink_install': True, 'test_result_base': None}
[0.596s] INFO:colcon.colcon_core.executor:Executing jobs using 'parallel' executor
[0.600s] DEBUG:colcon.colcon_parallel_executor.executor.parallel:run_until_complete
[0.601s] INFO:colcon.colcon_ros.task.ament_cmake.build:Building ROS package in '/root/ros2_ws/src/IN424/in424_desc' with build type 'ament_cmake'
[0.601s] INFO:colcon.colcon_cmake.task.cmake.build:Building CMake package in '/root/ros2_ws/src/IN424/in424_desc'
[0.633s] INFO:colcon.colcon_core.plugin_system:Skipping extension 'colcon_core.shell.bat': Not used on non-Windows systems
[0.634s] INFO:colcon.colcon_core.shell:Skip shell extension 'powershell' for command environment: Not usable outside of PowerShell
[0.634s] DEBUG:colcon.colcon_core.shell:Skip shell extension 'dsv' for command environment
[0.653s] INFO:colcon.colcon_ros.task.ament_cmake.build:Building ROS package in '/root/ros2_ws/src/IN424/in424_msgs' with build type 'ament_cmake'
[0.653s] INFO:colcon.colcon_cmake.task.cmake.build:Building CMake package in '/root/ros2_ws/src/IN424/in424_msgs'
[0.655s] INFO:colcon.colcon_core.shell:Skip shell extension 'powershell' for command environment: Not usable outside of PowerShell
[0.656s] DEBUG:colcon.colcon_core.shell:Skip shell extension 'dsv' for command environment
[0.667s] INFO:colcon.colcon_ros.task.ament_python.build:Building ROS package in '/root/ros2_ws/src/IN424/in424_nav' with build type 'ament_python'
[0.667s] Level 1:colcon.colcon_core.shell:create_environment_hook('in424_nav', 'ament_prefix_path')
[0.669s] INFO:colcon.colcon_core.shell:Creating environment hook '/root/ros2_ws/install/in424_nav/share/in424_nav/hook/ament_prefix_path.ps1'
[0.672s] INFO:colcon.colcon_core.shell:Creating environment descriptor '/root/ros2_ws/install/in424_nav/share/in424_nav/hook/ament_prefix_path.dsv'
[0.676s] INFO:colcon.colcon_core.shell:Creating environment hook '/root/ros2_ws/install/in424_nav/share/in424_nav/hook/ament_prefix_path.sh'
[0.687s] INFO:colcon.colcon_core.shell:Skip shell extension 'powershell' for command environment: Not usable outside of PowerShell
[0.687s] DEBUG:colcon.colcon_core.shell:Skip shell extension 'dsv' for command environment
[0.714s] DEBUG:colcon.colcon_core.event_handler.log_command:Invoking command in '/root/ros2_ws/build/in424_desc': CMAKE_PREFIX_PATH=/opt/ros/galactic /usr/bin/cmake --build /root/ros2_ws/build/in424_desc -- -j3 -l3
[0.725s] DEBUG:colcon.colcon_core.event_handler.log_command:Invoking command in '/root/ros2_ws/build/in424_msgs': CMAKE_PREFIX_PATH=/opt/ros/galactic /usr/bin/cmake --build /root/ros2_ws/build/in424_msgs -- -j3 -l3
[0.938s] INFO:colcon.colcon_core.task.python.build:Building Python package in '/root/ros2_ws/src/IN424/in424_nav'
[0.939s] INFO:colcon.colcon_core.shell:Skip shell extension 'powershell' for command environment: Not usable outside of PowerShell
[0.939s] DEBUG:colcon.colcon_core.shell:Skip shell extension 'dsv' for command environment
[0.951s] DEBUG:colcon.colcon_core.event_handler.log_command:Invoked command in '/root/ros2_ws/build/in424_msgs' returned '0': CMAKE_PREFIX_PATH=/opt/ros/galactic /usr/bin/cmake --build /root/ros2_ws/build/in424_msgs -- -j3 -l3
[0.956s] DEBUG:colcon.colcon_core.event_handler.log_command:Invoked command in '/root/ros2_ws/build/in424_desc' returned '0': CMAKE_PREFIX_PATH=/opt/ros/galactic /usr/bin/cmake --build /root/ros2_ws/build/in424_desc -- -j3 -l3
[1.016s] DEBUG:colcon.colcon_core.event_handler.log_command:Invoking command in '/root/ros2_ws/build/in424_msgs': CMAKE_PREFIX_PATH=/opt/ros/galactic /usr/bin/cmake --install /root/ros2_ws/build/in424_msgs
[1.027s] DEBUG:colcon.colcon_core.event_handler.log_command:Invoking command in '/root/ros2_ws/build/in424_desc': CMAKE_PREFIX_PATH=/opt/ros/galactic /usr/bin/cmake --install /root/ros2_ws/build/in424_desc
[1.051s] Level 1:colcon.colcon_core.environment:create_environment_scripts_only(in424_msgs)
[1.052s] DEBUG:colcon.colcon_core.event_handler.log_command:Invoked command in '/root/ros2_ws/build/in424_msgs' returned '0': CMAKE_PREFIX_PATH=/opt/ros/galactic /usr/bin/cmake --install /root/ros2_ws/build/in424_msgs
[1.081s] Level 1:colcon.colcon_core.environment:checking '/root/ros2_ws/install/in424_msgs' for CMake module files
[1.082s] Level 1:colcon.colcon_core.environment:checking '/root/ros2_ws/install/in424_msgs' for CMake config files
[1.082s] Level 1:colcon.colcon_core.shell:create_environment_hook('in424_msgs', 'cmake_prefix_path')
[1.084s] INFO:colcon.colcon_core.shell:Creating environment hook '/root/ros2_ws/install/in424_msgs/share/in424_msgs/hook/cmake_prefix_path.ps1'
[1.084s] INFO:colcon.colcon_core.shell:Creating environment descriptor '/root/ros2_ws/install/in424_msgs/share/in424_msgs/hook/cmake_prefix_path.dsv'
[1.085s] INFO:colcon.colcon_core.shell:Creating environment hook '/root/ros2_ws/install/in424_msgs/share/in424_msgs/hook/cmake_prefix_path.sh'
[1.086s] Level 1:colcon.colcon_core.environment:checking '/root/ros2_ws/install/in424_msgs/bin'
[1.086s] Level 1:colcon.colcon_core.environment:checking '/root/ros2_ws/install/in424_msgs/lib/pkgconfig/in424_msgs.pc'
[1.086s] Level 1:colcon.colcon_core.environment:checking '/root/ros2_ws/install/in424_msgs/lib/python3.8/site-packages'
[1.087s] Level 1:colcon.colcon_core.environment:checking '/root/ros2_ws/install/in424_msgs/bin'
[1.087s] INFO:colcon.colcon_core.shell:Creating package script '/root/ros2_ws/install/in424_msgs/share/in424_msgs/package.ps1'
[1.090s] INFO:colcon.colcon_core.shell:Creating package descriptor '/root/ros2_ws/install/in424_msgs/share/in424_msgs/package.dsv'
[1.091s] INFO:colcon.colcon_core.shell:Creating package script '/root/ros2_ws/install/in424_msgs/share/in424_msgs/package.sh'
[1.095s] INFO:colcon.colcon_core.shell:Creating package script '/root/ros2_ws/install/in424_msgs/share/in424_msgs/package.bash'
[1.098s] INFO:colcon.colcon_core.shell:Creating package script '/root/ros2_ws/install/in424_msgs/share/in424_msgs/package.zsh'
[1.101s] Level 1:colcon.colcon_core.environment:create_file_with_runtime_dependencies(/root/ros2_ws/install/in424_msgs/share/colcon-core/packages/in424_msgs)
[1.106s] Level 1:colcon.colcon_core.environment:create_environment_scripts_only(in424_desc)
[1.108s] Level 1:colcon.colcon_core.environment:checking '/root/ros2_ws/install/in424_desc' for CMake module files
[1.109s] Level 1:colcon.colcon_core.environment:checking '/root/ros2_ws/install/in424_desc' for CMake config files
[1.109s] Level 1:colcon.colcon_core.shell:create_environment_hook('in424_desc', 'cmake_prefix_path')
[1.110s] INFO:colcon.colcon_core.shell:Creating environment hook '/root/ros2_ws/install/in424_desc/share/in424_desc/hook/cmake_prefix_path.ps1'
[1.107s] DEBUG:colcon.colcon_core.event_handler.log_command:Invoked command in '/root/ros2_ws/build/in424_desc' returned '0': CMAKE_PREFIX_PATH=/opt/ros/galactic /usr/bin/cmake --install /root/ros2_ws/build/in424_desc
[1.111s] INFO:colcon.colcon_core.shell:Creating environment descriptor '/root/ros2_ws/install/in424_desc/share/in424_desc/hook/cmake_prefix_path.dsv'
[1.111s] INFO:colcon.colcon_core.shell:Creating environment hook '/root/ros2_ws/install/in424_desc/share/in424_desc/hook/cmake_prefix_path.sh'
[1.112s] Level 1:colcon.colcon_core.environment:checking '/root/ros2_ws/install/in424_desc/bin'
[1.112s] Level 1:colcon.colcon_core.environment:checking '/root/ros2_ws/install/in424_desc/lib/pkgconfig/in424_desc.pc'
[1.112s] Level 1:colcon.colcon_core.environment:checking '/root/ros2_ws/install/in424_desc/lib/python3.8/site-packages'
[1.113s] Level 1:colcon.colcon_core.environment:checking '/root/ros2_ws/install/in424_desc/bin'
[1.114s] INFO:colcon.colcon_core.shell:Creating package script '/root/ros2_ws/install/in424_desc/share/in424_desc/package.ps1'
[1.114s] INFO:colcon.colcon_core.shell:Creating package descriptor '/root/ros2_ws/install/in424_desc/share/in424_desc/package.dsv'
[1.115s] INFO:colcon.colcon_core.shell:Creating package script '/root/ros2_ws/install/in424_desc/share/in424_desc/package.sh'
[1.115s] INFO:colcon.colcon_core.shell:Creating package script '/root/ros2_ws/install/in424_desc/share/in424_desc/package.bash'
[1.116s] INFO:colcon.colcon_core.shell:Creating package script '/root/ros2_ws/install/in424_desc/share/in424_desc/package.zsh'
[1.117s] Level 1:colcon.colcon_core.environment:create_file_with_runtime_dependencies(/root/ros2_ws/install/in424_desc/share/colcon-core/packages/in424_desc)
[1.144s] Level 1:colcon.colcon_core.environment:create_environment_scripts_only(in424_msgs)
[1.146s] Level 1:colcon.colcon_core.environment:checking '/root/ros2_ws/install/in424_msgs' for CMake module files
[1.146s] Level 1:colcon.colcon_core.environment:checking '/root/ros2_ws/install/in424_msgs' for CMake config files
[1.147s] Level 1:colcon.colcon_core.shell:create_environment_hook('in424_msgs', 'cmake_prefix_path')
[1.148s] INFO:colcon.colcon_core.shell:Creating environment hook '/root/ros2_ws/install/in424_msgs/share/in424_msgs/hook/cmake_prefix_path.ps1'
[1.149s] INFO:colcon.colcon_core.shell:Creating environment descriptor '/root/ros2_ws/install/in424_msgs/share/in424_msgs/hook/cmake_prefix_path.dsv'
[1.150s] INFO:colcon.colcon_core.shell:Creating environment hook '/root/ros2_ws/install/in424_msgs/share/in424_msgs/hook/cmake_prefix_path.sh'
[1.152s] Level 1:colcon.colcon_core.environment:checking '/root/ros2_ws/install/in424_msgs/bin'
[1.152s] Level 1:colcon.colcon_core.environment:checking '/root/ros2_ws/install/in424_msgs/lib/pkgconfig/in424_msgs.pc'
[1.153s] Level 1:colcon.colcon_core.environment:checking '/root/ros2_ws/install/in424_msgs/lib/python3.8/site-packages'
[1.153s] Level 1:colcon.colcon_core.environment:checking '/root/ros2_ws/install/in424_msgs/bin'
[1.154s] INFO:colcon.colcon_core.shell:Creating package script '/root/ros2_ws/install/in424_msgs/share/in424_msgs/package.ps1'
[1.155s] INFO:colcon.colcon_core.shell:Creating package descriptor '/root/ros2_ws/install/in424_msgs/share/in424_msgs/package.dsv'
[1.155s] INFO:colcon.colcon_core.shell:Creating package script '/root/ros2_ws/install/in424_msgs/share/in424_msgs/package.sh'
[1.156s] INFO:colcon.colcon_core.shell:Creating package script '/root/ros2_ws/install/in424_msgs/share/in424_msgs/package.bash'
[1.157s] INFO:colcon.colcon_core.shell:Creating package script '/root/ros2_ws/install/in424_msgs/share/in424_msgs/package.zsh'
[1.158s] Level 1:colcon.colcon_core.environment:create_file_with_runtime_dependencies(/root/ros2_ws/install/in424_msgs/share/colcon-core/packages/in424_msgs)
[1.162s] INFO:colcon.colcon_ros.task.ament_cmake.build:Building ROS package in '/root/ros2_ws/src/IN424/in424_simu' with build type 'ament_cmake'
[1.163s] INFO:colcon.colcon_cmake.task.cmake.build:Building CMake package in '/root/ros2_ws/src/IN424/in424_simu'
[1.164s] INFO:colcon.colcon_core.shell:Skip shell extension 'powershell' for command environment: Not usable outside of PowerShell
[1.164s] DEBUG:colcon.colcon_core.shell:Skip shell extension 'dsv' for command environment
[1.179s] Level 1:colcon.colcon_core.environment:create_environment_scripts_only(in424_desc)
[1.181s] Level 1:colcon.colcon_core.environment:checking '/root/ros2_ws/install/in424_desc' for CMake module files
[1.182s] Level 1:colcon.colcon_core.environment:checking '/root/ros2_ws/install/in424_desc' for CMake config files
[1.182s] Level 1:colcon.colcon_core.shell:create_environment_hook('in424_desc', 'cmake_prefix_path')
[1.183s] INFO:colcon.colcon_core.shell:Creating environment hook '/root/ros2_ws/install/in424_desc/share/in424_desc/hook/cmake_prefix_path.ps1'
[1.184s] INFO:colcon.colcon_core.shell:Creating environment descriptor '/root/ros2_ws/install/in424_desc/share/in424_desc/hook/cmake_prefix_path.dsv'
[1.185s] INFO:colcon.colcon_core.shell:Creating environment hook '/root/ros2_ws/install/in424_desc/share/in424_desc/hook/cmake_prefix_path.sh'
[1.186s] Level 1:colcon.colcon_core.environment:checking '/root/ros2_ws/install/in424_desc/bin'
[1.186s] Level 1:colcon.colcon_core.environment:checking '/root/ros2_ws/install/in424_desc/lib/pkgconfig/in424_desc.pc'
[1.186s] Level 1:colcon.colcon_core.environment:checking '/root/ros2_ws/install/in424_desc/lib/python3.8/site-packages'
[1.186s] Level 1:colcon.colcon_core.environment:checking '/root/ros2_ws/install/in424_desc/bin'
[1.187s] INFO:colcon.colcon_core.shell:Creating package script '/root/ros2_ws/install/in424_desc/share/in424_desc/package.ps1'
[1.188s] INFO:colcon.colcon_core.shell:Creating package descriptor '/root/ros2_ws/install/in424_desc/share/in424_desc/package.dsv'
[1.189s] INFO:colcon.colcon_core.shell:Creating package script '/root/ros2_ws/install/in424_desc/share/in424_desc/package.sh'
[1.190s] INFO:colcon.colcon_core.shell:Creating package script '/root/ros2_ws/install/in424_desc/share/in424_desc/package.bash'
[1.191s] INFO:colcon.colcon_core.shell:Creating package script '/root/ros2_ws/install/in424_desc/share/in424_desc/package.zsh'
[1.191s] Level 1:colcon.colcon_core.environment:create_file_with_runtime_dependencies(/root/ros2_ws/install/in424_desc/share/colcon-core/packages/in424_desc)
[1.224s] DEBUG:colcon.colcon_core.event_handler.log_command:Invoking command in '/root/ros2_ws/build/in424_simu': CMAKE_PREFIX_PATH=/opt/ros/galactic /usr/bin/cmake --build /root/ros2_ws/build/in424_simu -- -j3 -l3
[1.312s] DEBUG:colcon.colcon_core.event_handler.log_command:Invoked command in '/root/ros2_ws/build/in424_simu' returned '0': CMAKE_PREFIX_PATH=/opt/ros/galactic /usr/bin/cmake --build /root/ros2_ws/build/in424_simu -- -j3 -l3
[1.357s] DEBUG:colcon.colcon_core.event_handler.log_command:Invoking command in '/root/ros2_ws/build/in424_simu': CMAKE_PREFIX_PATH=/opt/ros/galactic /usr/bin/cmake --install /root/ros2_ws/build/in424_simu
[1.406s] Level 1:colcon.colcon_core.environment:create_environment_scripts_only(in424_simu)
[1.408s] Level 1:colcon.colcon_core.environment:checking '/root/ros2_ws/install/in424_simu' for CMake module files
[1.409s] DEBUG:colcon.colcon_core.event_handler.log_command:Invoked command in '/root/ros2_ws/build/in424_simu' returned '0': CMAKE_PREFIX_PATH=/opt/ros/galactic /usr/bin/cmake --install /root/ros2_ws/build/in424_simu
[1.409s] Level 1:colcon.colcon_core.environment:checking '/root/ros2_ws/install/in424_simu' for CMake config files
[1.409s] Level 1:colcon.colcon_core.shell:create_environment_hook('in424_simu', 'cmake_prefix_path')
[1.411s] INFO:colcon.colcon_core.shell:Creating environment hook '/root/ros2_ws/install/in424_simu/share/in424_simu/hook/cmake_prefix_path.ps1'
[1.412s] INFO:colcon.colcon_core.shell:Creating environment descriptor '/root/ros2_ws/install/in424_simu/share/in424_simu/hook/cmake_prefix_path.dsv'
[1.414s] INFO:colcon.colcon_core.shell:Creating environment hook '/root/ros2_ws/install/in424_simu/share/in424_simu/hook/cmake_prefix_path.sh'
[1.418s] Level 1:colcon.colcon_core.environment:checking '/root/ros2_ws/install/in424_simu/bin'
[1.419s] Level 1:colcon.colcon_core.environment:checking '/root/ros2_ws/install/in424_simu/lib/pkgconfig/in424_simu.pc'
[1.419s] Level 1:colcon.colcon_core.environment:checking '/root/ros2_ws/install/in424_simu/lib/python3.8/site-packages'
[1.419s] Level 1:colcon.colcon_core.environment:checking '/root/ros2_ws/install/in424_simu/bin'
[1.421s] INFO:colcon.colcon_core.shell:Creating package script '/root/ros2_ws/install/in424_simu/share/in424_simu/package.ps1'
[1.422s] INFO:colcon.colcon_core.shell:Creating package descriptor '/root/ros2_ws/install/in424_simu/share/in424_simu/package.dsv'
[1.423s] INFO:colcon.colcon_core.shell:Creating package script '/root/ros2_ws/install/in424_simu/share/in424_simu/package.sh'
[1.424s] INFO:colcon.colcon_core.shell:Creating package script '/root/ros2_ws/install/in424_simu/share/in424_simu/package.bash'
[1.424s] INFO:colcon.colcon_core.shell:Creating package script '/root/ros2_ws/install/in424_simu/share/in424_simu/package.zsh'
[1.425s] Level 1:colcon.colcon_core.environment:create_file_with_runtime_dependencies(/root/ros2_ws/install/in424_simu/share/colcon-core/packages/in424_simu)
[1.472s] Level 1:colcon.colcon_core.environment:create_environment_scripts_only(in424_simu)
[1.474s] Level 1:colcon.colcon_core.environment:checking '/root/ros2_ws/install/in424_simu' for CMake module files
[1.474s] Level 1:colcon.colcon_core.environment:checking '/root/ros2_ws/install/in424_simu' for CMake config files
[1.474s] Level 1:colcon.colcon_core.shell:create_environment_hook('in424_simu', 'cmake_prefix_path')
[1.475s] INFO:colcon.colcon_core.shell:Creating environment hook '/root/ros2_ws/install/in424_simu/share/in424_simu/hook/cmake_prefix_path.ps1'
[1.476s] INFO:colcon.colcon_core.shell:Creating environment descriptor '/root/ros2_ws/install/in424_simu/share/in424_simu/hook/cmake_prefix_path.dsv'
[1.477s] INFO:colcon.colcon_core.shell:Creating environment hook '/root/ros2_ws/install/in424_simu/share/in424_simu/hook/cmake_prefix_path.sh'
[1.478s] Level 1:colcon.colcon_core.environment:checking '/root/ros2_ws/install/in424_simu/bin'
[1.478s] Level 1:colcon.colcon_core.environment:checking '/root/ros2_ws/install/in424_simu/lib/pkgconfig/in424_simu.pc'
[1.478s] Level 1:colcon.colcon_core.environment:checking '/root/ros2_ws/install/in424_simu/lib/python3.8/site-packages'
[1.478s] Level 1:colcon.colcon_core.environment:checking '/root/ros2_ws/install/in424_simu/bin'
[1.479s] INFO:colcon.colcon_core.shell:Creating package script '/root/ros2_ws/install/in424_simu/share/in424_simu/package.ps1'
[1.480s] INFO:colcon.colcon_core.shell:Creating package descriptor '/root/ros2_ws/install/in424_simu/share/in424_simu/package.dsv'
[1.481s] INFO:colcon.colcon_core.shell:Creating package script '/root/ros2_ws/install/in424_simu/share/in424_simu/package.sh'
[1.481s] INFO:colcon.colcon_core.shell:Creating package script '/root/ros2_ws/install/in424_simu/share/in424_simu/package.bash'
[1.482s] INFO:colcon.colcon_core.shell:Creating package script '/root/ros2_ws/install/in424_simu/share/in424_simu/package.zsh'
[1.483s] Level 1:colcon.colcon_core.environment:create_file_with_runtime_dependencies(/root/ros2_ws/install/in424_simu/share/colcon-core/packages/in424_simu)
[1.645s] DEBUG:colcon.colcon_core.event_handler.log_command:Invoking command in '/root/ros2_ws/build/in424_nav': PYTHONPATH=/root/ros2_ws/build/in424_nav/prefix_override:/root/ros2_ws/install/in424_nav/lib/python3.8/site-packages:${PYTHONPATH} /usr/bin/python3 setup.py develop --editable --build-directory /root/ros2_ws/build/in424_nav/build --no-deps install_data
[2.016s] Level 1:colcon.colcon_core.shell:create_environment_hook('in424_nav', 'pythonpath_develop')
[2.019s] INFO:colcon.colcon_core.shell:Creating environment hook '/root/ros2_ws/build/in424_nav/share/in424_nav/hook/pythonpath_develop.ps1'
[2.021s] DEBUG:colcon.colcon_core.event_handler.log_command:Invoked command in '/root/ros2_ws/build/in424_nav' returned '0': PYTHONPATH=/root/ros2_ws/build/in424_nav/prefix_override:/root/ros2_ws/install/in424_nav/lib/python3.8/site-packages:${PYTHONPATH} /usr/bin/python3 setup.py develop --editable --build-directory /root/ros2_ws/build/in424_nav/build --no-deps install_data
[2.022s] INFO:colcon.colcon_core.shell:Creating environment descriptor '/root/ros2_ws/build/in424_nav/share/in424_nav/hook/pythonpath_develop.dsv'
[2.023s] INFO:colcon.colcon_core.shell:Creating environment hook '/root/ros2_ws/build/in424_nav/share/in424_nav/hook/pythonpath_develop.sh'
[2.025s] Level 1:colcon.colcon_core.environment:checking '/root/ros2_ws/install/in424_nav' for CMake module files
[2.025s] Level 1:colcon.colcon_core.environment:checking '/root/ros2_ws/install/in424_nav' for CMake config files
[2.026s] Level 1:colcon.colcon_core.environment:checking '/root/ros2_ws/install/in424_nav/lib'
[2.026s] Level 1:colcon.colcon_core.environment:checking '/root/ros2_ws/install/in424_nav/bin'
[2.026s] Level 1:colcon.colcon_core.environment:checking '/root/ros2_ws/install/in424_nav/lib/pkgconfig/in424_nav.pc'
[2.027s] Level 1:colcon.colcon_core.environment:checking '/root/ros2_ws/install/in424_nav/lib/python3.8/site-packages'
[2.027s] Level 1:colcon.colcon_core.shell:create_environment_hook('in424_nav', 'pythonpath')
[2.028s] INFO:colcon.colcon_core.shell:Creating environment hook '/root/ros2_ws/install/in424_nav/share/in424_nav/hook/pythonpath.ps1'
[2.028s] INFO:colcon.colcon_core.shell:Creating environment descriptor '/root/ros2_ws/install/in424_nav/share/in424_nav/hook/pythonpath.dsv'
[2.029s] INFO:colcon.colcon_core.shell:Creating environment hook '/root/ros2_ws/install/in424_nav/share/in424_nav/hook/pythonpath.sh'
[2.030s] Level 1:colcon.colcon_core.environment:checking '/root/ros2_ws/install/in424_nav/bin'
[2.030s] Level 1:colcon.colcon_core.environment:create_environment_scripts_only(in424_nav)
[2.031s] INFO:colcon.colcon_core.shell:Creating package script '/root/ros2_ws/install/in424_nav/share/in424_nav/package.ps1'
[2.032s] INFO:colcon.colcon_core.shell:Creating package descriptor '/root/ros2_ws/install/in424_nav/share/in424_nav/package.dsv'
[2.032s] INFO:colcon.colcon_core.shell:Creating package script '/root/ros2_ws/install/in424_nav/share/in424_nav/package.sh'
[2.033s] INFO:colcon.colcon_core.shell:Creating package script '/root/ros2_ws/install/in424_nav/share/in424_nav/package.bash'
[2.033s] INFO:colcon.colcon_core.shell:Creating package script '/root/ros2_ws/install/in424_nav/share/in424_nav/package.zsh'
[2.034s] Level 1:colcon.colcon_core.environment:create_file_with_runtime_dependencies(/root/ros2_ws/install/in424_nav/share/colcon-core/packages/in424_nav)
[2.034s] DEBUG:colcon.colcon_parallel_executor.executor.parallel:closing loop
[2.035s] DEBUG:colcon.colcon_parallel_executor.executor.parallel:loop closed
[2.037s] DEBUG:colcon.colcon_parallel_executor.executor.parallel:run_until_complete finished with '0'
[2.037s] DEBUG:colcon.colcon_core.event_reactor:joining thread
[2.086s] INFO:colcon.colcon_core.plugin_system:Skipping extension 'colcon_notification.desktop_notification.notify_send': Could not find 'notify-send'
[2.086s] INFO:colcon.colcon_core.plugin_system:Skipping extension 'colcon_notification.desktop_notification.terminal_notifier': Not used on non-Darwin systems
[2.086s] INFO:colcon.colcon_core.plugin_system:Skipping extension 'colcon_notification.desktop_notification.win32': Not used on non-Windows systems
[2.086s] INFO:colcon.colcon_notification.desktop_notification:Sending desktop notification using 'notify2'
[2.091s] DEBUG:colcon.colcon_notification.desktop_notification.notify2:Failed to initialize notify2: org.freedesktop.DBus.Error.Spawn.ExecFailed: /usr/bin/dbus-launch terminated abnormally without any error message
[2.091s] DEBUG:colcon.colcon_core.event_reactor:joined thread
[2.093s] INFO:colcon.colcon_core.shell:Creating prefix script '/root/ros2_ws/install/local_setup.ps1'
[2.096s] INFO:colcon.colcon_core.shell:Creating prefix util module '/root/ros2_ws/install/_local_setup_util_ps1.py'
[2.098s] INFO:colcon.colcon_core.shell:Creating prefix chain script '/root/ros2_ws/install/setup.ps1'
[2.101s] INFO:colcon.colcon_core.shell:Creating prefix script '/root/ros2_ws/install/local_setup.sh'
[2.102s] INFO:colcon.colcon_core.shell:Creating prefix util module '/root/ros2_ws/install/_local_setup_util_sh.py'
[2.103s] INFO:colcon.colcon_core.shell:Creating prefix chain script '/root/ros2_ws/install/setup.sh'
[2.106s] INFO:colcon.colcon_core.shell:Creating prefix script '/root/ros2_ws/install/local_setup.bash'
[2.108s] INFO:colcon.colcon_core.shell:Creating prefix chain script '/root/ros2_ws/install/setup.bash'
[2.112s] INFO:colcon.colcon_core.shell:Creating prefix script '/root/ros2_ws/install/local_setup.zsh'
[2.113s] INFO:colcon.colcon_core.shell:Creating prefix chain script '/root/ros2_ws/install/setup.zsh'
