[0.738s] Invoking command in '/root/ros2_ws/build/in424_nav': PYTHONPATH=/root/ros2_ws/build/in424_nav/prefix_override:/root/ros2_ws/install/in424_nav/lib/python3.8/site-packages:${PYTHONPATH} /usr/bin/python3 setup.py develop --editable --build-directory /root/ros2_ws/build/in424_nav/build --no-deps install_data
[0.934s] running develop
[1.008s] running egg_info
[1.010s] writing in424_nav.egg-info/PKG-INFO
[1.014s] writing dependency_links to in424_nav.egg-info/dependency_links.txt
[1.014s] writing entry points to in424_nav.egg-info/entry_points.txt
[1.014s] writing requirements to in424_nav.egg-info/requires.txt
[1.014s] writing top-level names to in424_nav.egg-info/top_level.txt
[1.037s] reading manifest file 'in424_nav.egg-info/SOURCES.txt'
[1.037s] writing manifest file 'in424_nav.egg-info/SOURCES.txt'
[1.066s] running build_ext
[1.066s] Creating /root/ros2_ws/install/in424_nav/lib/python3.8/site-packages/in424-nav.egg-link (link to .)
[1.066s] Installing agent script to /root/ros2_ws/install/in424_nav/lib/in424_nav
[1.067s] Installing gui script to /root/ros2_ws/install/in424_nav/lib/in424_nav
[1.067s] Installing map_manager script to /root/ros2_ws/install/in424_nav/lib/in424_nav
[1.067s] Installing tf_publishers script to /root/ros2_ws/install/in424_nav/lib/in424_nav
[1.068s] 
[1.068s] Installed /root/ros2_ws/build/in424_nav
[1.068s] running install_data
[1.094s] Invoked command in '/root/ros2_ws/build/in424_nav' returned '0': PYTHONPATH=/root/ros2_ws/build/in424_nav/prefix_override:/root/ros2_ws/install/in424_nav/lib/python3.8/site-packages:${PYTHONPATH} /usr/bin/python3 setup.py develop --editable --build-directory /root/ros2_ws/build/in424_nav/build --no-deps install_data
