[0.059s] Invoking command in '/root/ros2_ws/build/in424_msgs': CMAKE_PREFIX_PATH=/opt/ros/galactic /usr/bin/cmake /root/ros2_ws/src/IN424/in424_msgs -DAMENT_CMAKE_SYMLINK_INSTALL=1 -DCMAKE_INSTALL_PREFIX=/root/ros2_ws/install/in424_msgs
[0.188s] -- The C compiler identification is GNU 9.4.0
[0.250s] -- The CXX compiler identification is GNU 9.4.0
[0.266s] -- Check for working C compiler: /usr/bin/cc
[0.371s] -- Check for working C compiler: /usr/bin/cc -- works
[0.372s] -- Detecting C compiler ABI info
[0.471s] -- Detecting C compiler ABI info - done
[0.484s] -- Detecting C compile features
[0.484s] -- Detecting C compile features - done
[0.486s] -- Check for working CXX compiler: /usr/bin/c++
[0.596s] -- Check for working CXX compiler: /usr/bin/c++ -- works
[0.600s] -- Detecting CXX compiler ABI info
[0.737s] -- Detecting CXX compiler ABI info - done
[0.746s] -- Detecting CXX compile features
[0.748s] -- Detecting CXX compile features - done
[0.757s] -- Found ament_cmake: 1.1.6 (/opt/ros/galactic/share/ament_cmake/cmake)
[0.794s] -- Found PythonInterp: /usr/bin/python3 (found suitable version "3.8.10", minimum required is "3") 
[0.794s] -- Using PYTHON_EXECUTABLE: /usr/bin/python3
[0.862s] -- Override CMake install command with custom implementation using symlinks instead of copying resources
[0.906s] -- Found rosidl_default_generators: 1.1.1 (/opt/ros/galactic/share/rosidl_default_generators/cmake)
[0.912s] -- Using all available rosidl_typesupport_c: rosidl_typesupport_fastrtps_c;rosidl_typesupport_introspection_c
[0.979s] -- Found rosidl_adapter: 2.2.3 (/opt/ros/galactic/share/rosidl_adapter/cmake)
[1.193s] -- Found OpenSSL: /usr/lib/x86_64-linux-gnu/libcrypto.so (found version "1.1.1f")  
[1.237s] -- Found FastRTPS: /opt/ros/galactic/include  
[1.380s] -- Using all available rosidl_typesupport_cpp: rosidl_typesupport_fastrtps_cpp;rosidl_typesupport_introspection_cpp
[1.419s] -- Found ament_lint_auto: 0.10.7 (/opt/ros/galactic/share/ament_lint_auto/cmake)
[1.505s] -- Added test 'copyright' to check source files copyright and LICENSE
[1.506s] -- Added test 'lint_cmake' to check CMake code style
[1.512s] -- Added test 'xmllint' to check XML markup files
[1.512s] -- Configuring done
[1.515s] -- Generating done
[1.516s] -- Build files have been written to: /root/ros2_ws/build/in424_msgs
[1.557s] Invoked command in '/root/ros2_ws/build/in424_msgs' returned '0': CMAKE_PREFIX_PATH=/opt/ros/galactic /usr/bin/cmake /root/ros2_ws/src/IN424/in424_msgs -DAMENT_CMAKE_SYMLINK_INSTALL=1 -DCMAKE_INSTALL_PREFIX=/root/ros2_ws/install/in424_msgs
[1.558s] Invoking command in '/root/ros2_ws/build/in424_msgs': CMAKE_PREFIX_PATH=/opt/ros/galactic /usr/bin/cmake --build /root/ros2_ws/build/in424_msgs -- -j3 -l3
[1.623s] Invoked command in '/root/ros2_ws/build/in424_msgs' returned '0': CMAKE_PREFIX_PATH=/opt/ros/galactic /usr/bin/cmake --build /root/ros2_ws/build/in424_msgs -- -j3 -l3
[1.665s] Invoking command in '/root/ros2_ws/build/in424_msgs': CMAKE_PREFIX_PATH=/opt/ros/galactic /usr/bin/cmake --install /root/ros2_ws/build/in424_msgs
[1.676s] -- Install configuration: ""
[1.676s] -- Execute custom install script
[1.678s] -- Symlinking: /root/ros2_ws/install/in424_msgs/share/ament_index/resource_index/package_run_dependencies/in424_msgs
[1.689s] -- Symlinking: /root/ros2_ws/install/in424_msgs/share/ament_index/resource_index/parent_prefix_path/in424_msgs
[1.702s] -- Symlinking: /root/ros2_ws/install/in424_msgs/share/in424_msgs/environment/ament_prefix_path.sh
[1.719s] -- Symlinking: /root/ros2_ws/install/in424_msgs/share/in424_msgs/environment/ament_prefix_path.dsv
[1.731s] -- Symlinking: /root/ros2_ws/install/in424_msgs/share/in424_msgs/environment/path.sh
[1.748s] -- Symlinking: /root/ros2_ws/install/in424_msgs/share/in424_msgs/environment/path.dsv
[1.762s] -- Symlinking: /root/ros2_ws/install/in424_msgs/share/in424_msgs/local_setup.bash
[1.773s] -- Symlinking: /root/ros2_ws/install/in424_msgs/share/in424_msgs/local_setup.sh
[1.784s] -- Symlinking: /root/ros2_ws/install/in424_msgs/share/in424_msgs/local_setup.zsh
[1.796s] -- Symlinking: /root/ros2_ws/install/in424_msgs/share/in424_msgs/local_setup.dsv
[1.807s] -- Symlinking: /root/ros2_ws/install/in424_msgs/share/in424_msgs/package.dsv
[1.821s] -- Symlinking: /root/ros2_ws/install/in424_msgs/share/ament_index/resource_index/packages/in424_msgs
[1.836s] -- Symlinking: /root/ros2_ws/install/in424_msgs/share/in424_msgs/cmake/in424_msgsConfig.cmake
[1.853s] -- Symlinking: /root/ros2_ws/install/in424_msgs/share/in424_msgs/cmake/in424_msgsConfig-version.cmake
[1.867s] -- Symlinking: /root/ros2_ws/install/in424_msgs/share/in424_msgs/package.xml
[1.884s] Invoked command in '/root/ros2_ws/build/in424_msgs' returned '0': CMAKE_PREFIX_PATH=/opt/ros/galactic /usr/bin/cmake --install /root/ros2_ws/build/in424_msgs
