[0.069s] Invoking command in '/root/ros2_ws/build/in424_msgs': CMAKE_PREFIX_PATH=/opt/ros/galactic /usr/bin/cmake /root/ros2_ws/src/IN424/in424_msgs -DAMENT_CMAKE_SYMLINK_INSTALL=1 -DCMAKE_INSTALL_PREFIX=/root/ros2_ws/install/in424_msgs
[0.362s] -- The C compiler identification is GNU 9.4.0
[0.362s] -- The CXX compiler identification is GNU 9.4.0
[0.362s] -- Check for working C compiler: /usr/bin/cc
[0.404s] -- Check for working C compiler: /usr/bin/cc -- works
[0.404s] -- Detecting C compiler ABI info
[0.519s] -- Detecting C compiler ABI info - done
[0.529s] -- Detecting C compile features
[0.530s] -- Detecting C compile features - done
[0.532s] -- Check for working CXX compiler: /usr/bin/c++
[0.675s] -- Check for working CXX compiler: /usr/bin/c++ -- works
[0.676s] -- Detecting CXX compiler ABI info
[0.772s] -- Detecting CXX compiler ABI info - done
[0.786s] -- Detecting CXX compile features
[0.788s] -- Detecting CXX compile features - done
[0.789s] -- Found ament_cmake: 1.1.6 (/opt/ros/galactic/share/ament_cmake/cmake)
[0.811s] -- Found PythonInterp: /usr/bin/python3 (found suitable version "3.8.10", minimum required is "3") 
[0.811s] -- Using PYTHON_EXECUTABLE: /usr/bin/python3
[0.863s] -- Override CMake install command with custom implementation using symlinks instead of copying resources
[0.885s] -- Found rosidl_default_generators: 1.1.1 (/opt/ros/galactic/share/rosidl_default_generators/cmake)
[0.888s] -- Using all available rosidl_typesupport_c: rosidl_typesupport_fastrtps_c;rosidl_typesupport_introspection_c
[0.899s] -- Found rosidl_adapter: 2.2.3 (/opt/ros/galactic/share/rosidl_adapter/cmake)
[1.051s] -- Found OpenSSL: /usr/lib/x86_64-linux-gnu/libcrypto.so (found version "1.1.1f")  
[1.080s] -- Found FastRTPS: /opt/ros/galactic/include  
[1.198s] -- Using all available rosidl_typesupport_cpp: rosidl_typesupport_fastrtps_cpp;rosidl_typesupport_introspection_cpp
[1.238s] -- Found ament_lint_auto: 0.10.7 (/opt/ros/galactic/share/ament_lint_auto/cmake)
[1.330s] -- Added test 'copyright' to check source files copyright and LICENSE
[1.330s] -- Added test 'lint_cmake' to check CMake code style
[1.331s] -- Added test 'xmllint' to check XML markup files
[1.334s] -- Configuring done
[1.336s] -- Generating done
[1.338s] -- Build files have been written to: /root/ros2_ws/build/in424_msgs
[1.353s] Invoked command in '/root/ros2_ws/build/in424_msgs' returned '0': CMAKE_PREFIX_PATH=/opt/ros/galactic /usr/bin/cmake /root/ros2_ws/src/IN424/in424_msgs -DAMENT_CMAKE_SYMLINK_INSTALL=1 -DCMAKE_INSTALL_PREFIX=/root/ros2_ws/install/in424_msgs
[1.355s] Invoking command in '/root/ros2_ws/build/in424_msgs': CMAKE_PREFIX_PATH=/opt/ros/galactic /usr/bin/cmake --build /root/ros2_ws/build/in424_msgs -- -j3 -l3
[1.416s] Invoked command in '/root/ros2_ws/build/in424_msgs' returned '0': CMAKE_PREFIX_PATH=/opt/ros/galactic /usr/bin/cmake --build /root/ros2_ws/build/in424_msgs -- -j3 -l3
[1.506s] Invoking command in '/root/ros2_ws/build/in424_msgs': CMAKE_PREFIX_PATH=/opt/ros/galactic /usr/bin/cmake --install /root/ros2_ws/build/in424_msgs
[1.510s] -- Install configuration: ""
[1.512s] -- Execute custom install script
[1.513s] -- Symlinking: /root/ros2_ws/install/in424_msgs/share/ament_index/resource_index/package_run_dependencies/in424_msgs
[1.529s] -- Symlinking: /root/ros2_ws/install/in424_msgs/share/ament_index/resource_index/parent_prefix_path/in424_msgs
[1.541s] -- Symlinking: /root/ros2_ws/install/in424_msgs/share/in424_msgs/environment/ament_prefix_path.sh
[1.554s] -- Symlinking: /root/ros2_ws/install/in424_msgs/share/in424_msgs/environment/ament_prefix_path.dsv
[1.567s] -- Symlinking: /root/ros2_ws/install/in424_msgs/share/in424_msgs/environment/path.sh
[1.583s] -- Symlinking: /root/ros2_ws/install/in424_msgs/share/in424_msgs/environment/path.dsv
[1.596s] -- Symlinking: /root/ros2_ws/install/in424_msgs/share/in424_msgs/local_setup.bash
[1.609s] -- Symlinking: /root/ros2_ws/install/in424_msgs/share/in424_msgs/local_setup.sh
[1.633s] -- Symlinking: /root/ros2_ws/install/in424_msgs/share/in424_msgs/local_setup.zsh
[1.646s] -- Symlinking: /root/ros2_ws/install/in424_msgs/share/in424_msgs/local_setup.dsv
[1.657s] -- Symlinking: /root/ros2_ws/install/in424_msgs/share/in424_msgs/package.dsv
[1.670s] -- Symlinking: /root/ros2_ws/install/in424_msgs/share/ament_index/resource_index/packages/in424_msgs
[1.683s] -- Symlinking: /root/ros2_ws/install/in424_msgs/share/in424_msgs/cmake/in424_msgsConfig.cmake
[1.694s] -- Symlinking: /root/ros2_ws/install/in424_msgs/share/in424_msgs/cmake/in424_msgsConfig-version.cmake
[1.707s] -- Symlinking: /root/ros2_ws/install/in424_msgs/share/in424_msgs/package.xml
[1.733s] Invoked command in '/root/ros2_ws/build/in424_msgs' returned '0': CMAKE_PREFIX_PATH=/opt/ros/galactic /usr/bin/cmake --install /root/ros2_ws/build/in424_msgs
