[0.077s] Invoking command in '/root/ros2_ws/build/in424_desc': CMAKE_PREFIX_PATH=/opt/ros/galactic /usr/bin/cmake /root/ros2_ws/src/IN424/in424_desc -DAMENT_CMAKE_SYMLINK_INSTALL=1 -DCMAKE_INSTALL_PREFIX=/root/ros2_ws/install/in424_desc
[0.381s] -- The C compiler identification is GNU 9.4.0
[0.381s] -- The CXX compiler identification is GNU 9.4.0
[0.381s] -- Check for working C compiler: /usr/bin/cc
[0.381s] -- Check for working C compiler: /usr/bin/cc -- works
[0.381s] -- Detecting C compiler ABI info
[0.471s] -- Detecting C compiler ABI info - done
[0.485s] -- Detecting C compile features
[0.493s] -- Detecting C compile features - done
[0.493s] -- Check for working CXX compiler: /usr/bin/c++
[0.614s] -- Check for working CXX compiler: /usr/bin/c++ -- works
[0.614s] -- Detecting CXX compiler ABI info
[0.741s] -- Detecting CXX compiler ABI info - done
[0.754s] -- Detecting CXX compile features
[0.755s] -- Detecting CXX compile features - done
[0.758s] -- Found ament_cmake: 1.1.6 (/opt/ros/galactic/share/ament_cmake/cmake)
[0.783s] -- Found PythonInterp: /usr/bin/python3 (found suitable version "3.8.10", minimum required is "3") 
[0.783s] -- Using PYTHON_EXECUTABLE: /usr/bin/python3
[0.844s] -- Override CMake install command with custom implementation using symlinks instead of copying resources
[0.888s] -- Found ament_lint_auto: 0.10.7 (/opt/ros/galactic/share/ament_lint_auto/cmake)
[0.945s] -- Added test 'copyright' to check source files copyright and LICENSE
[0.947s] -- Added test 'lint_cmake' to check CMake code style
[0.948s] -- Added test 'xmllint' to check XML markup files
[0.951s] -- Configuring done
[0.952s] -- Generating done
[0.954s] -- Build files have been written to: /root/ros2_ws/build/in424_desc
[0.957s] Invoked command in '/root/ros2_ws/build/in424_desc' returned '0': CMAKE_PREFIX_PATH=/opt/ros/galactic /usr/bin/cmake /root/ros2_ws/src/IN424/in424_desc -DAMENT_CMAKE_SYMLINK_INSTALL=1 -DCMAKE_INSTALL_PREFIX=/root/ros2_ws/install/in424_desc
[0.959s] Invoking command in '/root/ros2_ws/build/in424_desc': CMAKE_PREFIX_PATH=/opt/ros/galactic /usr/bin/cmake --build /root/ros2_ws/build/in424_desc -- -j3 -l3
[1.006s] Invoked command in '/root/ros2_ws/build/in424_desc' returned '0': CMAKE_PREFIX_PATH=/opt/ros/galactic /usr/bin/cmake --build /root/ros2_ws/build/in424_desc -- -j3 -l3
[1.071s] Invoking command in '/root/ros2_ws/build/in424_desc': CMAKE_PREFIX_PATH=/opt/ros/galactic /usr/bin/cmake --install /root/ros2_ws/build/in424_desc
[1.083s] -- Install configuration: ""
[1.084s] -- Execute custom install script
[1.085s] -- Symlinking: /root/ros2_ws/install/in424_desc/share/in424_desc/xacro/macro.xacro
[1.098s] -- Symlinking: /root/ros2_ws/install/in424_desc/share/in424_desc/xacro/materials.xacro
[1.106s] -- Symlinking: /root/ros2_ws/install/in424_desc/share/in424_desc/xacro/robot.gazebo
[1.116s] -- Symlinking: /root/ros2_ws/install/in424_desc/share/in424_desc/xacro/robot.xacro
[1.134s] -- Symlinking: /root/ros2_ws/install/in424_desc/share/ament_index/resource_index/package_run_dependencies/in424_desc
[1.146s] -- Symlinking: /root/ros2_ws/install/in424_desc/share/ament_index/resource_index/parent_prefix_path/in424_desc
[1.162s] -- Symlinking: /root/ros2_ws/install/in424_desc/share/in424_desc/environment/ament_prefix_path.sh
[1.172s] -- Symlinking: /root/ros2_ws/install/in424_desc/share/in424_desc/environment/ament_prefix_path.dsv
[1.196s] -- Symlinking: /root/ros2_ws/install/in424_desc/share/in424_desc/environment/path.sh
[1.196s] -- Symlinking: /root/ros2_ws/install/in424_desc/share/in424_desc/environment/path.dsv
[1.218s] -- Symlinking: /root/ros2_ws/install/in424_desc/share/in424_desc/local_setup.bash
[1.232s] -- Symlinking: /root/ros2_ws/install/in424_desc/share/in424_desc/local_setup.sh
[1.252s] -- Symlinking: /root/ros2_ws/install/in424_desc/share/in424_desc/local_setup.zsh
[1.292s] -- Symlinking: /root/ros2_ws/install/in424_desc/share/in424_desc/local_setup.dsv
[1.304s] -- Symlinking: /root/ros2_ws/install/in424_desc/share/in424_desc/package.dsv
[1.316s] -- Symlinking: /root/ros2_ws/install/in424_desc/share/ament_index/resource_index/packages/in424_desc
[1.331s] -- Symlinking: /root/ros2_ws/install/in424_desc/share/in424_desc/cmake/in424_descConfig.cmake
[1.346s] -- Symlinking: /root/ros2_ws/install/in424_desc/share/in424_desc/cmake/in424_descConfig-version.cmake
[1.360s] -- Symlinking: /root/ros2_ws/install/in424_desc/share/in424_desc/package.xml
[1.393s] Invoked command in '/root/ros2_ws/build/in424_desc' returned '0': CMAKE_PREFIX_PATH=/opt/ros/galactic /usr/bin/cmake --install /root/ros2_ws/build/in424_desc
