[0.059s] Invoking command in '/root/ros2_ws/build/in424_msgs': CMAKE_PREFIX_PATH=/opt/ros/galactic /usr/bin/cmake /root/ros2_ws/src/IN424/in424_msgs -DCMAKE_INSTALL_PREFIX=/root/ros2_ws/install/in424_msgs
[0.223s] -- Found ament_cmake: 1.1.6 (/opt/ros/galactic/share/ament_cmake/cmake)
[0.269s] -- Using PYTHON_EXECUTABLE: /usr/bin/python3
[0.381s] -- Override CMake install command with custom implementation using symlinks instead of copying resources
[0.434s] -- Found rosidl_default_generators: 1.1.1 (/opt/ros/galactic/share/rosidl_default_generators/cmake)
[0.444s] -- Using all available rosidl_typesupport_c: rosidl_typesupport_fastrtps_c;rosidl_typesupport_introspection_c
[0.454s] -- Found rosidl_adapter: 2.2.3 (/opt/ros/galactic/share/rosidl_adapter/cmake)
[0.874s] -- Using all available rosidl_typesupport_cpp: rosidl_typesupport_fastrtps_cpp;rosidl_typesupport_introspection_cpp
[0.940s] -- Found ament_lint_auto: 0.10.7 (/opt/ros/galactic/share/ament_lint_auto/cmake)
[1.038s] -- Added test 'copyright' to check source files copyright and LICENSE
[1.041s] -- Added test 'lint_cmake' to check CMake code style
[1.044s] -- Added test 'xmllint' to check XML markup files
[1.055s] -- Configuring done
[1.076s] -- Generating done
[1.084s] -- Build files have been written to: /root/ros2_ws/build/in424_msgs
[1.158s] Invoked command in '/root/ros2_ws/build/in424_msgs' returned '0': CMAKE_PREFIX_PATH=/opt/ros/galactic /usr/bin/cmake /root/ros2_ws/src/IN424/in424_msgs -DCMAKE_INSTALL_PREFIX=/root/ros2_ws/install/in424_msgs
[1.168s] Invoking command in '/root/ros2_ws/build/in424_msgs': CMAKE_PREFIX_PATH=/opt/ros/galactic /usr/bin/cmake --build /root/ros2_ws/build/in424_msgs -- -j3 -l3
[1.234s] Invoked command in '/root/ros2_ws/build/in424_msgs' returned '0': CMAKE_PREFIX_PATH=/opt/ros/galactic /usr/bin/cmake --build /root/ros2_ws/build/in424_msgs -- -j3 -l3
[1.319s] Invoking command in '/root/ros2_ws/build/in424_msgs': CMAKE_PREFIX_PATH=/opt/ros/galactic /usr/bin/cmake --install /root/ros2_ws/build/in424_msgs
[1.323s] -- Install configuration: ""
[1.323s] -- Execute custom install script
[1.323s] -- Up-to-date symlink: /root/ros2_ws/install/in424_msgs/share/ament_index/resource_index/package_run_dependencies/in424_msgs
[1.329s] -- Up-to-date symlink: /root/ros2_ws/install/in424_msgs/share/ament_index/resource_index/parent_prefix_path/in424_msgs
[1.329s] -- Up-to-date symlink: /root/ros2_ws/install/in424_msgs/share/in424_msgs/environment/ament_prefix_path.sh
[1.331s] -- Up-to-date symlink: /root/ros2_ws/install/in424_msgs/share/in424_msgs/environment/ament_prefix_path.dsv
[1.331s] -- Up-to-date symlink: /root/ros2_ws/install/in424_msgs/share/in424_msgs/environment/path.sh
[1.331s] -- Up-to-date symlink: /root/ros2_ws/install/in424_msgs/share/in424_msgs/environment/path.dsv
[1.331s] -- Up-to-date symlink: /root/ros2_ws/install/in424_msgs/share/in424_msgs/local_setup.bash
[1.331s] -- Up-to-date symlink: /root/ros2_ws/install/in424_msgs/share/in424_msgs/local_setup.sh
[1.333s] -- Up-to-date symlink: /root/ros2_ws/install/in424_msgs/share/in424_msgs/local_setup.zsh
[1.333s] -- Up-to-date symlink: /root/ros2_ws/install/in424_msgs/share/in424_msgs/local_setup.dsv
[1.334s] -- Symlinking: /root/ros2_ws/install/in424_msgs/share/in424_msgs/package.dsv
[1.354s] -- Up-to-date symlink: /root/ros2_ws/install/in424_msgs/share/ament_index/resource_index/packages/in424_msgs
[1.355s] -- Up-to-date symlink: /root/ros2_ws/install/in424_msgs/share/in424_msgs/cmake/in424_msgsConfig.cmake
[1.355s] -- Up-to-date symlink: /root/ros2_ws/install/in424_msgs/share/in424_msgs/cmake/in424_msgsConfig-version.cmake
[1.356s] -- Up-to-date symlink: /root/ros2_ws/install/in424_msgs/share/in424_msgs/package.xml
[1.363s] Invoked command in '/root/ros2_ws/build/in424_msgs' returned '0': CMAKE_PREFIX_PATH=/opt/ros/galactic /usr/bin/cmake --install /root/ros2_ws/build/in424_msgs
