-- Found ament_cmake: 1.1.6 (/opt/ros/galactic/share/ament_cmake/cmake)
-- Using PYTHON_EXECUTABLE: /usr/bin/python3
-- Override CMake install command with custom implementation using symlinks instead of copying resources
-- Found rosidl_default_generators: 1.1.1 (/opt/ros/galactic/share/rosidl_default_generators/cmake)
-- Using all available rosidl_typesupport_c: rosidl_typesupport_fastrtps_c;rosidl_typesupport_introspection_c
-- Found rosidl_adapter: 2.2.3 (/opt/ros/galactic/share/rosidl_adapter/cmake)
-- Using all available rosidl_typesupport_cpp: rosidl_typesupport_fastrtps_cpp;rosidl_typesupport_introspection_cpp
-- Found ament_lint_auto: 0.10.7 (/opt/ros/galactic/share/ament_lint_auto/cmake)
-- Added test 'copyright' to check source files copyright and LICENSE
-- Added test 'lint_cmake' to check CMake code style
-- Added test 'xmllint' to check XML markup files
-- Configuring done
-- Generating done
-- Build files have been written to: /root/ros2_ws/build/in424_msgs
-- Install configuration: ""
-- Execute custom install script
-- Up-to-date symlink: /root/ros2_ws/install/in424_msgs/share/ament_index/resource_index/package_run_dependencies/in424_msgs
-- Up-to-date symlink: /root/ros2_ws/install/in424_msgs/share/ament_index/resource_index/parent_prefix_path/in424_msgs
-- Up-to-date symlink: /root/ros2_ws/install/in424_msgs/share/in424_msgs/environment/ament_prefix_path.sh
-- Up-to-date symlink: /root/ros2_ws/install/in424_msgs/share/in424_msgs/environment/ament_prefix_path.dsv
-- Up-to-date symlink: /root/ros2_ws/install/in424_msgs/share/in424_msgs/environment/path.sh
-- Up-to-date symlink: /root/ros2_ws/install/in424_msgs/share/in424_msgs/environment/path.dsv
-- Up-to-date symlink: /root/ros2_ws/install/in424_msgs/share/in424_msgs/local_setup.bash
-- Up-to-date symlink: /root/ros2_ws/install/in424_msgs/share/in424_msgs/local_setup.sh
-- Up-to-date symlink: /root/ros2_ws/install/in424_msgs/share/in424_msgs/local_setup.zsh
-- Up-to-date symlink: /root/ros2_ws/install/in424_msgs/share/in424_msgs/local_setup.dsv
-- Symlinking: /root/ros2_ws/install/in424_msgs/share/in424_msgs/package.dsv
-- Up-to-date symlink: /root/ros2_ws/install/in424_msgs/share/ament_index/resource_index/packages/in424_msgs
-- Up-to-date symlink: /root/ros2_ws/install/in424_msgs/share/in424_msgs/cmake/in424_msgsConfig.cmake
-- Up-to-date symlink: /root/ros2_ws/install/in424_msgs/share/in424_msgs/cmake/in424_msgsConfig-version.cmake
-- Up-to-date symlink: /root/ros2_ws/install/in424_msgs/share/in424_msgs/package.xml
