[0.068s] Invoking command in '/root/ros2_ws/build/in424_msgs': CMAKE_PREFIX_PATH=/opt/ros/galactic /usr/bin/cmake /root/ros2_ws/src/IN424/in424_msgs -DAMENT_CMAKE_SYMLINK_INSTALL=1 -DCMAKE_INSTALL_PREFIX=/root/ros2_ws/install/in424_msgs
[0.177s] -- Found ament_cmake: 1.1.6 (/opt/ros/galactic/share/ament_cmake/cmake)
[0.214s] -- Using PYTHON_EXECUTABLE: /usr/bin/python3
[0.323s] -- Override CMake install command with custom implementation using symlinks instead of copying resources
[0.399s] -- Found rosidl_default_generators: 1.1.1 (/opt/ros/galactic/share/rosidl_default_generators/cmake)
[0.403s] -- Using all available rosidl_typesupport_c: rosidl_typesupport_fastrtps_c;rosidl_typesupport_introspection_c
[0.421s] -- Found rosidl_adapter: 2.2.3 (/opt/ros/galactic/share/rosidl_adapter/cmake)
[0.784s] -- Using all available rosidl_typesupport_cpp: rosidl_typesupport_fastrtps_cpp;rosidl_typesupport_introspection_cpp
[0.831s] -- Found ament_lint_auto: 0.10.7 (/opt/ros/galactic/share/ament_lint_auto/cmake)
[0.929s] -- Added test 'copyright' to check source files copyright and LICENSE
[0.929s] -- Added test 'lint_cmake' to check CMake code style
[0.929s] -- Added test 'xmllint' to check XML markup files
[0.937s] -- Configuring done
[0.958s] -- Generating done
[0.958s] -- Build files have been written to: /root/ros2_ws/build/in424_msgs
[0.961s] Invoked command in '/root/ros2_ws/build/in424_msgs' returned '0': CMAKE_PREFIX_PATH=/opt/ros/galactic /usr/bin/cmake /root/ros2_ws/src/IN424/in424_msgs -DAMENT_CMAKE_SYMLINK_INSTALL=1 -DCMAKE_INSTALL_PREFIX=/root/ros2_ws/install/in424_msgs
[0.961s] Invoking command in '/root/ros2_ws/build/in424_msgs': CMAKE_PREFIX_PATH=/opt/ros/galactic /usr/bin/cmake --build /root/ros2_ws/build/in424_msgs -- -j3 -l3
[1.036s] Invoked command in '/root/ros2_ws/build/in424_msgs' returned '0': CMAKE_PREFIX_PATH=/opt/ros/galactic /usr/bin/cmake --build /root/ros2_ws/build/in424_msgs -- -j3 -l3
[1.094s] Invoking command in '/root/ros2_ws/build/in424_msgs': CMAKE_PREFIX_PATH=/opt/ros/galactic /usr/bin/cmake --install /root/ros2_ws/build/in424_msgs
[1.103s] -- Install configuration: ""
[1.103s] -- Execute custom install script
[1.106s] -- Up-to-date symlink: /root/ros2_ws/install/in424_msgs/share/ament_index/resource_index/package_run_dependencies/in424_msgs
[1.107s] -- Up-to-date symlink: /root/ros2_ws/install/in424_msgs/share/ament_index/resource_index/parent_prefix_path/in424_msgs
[1.108s] -- Up-to-date symlink: /root/ros2_ws/install/in424_msgs/share/in424_msgs/environment/ament_prefix_path.sh
[1.109s] -- Up-to-date symlink: /root/ros2_ws/install/in424_msgs/share/in424_msgs/environment/ament_prefix_path.dsv
[1.110s] -- Up-to-date symlink: /root/ros2_ws/install/in424_msgs/share/in424_msgs/environment/path.sh
[1.110s] -- Up-to-date symlink: /root/ros2_ws/install/in424_msgs/share/in424_msgs/environment/path.dsv
[1.110s] -- Up-to-date symlink: /root/ros2_ws/install/in424_msgs/share/in424_msgs/local_setup.bash
[1.111s] -- Up-to-date symlink: /root/ros2_ws/install/in424_msgs/share/in424_msgs/local_setup.sh
[1.112s] -- Up-to-date symlink: /root/ros2_ws/install/in424_msgs/share/in424_msgs/local_setup.zsh
[1.112s] -- Up-to-date symlink: /root/ros2_ws/install/in424_msgs/share/in424_msgs/local_setup.dsv
[1.112s] -- Symlinking: /root/ros2_ws/install/in424_msgs/share/in424_msgs/package.dsv
[1.123s] -- Up-to-date symlink: /root/ros2_ws/install/in424_msgs/share/ament_index/resource_index/packages/in424_msgs
[1.125s] -- Up-to-date symlink: /root/ros2_ws/install/in424_msgs/share/in424_msgs/cmake/in424_msgsConfig.cmake
[1.126s] -- Up-to-date symlink: /root/ros2_ws/install/in424_msgs/share/in424_msgs/cmake/in424_msgsConfig-version.cmake
[1.126s] -- Up-to-date symlink: /root/ros2_ws/install/in424_msgs/share/in424_msgs/package.xml
[1.132s] Invoked command in '/root/ros2_ws/build/in424_msgs' returned '0': CMAKE_PREFIX_PATH=/opt/ros/galactic /usr/bin/cmake --install /root/ros2_ws/build/in424_msgs
