[0.063s] Invoking command in '/root/ros2_ws/build/in424_msgs': CMAKE_PREFIX_PATH=/opt/ros/galactic /usr/bin/cmake /root/ros2_ws/src/IN424/in424_msgs -DAMENT_CMAKE_SYMLINK_INSTALL=1 -DCMAKE_INSTALL_PREFIX=/root/ros2_ws/install/in424_msgs
[0.460s] -- The C compiler identification is GNU 9.4.0
[0.769s] -- The CXX compiler identification is GNU 9.4.0
[0.786s] -- Check for working C compiler: /usr/bin/cc
[0.896s] -- Check for working C compiler: /usr/bin/cc -- works
[0.899s] -- Detecting C compiler ABI info
[1.025s] -- Detecting C compiler ABI info - done
[1.025s] -- Detecting C compile features
[1.026s] -- Detecting C compile features - done
[1.039s] -- Check for working CXX compiler: /usr/bin/c++
[1.153s] -- Check for working CXX compiler: /usr/bin/c++ -- works
[1.154s] -- Detecting CXX compiler ABI info
[1.272s] -- Detecting CXX compiler ABI info - done
[1.290s] -- Detecting CXX compile features
[1.291s] -- Detecting CXX compile features - done
[1.300s] -- Found ament_cmake: 1.1.6 (/opt/ros/galactic/share/ament_cmake/cmake)
[1.327s] -- Found PythonInterp: /usr/bin/python3 (found suitable version "3.8.10", minimum required is "3") 
[1.333s] -- Using PYTHON_EXECUTABLE: /usr/bin/python3
[1.464s] -- Override CMake install command with custom implementation using symlinks instead of copying resources
[1.607s] -- Found rosidl_default_generators: 1.1.1 (/opt/ros/galactic/share/rosidl_default_generators/cmake)
[1.623s] -- Using all available rosidl_typesupport_c: rosidl_typesupport_fastrtps_c;rosidl_typesupport_introspection_c
[1.643s] -- Found rosidl_adapter: 2.2.3 (/opt/ros/galactic/share/rosidl_adapter/cmake)
[1.926s] -- Found OpenSSL: /usr/lib/x86_64-linux-gnu/libcrypto.so (found version "1.1.1f")  
[1.986s] -- Found FastRTPS: /opt/ros/galactic/include  
[2.137s] -- Using all available rosidl_typesupport_cpp: rosidl_typesupport_fastrtps_cpp;rosidl_typesupport_introspection_cpp
[2.190s] -- Found ament_lint_auto: 0.10.7 (/opt/ros/galactic/share/ament_lint_auto/cmake)
[2.335s] -- Added test 'copyright' to check source files copyright and LICENSE
[2.338s] -- Added test 'lint_cmake' to check CMake code style
[2.339s] -- Added test 'xmllint' to check XML markup files
[2.346s] -- Configuring done
[2.350s] -- Generating done
[2.354s] -- Build files have been written to: /root/ros2_ws/build/in424_msgs
[2.372s] Invoked command in '/root/ros2_ws/build/in424_msgs' returned '0': CMAKE_PREFIX_PATH=/opt/ros/galactic /usr/bin/cmake /root/ros2_ws/src/IN424/in424_msgs -DAMENT_CMAKE_SYMLINK_INSTALL=1 -DCMAKE_INSTALL_PREFIX=/root/ros2_ws/install/in424_msgs
[2.372s] Invoking command in '/root/ros2_ws/build/in424_msgs': CMAKE_PREFIX_PATH=/opt/ros/galactic /usr/bin/cmake --build /root/ros2_ws/build/in424_msgs -- -j3 -l3
[2.452s] Invoked command in '/root/ros2_ws/build/in424_msgs' returned '0': CMAKE_PREFIX_PATH=/opt/ros/galactic /usr/bin/cmake --build /root/ros2_ws/build/in424_msgs -- -j3 -l3
[2.507s] Invoking command in '/root/ros2_ws/build/in424_msgs': CMAKE_PREFIX_PATH=/opt/ros/galactic /usr/bin/cmake --install /root/ros2_ws/build/in424_msgs
[2.518s] -- Install configuration: ""
[2.519s] -- Execute custom install script
[2.520s] -- Symlinking: /root/ros2_ws/install/in424_msgs/share/ament_index/resource_index/package_run_dependencies/in424_msgs
[2.539s] -- Symlinking: /root/ros2_ws/install/in424_msgs/share/ament_index/resource_index/parent_prefix_path/in424_msgs
[2.564s] -- Symlinking: /root/ros2_ws/install/in424_msgs/share/in424_msgs/environment/ament_prefix_path.sh
[2.580s] -- Symlinking: /root/ros2_ws/install/in424_msgs/share/in424_msgs/environment/ament_prefix_path.dsv
[2.602s] -- Symlinking: /root/ros2_ws/install/in424_msgs/share/in424_msgs/environment/path.sh
[2.613s] -- Symlinking: /root/ros2_ws/install/in424_msgs/share/in424_msgs/environment/path.dsv
[2.630s] -- Symlinking: /root/ros2_ws/install/in424_msgs/share/in424_msgs/local_setup.bash
[2.641s] -- Symlinking: /root/ros2_ws/install/in424_msgs/share/in424_msgs/local_setup.sh
[2.664s] -- Symlinking: /root/ros2_ws/install/in424_msgs/share/in424_msgs/local_setup.zsh
[2.675s] -- Symlinking: /root/ros2_ws/install/in424_msgs/share/in424_msgs/local_setup.dsv
[2.694s] -- Symlinking: /root/ros2_ws/install/in424_msgs/share/in424_msgs/package.dsv
[2.708s] -- Symlinking: /root/ros2_ws/install/in424_msgs/share/ament_index/resource_index/packages/in424_msgs
[2.720s] -- Symlinking: /root/ros2_ws/install/in424_msgs/share/in424_msgs/cmake/in424_msgsConfig.cmake
[2.731s] -- Symlinking: /root/ros2_ws/install/in424_msgs/share/in424_msgs/cmake/in424_msgsConfig-version.cmake
[2.744s] -- Symlinking: /root/ros2_ws/install/in424_msgs/share/in424_msgs/package.xml
[2.762s] Invoked command in '/root/ros2_ws/build/in424_msgs' returned '0': CMAKE_PREFIX_PATH=/opt/ros/galactic /usr/bin/cmake --install /root/ros2_ws/build/in424_msgs
