[0.096s] Invoking command in '/root/ros2_ws/build/in424_desc': CMAKE_PREFIX_PATH=/opt/ros/galactic /usr/bin/cmake --build /root/ros2_ws/build/in424_desc -- -j3 -l3
[0.344s] Invoked command in '/root/ros2_ws/build/in424_desc' returned '0': CMAKE_PREFIX_PATH=/opt/ros/galactic /usr/bin/cmake --build /root/ros2_ws/build/in424_desc -- -j3 -l3
[0.397s] Invoking command in '/root/ros2_ws/build/in424_desc': CMAKE_PREFIX_PATH=/opt/ros/galactic /usr/bin/cmake --install /root/ros2_ws/build/in424_desc
[0.413s] -- Install configuration: ""
[0.415s] -- Execute custom install script
[0.419s] -- Up-to-date symlink: /root/ros2_ws/install/in424_desc/share/in424_desc/xacro/macro.xacro
[0.425s] -- Up-to-date symlink: /root/ros2_ws/install/in424_desc/share/in424_desc/xacro/materials.xacro
[0.429s] -- Up-to-date symlink: /root/ros2_ws/install/in424_desc/share/in424_desc/xacro/robot.gazebo
[0.429s] -- Up-to-date symlink: /root/ros2_ws/install/in424_desc/share/in424_desc/xacro/robot.xacro
[0.429s] -- Up-to-date symlink: /root/ros2_ws/install/in424_desc/share/ament_index/resource_index/package_run_dependencies/in424_desc
[0.429s] -- Up-to-date symlink: /root/ros2_ws/install/in424_desc/share/ament_index/resource_index/parent_prefix_path/in424_desc
[0.429s] -- Up-to-date symlink: /root/ros2_ws/install/in424_desc/share/in424_desc/environment/ament_prefix_path.sh
[0.430s] -- Up-to-date symlink: /root/ros2_ws/install/in424_desc/share/in424_desc/environment/ament_prefix_path.dsv
[0.430s] -- Up-to-date symlink: /root/ros2_ws/install/in424_desc/share/in424_desc/environment/path.sh
[0.430s] -- Up-to-date symlink: /root/ros2_ws/install/in424_desc/share/in424_desc/environment/path.dsv
[0.440s] -- Up-to-date symlink: /root/ros2_ws/install/in424_desc/share/in424_desc/local_setup.bash
[0.440s] -- Up-to-date symlink: /root/ros2_ws/install/in424_desc/share/in424_desc/local_setup.sh
[0.441s] -- Up-to-date symlink: /root/ros2_ws/install/in424_desc/share/in424_desc/local_setup.zsh
[0.441s] -- Up-to-date symlink: /root/ros2_ws/install/in424_desc/share/in424_desc/local_setup.dsv
[0.441s] -- Symlinking: /root/ros2_ws/install/in424_desc/share/in424_desc/package.dsv
[0.447s] -- Up-to-date symlink: /root/ros2_ws/install/in424_desc/share/ament_index/resource_index/packages/in424_desc
[0.448s] -- Up-to-date symlink: /root/ros2_ws/install/in424_desc/share/in424_desc/cmake/in424_descConfig.cmake
[0.448s] -- Up-to-date symlink: /root/ros2_ws/install/in424_desc/share/in424_desc/cmake/in424_descConfig-version.cmake
[0.449s] -- Up-to-date symlink: /root/ros2_ws/install/in424_desc/share/in424_desc/package.xml
[0.453s] Invoked command in '/root/ros2_ws/build/in424_desc' returned '0': CMAKE_PREFIX_PATH=/opt/ros/galactic /usr/bin/cmake --install /root/ros2_ws/build/in424_desc
