running develop
running egg_info
writing ../../../build/in424_nav/in424_nav.egg-info/PKG-INFO
writing dependency_links to ../../../build/in424_nav/in424_nav.egg-info/dependency_links.txt
writing entry points to ../../../build/in424_nav/in424_nav.egg-info/entry_points.txt
writing requirements to ../../../build/in424_nav/in424_nav.egg-info/requires.txt
writing top-level names to ../../../build/in424_nav/in424_nav.egg-info/top_level.txt
reading manifest file '../../../build/in424_nav/in424_nav.egg-info/SOURCES.txt'
writing manifest file '../../../build/in424_nav/in424_nav.egg-info/SOURCES.txt'
running build
running build_py
running install
running install_lib
running install_data
running install_egg_info
removing '/root/ros2_ws/install/in424_nav/lib/python3.8/site-packages/in424_nav-1.0.0-py3.8.egg-info' (and everything under it)
Copying ../../../build/in424_nav/in424_nav.egg-info to /root/ros2_ws/install/in424_nav/lib/python3.8/site-packages/in424_nav-1.0.0-py3.8.egg-info
running install_scripts
Installing agent script to /root/ros2_ws/install/in424_nav/lib/in424_nav
Installing map_manager script to /root/ros2_ws/install/in424_nav/lib/in424_nav
Installing tf_publishers script to /root/ros2_ws/install/in424_nav/lib/in424_nav
writing list of installed files to '/root/ros2_ws/build/in424_nav/install.log'
