[0.728s] Invoking command in '/root/ros2_ws/build/in424_nav': PYTHONPATH=/root/ros2_ws/build/in424_nav/prefix_override:/root/ros2_ws/install/in424_nav/lib/python3.8/site-packages:${PYTHONPATH} /usr/bin/python3 setup.py develop --uninstall --editable --build-directory /root/ros2_ws/build/in424_nav/build
[0.913s] running develop
[1.005s] Invoked command in '/root/ros2_ws/build/in424_nav' returned '0': PYTHONPATH=/root/ros2_ws/build/in424_nav/prefix_override:/root/ros2_ws/install/in424_nav/lib/python3.8/site-packages:${PYTHONPATH} /usr/bin/python3 setup.py develop --uninstall --editable --build-directory /root/ros2_ws/build/in424_nav/build
[1.006s] Invoking command in '/root/ros2_ws/src/IN424/in424_nav': PYTHONPATH=/root/ros2_ws/build/in424_nav/prefix_override:/root/ros2_ws/install/in424_nav/lib/python3.8/site-packages:${PYTHONPATH} /usr/bin/python3 setup.py egg_info --egg-base ../../../build/in424_nav build --build-base /root/ros2_ws/build/in424_nav/build install --record /root/ros2_ws/build/in424_nav/install.log --single-version-externally-managed
[1.161s] running egg_info
[1.162s] writing ../../../build/in424_nav/in424_nav.egg-info/PKG-INFO
[1.163s] writing dependency_links to ../../../build/in424_nav/in424_nav.egg-info/dependency_links.txt
[1.164s] writing entry points to ../../../build/in424_nav/in424_nav.egg-info/entry_points.txt
[1.164s] writing requirements to ../../../build/in424_nav/in424_nav.egg-info/requires.txt
[1.165s] writing top-level names to ../../../build/in424_nav/in424_nav.egg-info/top_level.txt
[1.193s] reading manifest file '../../../build/in424_nav/in424_nav.egg-info/SOURCES.txt'
[1.195s] writing manifest file '../../../build/in424_nav/in424_nav.egg-info/SOURCES.txt'
[1.195s] running build
[1.196s] running build_py
[1.196s] running install
[1.197s] running install_lib
[1.199s] running install_data
[1.199s] running install_egg_info
[1.201s] removing '/root/ros2_ws/install/in424_nav/lib/python3.8/site-packages/in424_nav-1.0.0-py3.8.egg-info' (and everything under it)
[1.202s] Copying ../../../build/in424_nav/in424_nav.egg-info to /root/ros2_ws/install/in424_nav/lib/python3.8/site-packages/in424_nav-1.0.0-py3.8.egg-info
[1.203s] running install_scripts
[1.219s] Installing agent script to /root/ros2_ws/install/in424_nav/lib/in424_nav
[1.220s] Installing map_manager script to /root/ros2_ws/install/in424_nav/lib/in424_nav
[1.220s] Installing tf_publishers script to /root/ros2_ws/install/in424_nav/lib/in424_nav
[1.221s] writing list of installed files to '/root/ros2_ws/build/in424_nav/install.log'
[1.254s] Invoked command in '/root/ros2_ws/src/IN424/in424_nav' returned '0': PYTHONPATH=/root/ros2_ws/build/in424_nav/prefix_override:/root/ros2_ws/install/in424_nav/lib/python3.8/site-packages:${PYTHONPATH} /usr/bin/python3 setup.py egg_info --egg-base ../../../build/in424_nav build --build-base /root/ros2_ws/build/in424_nav/build install --record /root/ros2_ws/build/in424_nav/install.log --single-version-externally-managed
