-- Found ament_cmake: 1.1.6 (/opt/ros/galactic/share/ament_cmake/cmake)
-- Using PYTHON_EXECUTABLE: /usr/bin/python3
-- Override CMake install command with custom implementation using symlinks instead of copying resources
-- Found ament_lint_auto: 0.10.7 (/opt/ros/galactic/share/ament_lint_auto/cmake)
-- Added test 'copyright' to check source files copyright and LICENSE
-- Added test 'flake8' to check Python code syntax and style conventions
-- Added test 'lint_cmake' to check CMake code style
-- Added test 'pep257' to check Python code against some of the style conventions in PEP 257
-- Added test 'xmllint' to check XML markup files
-- Configuring done
-- Generating done
-- Build files have been written to: /root/ros2_ws/build/in424_simu
-- Install configuration: ""
-- Execute custom install script
-- Up-to-date symlink: /root/ros2_ws/install/in424_simu/share/in424_simu/launch/spawn_robots_launch.py
-- Up-to-date symlink: /root/ros2_ws/install/in424_simu/share/in424_simu/launch/start_world_launch.py
-- Up-to-date symlink: /root/ros2_ws/install/in424_simu/share/in424_simu/worlds/env.world
-- Up-to-date symlink: /root/ros2_ws/install/in424_simu/share/in424_simu/worlds/env.world.save
-- Up-to-date symlink: /root/ros2_ws/install/in424_simu/share/in424_simu/worlds/env_base.world
-- Up-to-date symlink: /root/ros2_ws/install/in424_simu/share/in424_simu/models/box_1_1/model.config
-- Up-to-date symlink: /root/ros2_ws/install/in424_simu/share/in424_simu/models/box_1_1/model.sdf
-- Up-to-date symlink: /root/ros2_ws/install/in424_simu/share/in424_simu/models/box_2_2/model.config
-- Up-to-date symlink: /root/ros2_ws/install/in424_simu/share/in424_simu/models/box_2_2/model.sdf
-- Up-to-date symlink: /root/ros2_ws/install/in424_simu/share/in424_simu/models/box_3_2/model.config
-- Up-to-date symlink: /root/ros2_ws/install/in424_simu/share/in424_simu/models/box_3_2/model.sdf
-- Up-to-date symlink: /root/ros2_ws/install/in424_simu/share/in424_simu/models/small_cube/model.config
-- Up-to-date symlink: /root/ros2_ws/install/in424_simu/share/in424_simu/models/small_cube/model.sdf
-- Up-to-date symlink: /root/ros2_ws/install/in424_simu/share/in424_simu/models/walls/model.config
-- Up-to-date symlink: /root/ros2_ws/install/in424_simu/share/in424_simu/models/walls/model.sdf
-- Up-to-date symlink: /root/ros2_ws/install/in424_simu/share/in424_simu/models/walls_2/model.config
-- Up-to-date symlink: /root/ros2_ws/install/in424_simu/share/in424_simu/models/walls_2/model.sdf
-- Up-to-date symlink: /root/ros2_ws/install/in424_simu/share/in424_simu/cfg/config.rviz
-- Up-to-date symlink: /root/ros2_ws/install/in424_simu/share/ament_index/resource_index/package_run_dependencies/in424_simu
-- Up-to-date symlink: /root/ros2_ws/install/in424_simu/share/ament_index/resource_index/parent_prefix_path/in424_simu
-- Up-to-date symlink: /root/ros2_ws/install/in424_simu/share/in424_simu/environment/ament_prefix_path.sh
-- Up-to-date symlink: /root/ros2_ws/install/in424_simu/share/in424_simu/environment/ament_prefix_path.dsv
-- Up-to-date symlink: /root/ros2_ws/install/in424_simu/share/in424_simu/environment/path.sh
-- Up-to-date symlink: /root/ros2_ws/install/in424_simu/share/in424_simu/environment/path.dsv
-- Up-to-date symlink: /root/ros2_ws/install/in424_simu/share/in424_simu/local_setup.bash
-- Up-to-date symlink: /root/ros2_ws/install/in424_simu/share/in424_simu/local_setup.sh
-- Up-to-date symlink: /root/ros2_ws/install/in424_simu/share/in424_simu/local_setup.zsh
-- Up-to-date symlink: /root/ros2_ws/install/in424_simu/share/in424_simu/local_setup.dsv
-- Symlinking: /root/ros2_ws/install/in424_simu/share/in424_simu/package.dsv
-- Up-to-date symlink: /root/ros2_ws/install/in424_simu/share/ament_index/resource_index/packages/in424_simu
-- Up-to-date symlink: /root/ros2_ws/install/in424_simu/share/in424_simu/cmake/in424_simuConfig.cmake
-- Up-to-date symlink: /root/ros2_ws/install/in424_simu/share/in424_simu/cmake/in424_simuConfig-version.cmake
-- Up-to-date symlink: /root/ros2_ws/install/in424_simu/share/in424_simu/package.xml
