[0.015s] Invoking command in '/root/ros2_ws/build/in424_simu': CMAKE_PREFIX_PATH=/opt/ros/galactic /usr/bin/cmake /root/ros2_ws/src/IN424/in424_simu -DAMENT_CMAKE_SYMLINK_INSTALL=1 -DCMAKE_INSTALL_PREFIX=/root/ros2_ws/install/in424_simu
[0.054s] -- Found ament_cmake: 1.1.6 (/opt/ros/galactic/share/ament_cmake/cmake)
[0.076s] -- Using PYTHON_EXECUTABLE: /usr/bin/python3
[0.157s] -- Override CMake install command with custom implementation using symlinks instead of copying resources
[0.172s] -- Found ament_lint_auto: 0.10.7 (/opt/ros/galactic/share/ament_lint_auto/cmake)
[0.261s] -- Added test 'copyright' to check source files copyright and LICENSE
[0.266s] -- Added test 'flake8' to check Python code syntax and style conventions
[0.267s] -- Added test 'lint_cmake' to check CMake code style
[0.268s] -- Added test 'pep257' to check Python code against some of the style conventions in PEP 257
[0.274s] -- Added test 'xmllint' to check XML markup files
[0.280s] -- Configuring done
[0.301s] -- Generating done
[0.305s] -- Build files have been written to: /root/ros2_ws/build/in424_simu
[0.330s] Invoked command in '/root/ros2_ws/build/in424_simu' returned '0': CMAKE_PREFIX_PATH=/opt/ros/galactic /usr/bin/cmake /root/ros2_ws/src/IN424/in424_simu -DAMENT_CMAKE_SYMLINK_INSTALL=1 -DCMAKE_INSTALL_PREFIX=/root/ros2_ws/install/in424_simu
[0.336s] Invoking command in '/root/ros2_ws/build/in424_simu': CMAKE_PREFIX_PATH=/opt/ros/galactic /usr/bin/cmake --build /root/ros2_ws/build/in424_simu -- -j3 -l3
[0.405s] Invoked command in '/root/ros2_ws/build/in424_simu' returned '0': CMAKE_PREFIX_PATH=/opt/ros/galactic /usr/bin/cmake --build /root/ros2_ws/build/in424_simu -- -j3 -l3
[0.441s] Invoking command in '/root/ros2_ws/build/in424_simu': CMAKE_PREFIX_PATH=/opt/ros/galactic /usr/bin/cmake --install /root/ros2_ws/build/in424_simu
[0.451s] -- Install configuration: ""
[0.452s] -- Execute custom install script
[0.452s] -- Up-to-date symlink: /root/ros2_ws/install/in424_simu/share/in424_simu/launch/spawn_robots_launch.py
[0.452s] -- Up-to-date symlink: /root/ros2_ws/install/in424_simu/share/in424_simu/launch/start_world_launch.py
[0.453s] -- Up-to-date symlink: /root/ros2_ws/install/in424_simu/share/in424_simu/worlds/env.world
[0.453s] -- Up-to-date symlink: /root/ros2_ws/install/in424_simu/share/in424_simu/worlds/env.world.save
[0.453s] -- Up-to-date symlink: /root/ros2_ws/install/in424_simu/share/in424_simu/worlds/env_base.world
[0.454s] -- Up-to-date symlink: /root/ros2_ws/install/in424_simu/share/in424_simu/models/box_1_1/model.config
[0.454s] -- Up-to-date symlink: /root/ros2_ws/install/in424_simu/share/in424_simu/models/box_1_1/model.sdf
[0.454s] -- Up-to-date symlink: /root/ros2_ws/install/in424_simu/share/in424_simu/models/box_2_2/model.config
[0.454s] -- Up-to-date symlink: /root/ros2_ws/install/in424_simu/share/in424_simu/models/box_2_2/model.sdf
[0.454s] -- Up-to-date symlink: /root/ros2_ws/install/in424_simu/share/in424_simu/models/box_3_2/model.config
[0.455s] -- Up-to-date symlink: /root/ros2_ws/install/in424_simu/share/in424_simu/models/box_3_2/model.sdf
[0.455s] -- Up-to-date symlink: /root/ros2_ws/install/in424_simu/share/in424_simu/models/small_cube/model.config
[0.455s] -- Up-to-date symlink: /root/ros2_ws/install/in424_simu/share/in424_simu/models/small_cube/model.sdf
[0.456s] -- Up-to-date symlink: /root/ros2_ws/install/in424_simu/share/in424_simu/models/walls/model.config
[0.456s] -- Up-to-date symlink: /root/ros2_ws/install/in424_simu/share/in424_simu/models/walls/model.sdf
[0.456s] -- Up-to-date symlink: /root/ros2_ws/install/in424_simu/share/in424_simu/models/walls_2/model.config
[0.456s] -- Up-to-date symlink: /root/ros2_ws/install/in424_simu/share/in424_simu/models/walls_2/model.sdf
[0.457s] -- Up-to-date symlink: /root/ros2_ws/install/in424_simu/share/in424_simu/cfg/config.rviz
[0.458s] -- Up-to-date symlink: /root/ros2_ws/install/in424_simu/share/ament_index/resource_index/package_run_dependencies/in424_simu
[0.460s] -- Up-to-date symlink: /root/ros2_ws/install/in424_simu/share/ament_index/resource_index/parent_prefix_path/in424_simu
[0.461s] -- Up-to-date symlink: /root/ros2_ws/install/in424_simu/share/in424_simu/environment/ament_prefix_path.sh
[0.461s] -- Up-to-date symlink: /root/ros2_ws/install/in424_simu/share/in424_simu/environment/ament_prefix_path.dsv
[0.462s] -- Up-to-date symlink: /root/ros2_ws/install/in424_simu/share/in424_simu/environment/path.sh
[0.462s] -- Up-to-date symlink: /root/ros2_ws/install/in424_simu/share/in424_simu/environment/path.dsv
[0.462s] -- Up-to-date symlink: /root/ros2_ws/install/in424_simu/share/in424_simu/local_setup.bash
[0.471s] -- Up-to-date symlink: /root/ros2_ws/install/in424_simu/share/in424_simu/local_setup.sh
[0.479s] -- Up-to-date symlink: /root/ros2_ws/install/in424_simu/share/in424_simu/local_setup.zsh
[0.479s] -- Up-to-date symlink: /root/ros2_ws/install/in424_simu/share/in424_simu/local_setup.dsv
[0.479s] -- Symlinking: /root/ros2_ws/install/in424_simu/share/in424_simu/package.dsv
[0.493s] -- Up-to-date symlink: /root/ros2_ws/install/in424_simu/share/ament_index/resource_index/packages/in424_simu
[0.494s] -- Up-to-date symlink: /root/ros2_ws/install/in424_simu/share/in424_simu/cmake/in424_simuConfig.cmake
[0.495s] -- Up-to-date symlink: /root/ros2_ws/install/in424_simu/share/in424_simu/cmake/in424_simuConfig-version.cmake
[0.495s] -- Up-to-date symlink: /root/ros2_ws/install/in424_simu/share/in424_simu/package.xml
[0.502s] Invoked command in '/root/ros2_ws/build/in424_simu' returned '0': CMAKE_PREFIX_PATH=/opt/ros/galactic /usr/bin/cmake --install /root/ros2_ws/build/in424_simu
