[0.154s] DEBUG:colcon:Command line arguments: ['/usr/bin/colcon', 'build', '--symlink-install']
[0.155s] DEBUG:colcon:Parsed command line arguments: Namespace(ament_cmake_args=None, base_paths=['.'], build_base='build', catkin_cmake_args=None, catkin_skip_building_tests=False, cmake_args=None, cmake_clean_cache=False, cmake_clean_first=False, cmake_force_configure=False, cmake_target=None, cmake_target_skip_unavailable=False, continue_on_error=False, event_handlers=None, executor='parallel', ignore_user_meta=False, install_base='install', log_base=None, log_level=None, main=<bound method BuildVerb.main of <colcon_core.verb.build.BuildVerb object at 0x71d31d18ef40>>, merge_install=False, metas=['./colcon.meta'], mixin=None, mixin_files=None, mixin_verb=('build',), packages_above=None, packages_above_and_dependencies=None, packages_above_depth=None, packages_end=None, packages_ignore=None, packages_ignore_regex=None, packages_select=None, packages_select_build_failed=False, packages_select_by_dep=None, packages_select_regex=None, packages_select_test_failures=False, packages_skip=None, packages_skip_build_finished=False, packages_skip_by_dep=None, packages_skip_regex=None, packages_skip_test_passed=False, packages_skip_up_to=None, packages_start=None, packages_up_to=None, packages_up_to_regex=None, parallel_workers=3, paths=None, symlink_install=True, test_result_base=None, verb_extension=<colcon_core.verb.build.BuildVerb object at 0x71d31d18ef40>, verb_name='build', verb_parser=<colcon_mixin.mixin.mixin_argument.MixinArgumentDecorator object at 0x71d31d199580>)
[0.177s] Level 1:colcon.colcon_core.package_discovery:discover_packages(colcon_meta) check parameters
[0.178s] INFO:colcon.colcon_metadata.package_discovery.colcon_meta:Using configuration from '/root/.colcon/metadata/default/Gazebo.meta'
[0.178s] INFO:colcon.colcon_metadata.package_discovery.colcon_meta:Using configuration from '/root/.colcon/metadata/default/fastdds.meta'
[0.178s] INFO:colcon.colcon_metadata.package_discovery.colcon_meta:Using configuration from '/root/.colcon/metadata/default/fastrtps.meta'
[0.178s] Level 1:colcon.colcon_core.package_discovery:discover_packages(recursive) check parameters
[0.178s] Level 1:colcon.colcon_core.package_discovery:discover_packages(ignore) check parameters
[0.178s] Level 1:colcon.colcon_core.package_discovery:discover_packages(path) check parameters
[0.178s] Level 1:colcon.colcon_core.package_discovery:discover_packages(colcon_meta) discover
[0.178s] Level 1:colcon.colcon_core.package_discovery:discover_packages(recursive) discover
[0.178s] INFO:colcon.colcon_core.package_discovery:Crawling recursively for packages in '/root/ros2_ws'
[0.179s] Level 1:colcon.colcon_core.package_identification:_identify(.) by extensions ['ignore', 'ignore_ament_install']
[0.179s] Level 1:colcon.colcon_core.package_identification:_identify(.) by extension 'ignore'
[0.179s] Level 1:colcon.colcon_core.package_identification:_identify(.) by extension 'ignore_ament_install'
[0.179s] Level 1:colcon.colcon_core.package_identification:_identify(.) by extensions ['colcon_pkg']
[0.179s] Level 1:colcon.colcon_core.package_identification:_identify(.) by extension 'colcon_pkg'
[0.179s] Level 1:colcon.colcon_core.package_identification:_identify(.) by extensions ['colcon_meta']
[0.179s] Level 1:colcon.colcon_core.package_identification:_identify(.) by extension 'colcon_meta'
[0.179s] Level 1:colcon.colcon_core.package_identification:_identify(.) by extensions ['ros']
[0.179s] Level 1:colcon.colcon_core.package_identification:_identify(.) by extension 'ros'
[0.189s] Level 1:colcon.colcon_core.package_identification:_identify(.) by extensions ['cmake', 'python']
[0.189s] Level 1:colcon.colcon_core.package_identification:_identify(.) by extension 'cmake'
[0.189s] Level 1:colcon.colcon_core.package_identification:_identify(.) by extension 'python'
[0.189s] Level 1:colcon.colcon_core.package_identification:_identify(.) by extensions ['python_setup_py']
[0.189s] Level 1:colcon.colcon_core.package_identification:_identify(.) by extension 'python_setup_py'
[0.189s] Level 1:colcon.colcon_core.package_identification:_identify(Mur_smart_resto) by extensions ['ignore', 'ignore_ament_install']
[0.189s] Level 1:colcon.colcon_core.package_identification:_identify(Mur_smart_resto) by extension 'ignore'
[0.189s] Level 1:colcon.colcon_core.package_identification:_identify(Mur_smart_resto) by extension 'ignore_ament_install'
[0.189s] Level 1:colcon.colcon_core.package_identification:_identify(Mur_smart_resto) by extensions ['colcon_pkg']
[0.189s] Level 1:colcon.colcon_core.package_identification:_identify(Mur_smart_resto) by extension 'colcon_pkg'
[0.189s] Level 1:colcon.colcon_core.package_identification:_identify(Mur_smart_resto) by extensions ['colcon_meta']
[0.189s] Level 1:colcon.colcon_core.package_identification:_identify(Mur_smart_resto) by extension 'colcon_meta'
[0.189s] Level 1:colcon.colcon_core.package_identification:_identify(Mur_smart_resto) by extensions ['ros']
[0.189s] Level 1:colcon.colcon_core.package_identification:_identify(Mur_smart_resto) by extension 'ros'
[0.190s] Level 1:colcon.colcon_core.package_identification:_identify(Mur_smart_resto) by extensions ['cmake', 'python']
[0.190s] Level 1:colcon.colcon_core.package_identification:_identify(Mur_smart_resto) by extension 'cmake'
[0.190s] Level 1:colcon.colcon_core.package_identification:_identify(Mur_smart_resto) by extension 'python'
[0.190s] Level 1:colcon.colcon_core.package_identification:_identify(Mur_smart_resto) by extensions ['python_setup_py']
[0.190s] Level 1:colcon.colcon_core.package_identification:_identify(Mur_smart_resto) by extension 'python_setup_py'
[0.190s] Level 1:colcon.colcon_core.package_identification:_identify(build) by extensions ['ignore', 'ignore_ament_install']
[0.190s] Level 1:colcon.colcon_core.package_identification:_identify(build) by extension 'ignore'
[0.190s] Level 1:colcon.colcon_core.package_identification:_identify(build) ignored
[0.190s] Level 1:colcon.colcon_core.package_identification:_identify(install) by extensions ['ignore', 'ignore_ament_install']
[0.190s] Level 1:colcon.colcon_core.package_identification:_identify(install) by extension 'ignore'
[0.190s] Level 1:colcon.colcon_core.package_identification:_identify(install) ignored
[0.190s] Level 1:colcon.colcon_core.package_identification:_identify(log) by extensions ['ignore', 'ignore_ament_install']
[0.190s] Level 1:colcon.colcon_core.package_identification:_identify(log) by extension 'ignore'
[0.190s] Level 1:colcon.colcon_core.package_identification:_identify(log) ignored
[0.190s] Level 1:colcon.colcon_core.package_identification:_identify(src) by extensions ['ignore', 'ignore_ament_install']
[0.190s] Level 1:colcon.colcon_core.package_identification:_identify(src) by extension 'ignore'
[0.190s] Level 1:colcon.colcon_core.package_identification:_identify(src) by extension 'ignore_ament_install'
[0.190s] Level 1:colcon.colcon_core.package_identification:_identify(src) by extensions ['colcon_pkg']
[0.190s] Level 1:colcon.colcon_core.package_identification:_identify(src) by extension 'colcon_pkg'
[0.190s] Level 1:colcon.colcon_core.package_identification:_identify(src) by extensions ['colcon_meta']
[0.190s] Level 1:colcon.colcon_core.package_identification:_identify(src) by extension 'colcon_meta'
[0.190s] Level 1:colcon.colcon_core.package_identification:_identify(src) by extensions ['ros']
[0.190s] Level 1:colcon.colcon_core.package_identification:_identify(src) by extension 'ros'
[0.191s] Level 1:colcon.colcon_core.package_identification:_identify(src) by extensions ['cmake', 'python']
[0.191s] Level 1:colcon.colcon_core.package_identification:_identify(src) by extension 'cmake'
[0.191s] Level 1:colcon.colcon_core.package_identification:_identify(src) by extension 'python'
[0.191s] Level 1:colcon.colcon_core.package_identification:_identify(src) by extensions ['python_setup_py']
[0.191s] Level 1:colcon.colcon_core.package_identification:_identify(src) by extension 'python_setup_py'
[0.191s] Level 1:colcon.colcon_core.package_identification:_identify(src/IN424) by extensions ['ignore', 'ignore_ament_install']
[0.191s] Level 1:colcon.colcon_core.package_identification:_identify(src/IN424) by extension 'ignore'
[0.191s] Level 1:colcon.colcon_core.package_identification:_identify(src/IN424) by extension 'ignore_ament_install'
[0.191s] Level 1:colcon.colcon_core.package_identification:_identify(src/IN424) by extensions ['colcon_pkg']
[0.191s] Level 1:colcon.colcon_core.package_identification:_identify(src/IN424) by extension 'colcon_pkg'
[0.191s] Level 1:colcon.colcon_core.package_identification:_identify(src/IN424) by extensions ['colcon_meta']
[0.191s] Level 1:colcon.colcon_core.package_identification:_identify(src/IN424) by extension 'colcon_meta'
[0.191s] Level 1:colcon.colcon_core.package_identification:_identify(src/IN424) by extensions ['ros']
[0.191s] Level 1:colcon.colcon_core.package_identification:_identify(src/IN424) by extension 'ros'
[0.191s] Level 1:colcon.colcon_core.package_identification:_identify(src/IN424) by extensions ['cmake', 'python']
[0.191s] Level 1:colcon.colcon_core.package_identification:_identify(src/IN424) by extension 'cmake'
[0.191s] Level 1:colcon.colcon_core.package_identification:_identify(src/IN424) by extension 'python'
[0.191s] Level 1:colcon.colcon_core.package_identification:_identify(src/IN424) by extensions ['python_setup_py']
[0.191s] Level 1:colcon.colcon_core.package_identification:_identify(src/IN424) by extension 'python_setup_py'
[0.191s] Level 1:colcon.colcon_core.package_identification:_identify(src/IN424/in424_desc) by extensions ['ignore', 'ignore_ament_install']
[0.191s] Level 1:colcon.colcon_core.package_identification:_identify(src/IN424/in424_desc) by extension 'ignore'
[0.191s] Level 1:colcon.colcon_core.package_identification:_identify(src/IN424/in424_desc) by extension 'ignore_ament_install'
[0.191s] Level 1:colcon.colcon_core.package_identification:_identify(src/IN424/in424_desc) by extensions ['colcon_pkg']
[0.191s] Level 1:colcon.colcon_core.package_identification:_identify(src/IN424/in424_desc) by extension 'colcon_pkg'
[0.191s] Level 1:colcon.colcon_core.package_identification:_identify(src/IN424/in424_desc) by extensions ['colcon_meta']
[0.191s] Level 1:colcon.colcon_core.package_identification:_identify(src/IN424/in424_desc) by extension 'colcon_meta'
[0.191s] Level 1:colcon.colcon_core.package_identification:_identify(src/IN424/in424_desc) by extensions ['ros']
[0.191s] Level 1:colcon.colcon_core.package_identification:_identify(src/IN424/in424_desc) by extension 'ros'
[0.194s] DEBUG:colcon.colcon_core.package_identification:Package 'src/IN424/in424_desc' with type 'ros.ament_cmake' and name 'in424_desc'
[0.194s] Level 1:colcon.colcon_core.package_identification:_identify(src/IN424/in424_msgs) by extensions ['ignore', 'ignore_ament_install']
[0.194s] Level 1:colcon.colcon_core.package_identification:_identify(src/IN424/in424_msgs) by extension 'ignore'
[0.194s] Level 1:colcon.colcon_core.package_identification:_identify(src/IN424/in424_msgs) by extension 'ignore_ament_install'
[0.194s] Level 1:colcon.colcon_core.package_identification:_identify(src/IN424/in424_msgs) by extensions ['colcon_pkg']
[0.194s] Level 1:colcon.colcon_core.package_identification:_identify(src/IN424/in424_msgs) by extension 'colcon_pkg'
[0.194s] Level 1:colcon.colcon_core.package_identification:_identify(src/IN424/in424_msgs) by extensions ['colcon_meta']
[0.194s] Level 1:colcon.colcon_core.package_identification:_identify(src/IN424/in424_msgs) by extension 'colcon_meta'
[0.194s] Level 1:colcon.colcon_core.package_identification:_identify(src/IN424/in424_msgs) by extensions ['ros']
[0.194s] Level 1:colcon.colcon_core.package_identification:_identify(src/IN424/in424_msgs) by extension 'ros'
[0.195s] DEBUG:colcon.colcon_core.package_identification:Package 'src/IN424/in424_msgs' with type 'ros.ament_cmake' and name 'in424_msgs'
[0.195s] Level 1:colcon.colcon_core.package_identification:_identify(src/IN424/in424_nav) by extensions ['ignore', 'ignore_ament_install']
[0.195s] Level 1:colcon.colcon_core.package_identification:_identify(src/IN424/in424_nav) by extension 'ignore'
[0.195s] Level 1:colcon.colcon_core.package_identification:_identify(src/IN424/in424_nav) by extension 'ignore_ament_install'
[0.195s] Level 1:colcon.colcon_core.package_identification:_identify(src/IN424/in424_nav) by extensions ['colcon_pkg']
[0.195s] Level 1:colcon.colcon_core.package_identification:_identify(src/IN424/in424_nav) by extension 'colcon_pkg'
[0.195s] Level 1:colcon.colcon_core.package_identification:_identify(src/IN424/in424_nav) by extensions ['colcon_meta']
[0.195s] Level 1:colcon.colcon_core.package_identification:_identify(src/IN424/in424_nav) by extension 'colcon_meta'
[0.195s] Level 1:colcon.colcon_core.package_identification:_identify(src/IN424/in424_nav) by extensions ['ros']
[0.195s] Level 1:colcon.colcon_core.package_identification:_identify(src/IN424/in424_nav) by extension 'ros'
[0.196s] DEBUG:colcon.colcon_core.package_identification:Package 'src/IN424/in424_nav' with type 'ros.ament_python' and name 'in424_nav'
[0.196s] Level 1:colcon.colcon_core.package_identification:_identify(src/IN424/in424_simu) by extensions ['ignore', 'ignore_ament_install']
[0.196s] Level 1:colcon.colcon_core.package_identification:_identify(src/IN424/in424_simu) by extension 'ignore'
[0.196s] Level 1:colcon.colcon_core.package_identification:_identify(src/IN424/in424_simu) by extension 'ignore_ament_install'
[0.196s] Level 1:colcon.colcon_core.package_identification:_identify(src/IN424/in424_simu) by extensions ['colcon_pkg']
[0.196s] Level 1:colcon.colcon_core.package_identification:_identify(src/IN424/in424_simu) by extension 'colcon_pkg'
[0.196s] Level 1:colcon.colcon_core.package_identification:_identify(src/IN424/in424_simu) by extensions ['colcon_meta']
[0.196s] Level 1:colcon.colcon_core.package_identification:_identify(src/IN424/in424_simu) by extension 'colcon_meta'
[0.196s] Level 1:colcon.colcon_core.package_identification:_identify(src/IN424/in424_simu) by extensions ['ros']
[0.196s] Level 1:colcon.colcon_core.package_identification:_identify(src/IN424/in424_simu) by extension 'ros'
[0.196s] DEBUG:colcon.colcon_core.package_identification:Package 'src/IN424/in424_simu' with type 'ros.ament_cmake' and name 'in424_simu'
[0.196s] Level 1:colcon.colcon_core.package_discovery:discover_packages(recursive) using defaults
[0.196s] Level 1:colcon.colcon_core.package_discovery:discover_packages(ignore) discover
[0.196s] Level 1:colcon.colcon_core.package_discovery:discover_packages(ignore) using defaults
[0.196s] Level 1:colcon.colcon_core.package_discovery:discover_packages(path) discover
[0.196s] Level 1:colcon.colcon_core.package_discovery:discover_packages(path) using defaults
[0.226s] Level 5:colcon.colcon_core.verb:set package 'in424_desc' build argument 'cmake_args' from command line to 'None'
[0.226s] Level 5:colcon.colcon_core.verb:set package 'in424_desc' build argument 'cmake_target' from command line to 'None'
[0.226s] Level 5:colcon.colcon_core.verb:set package 'in424_desc' build argument 'cmake_target_skip_unavailable' from command line to 'False'
[0.226s] Level 5:colcon.colcon_core.verb:set package 'in424_desc' build argument 'cmake_clean_cache' from command line to 'False'
[0.227s] Level 5:colcon.colcon_core.verb:set package 'in424_desc' build argument 'cmake_clean_first' from command line to 'False'
[0.227s] Level 5:colcon.colcon_core.verb:set package 'in424_desc' build argument 'cmake_force_configure' from command line to 'False'
[0.227s] Level 5:colcon.colcon_core.verb:set package 'in424_desc' build argument 'ament_cmake_args' from command line to 'None'
[0.227s] Level 5:colcon.colcon_core.verb:set package 'in424_desc' build argument 'catkin_cmake_args' from command line to 'None'
[0.227s] Level 5:colcon.colcon_core.verb:set package 'in424_desc' build argument 'catkin_skip_building_tests' from command line to 'False'
[0.227s] DEBUG:colcon.colcon_core.verb:Building package 'in424_desc' with the following arguments: {'ament_cmake_args': None, 'build_base': '/root/ros2_ws/build/in424_desc', 'catkin_cmake_args': None, 'catkin_skip_building_tests': False, 'cmake_args': None, 'cmake_clean_cache': False, 'cmake_clean_first': False, 'cmake_force_configure': False, 'cmake_target': None, 'cmake_target_skip_unavailable': False, 'install_base': '/root/ros2_ws/install/in424_desc', 'merge_install': False, 'path': '/root/ros2_ws/src/IN424/in424_desc', 'symlink_install': True, 'test_result_base': None}
[0.227s] Level 5:colcon.colcon_core.verb:set package 'in424_msgs' build argument 'cmake_args' from command line to 'None'
[0.228s] Level 5:colcon.colcon_core.verb:set package 'in424_msgs' build argument 'cmake_target' from command line to 'None'
[0.228s] Level 5:colcon.colcon_core.verb:set package 'in424_msgs' build argument 'cmake_target_skip_unavailable' from command line to 'False'
[0.228s] Level 5:colcon.colcon_core.verb:set package 'in424_msgs' build argument 'cmake_clean_cache' from command line to 'False'
[0.228s] Level 5:colcon.colcon_core.verb:set package 'in424_msgs' build argument 'cmake_clean_first' from command line to 'False'
[0.228s] Level 5:colcon.colcon_core.verb:set package 'in424_msgs' build argument 'cmake_force_configure' from command line to 'False'
[0.228s] Level 5:colcon.colcon_core.verb:set package 'in424_msgs' build argument 'ament_cmake_args' from command line to 'None'
[0.228s] Level 5:colcon.colcon_core.verb:set package 'in424_msgs' build argument 'catkin_cmake_args' from command line to 'None'
[0.228s] Level 5:colcon.colcon_core.verb:set package 'in424_msgs' build argument 'catkin_skip_building_tests' from command line to 'False'
[0.228s] DEBUG:colcon.colcon_core.verb:Building package 'in424_msgs' with the following arguments: {'ament_cmake_args': None, 'build_base': '/root/ros2_ws/build/in424_msgs', 'catkin_cmake_args': None, 'catkin_skip_building_tests': False, 'cmake_args': None, 'cmake_clean_cache': False, 'cmake_clean_first': False, 'cmake_force_configure': False, 'cmake_target': None, 'cmake_target_skip_unavailable': False, 'install_base': '/root/ros2_ws/install/in424_msgs', 'merge_install': False, 'path': '/root/ros2_ws/src/IN424/in424_msgs', 'symlink_install': True, 'test_result_base': None}
[0.228s] Level 5:colcon.colcon_core.verb:set package 'in424_nav' build argument 'cmake_args' from command line to 'None'
[0.228s] Level 5:colcon.colcon_core.verb:set package 'in424_nav' build argument 'cmake_target' from command line to 'None'
[0.228s] Level 5:colcon.colcon_core.verb:set package 'in424_nav' build argument 'cmake_target_skip_unavailable' from command line to 'False'
[0.228s] Level 5:colcon.colcon_core.verb:set package 'in424_nav' build argument 'cmake_clean_cache' from command line to 'False'
[0.228s] Level 5:colcon.colcon_core.verb:set package 'in424_nav' build argument 'cmake_clean_first' from command line to 'False'
[0.228s] Level 5:colcon.colcon_core.verb:set package 'in424_nav' build argument 'cmake_force_configure' from command line to 'False'
[0.228s] Level 5:colcon.colcon_core.verb:set package 'in424_nav' build argument 'ament_cmake_args' from command line to 'None'
[0.228s] Level 5:colcon.colcon_core.verb:set package 'in424_nav' build argument 'catkin_cmake_args' from command line to 'None'
[0.228s] Level 5:colcon.colcon_core.verb:set package 'in424_nav' build argument 'catkin_skip_building_tests' from command line to 'False'
[0.228s] DEBUG:colcon.colcon_core.verb:Building package 'in424_nav' with the following arguments: {'ament_cmake_args': None, 'build_base': '/root/ros2_ws/build/in424_nav', 'catkin_cmake_args': None, 'catkin_skip_building_tests': False, 'cmake_args': None, 'cmake_clean_cache': False, 'cmake_clean_first': False, 'cmake_force_configure': False, 'cmake_target': None, 'cmake_target_skip_unavailable': False, 'install_base': '/root/ros2_ws/install/in424_nav', 'merge_install': False, 'path': '/root/ros2_ws/src/IN424/in424_nav', 'symlink_install': True, 'test_result_base': None}
[0.229s] Level 5:colcon.colcon_core.verb:set package 'in424_simu' build argument 'cmake_args' from command line to 'None'
[0.229s] Level 5:colcon.colcon_core.verb:set package 'in424_simu' build argument 'cmake_target' from command line to 'None'
[0.229s] Level 5:colcon.colcon_core.verb:set package 'in424_simu' build argument 'cmake_target_skip_unavailable' from command line to 'False'
[0.229s] Level 5:colcon.colcon_core.verb:set package 'in424_simu' build argument 'cmake_clean_cache' from command line to 'False'
[0.229s] Level 5:colcon.colcon_core.verb:set package 'in424_simu' build argument 'cmake_clean_first' from command line to 'False'
[0.229s] Level 5:colcon.colcon_core.verb:set package 'in424_simu' build argument 'cmake_force_configure' from command line to 'False'
[0.229s] Level 5:colcon.colcon_core.verb:set package 'in424_simu' build argument 'ament_cmake_args' from command line to 'None'
[0.229s] Level 5:colcon.colcon_core.verb:set package 'in424_simu' build argument 'catkin_cmake_args' from command line to 'None'
[0.229s] Level 5:colcon.colcon_core.verb:set package 'in424_simu' build argument 'catkin_skip_building_tests' from command line to 'False'
[0.229s] DEBUG:colcon.colcon_core.verb:Building package 'in424_simu' with the following arguments: {'ament_cmake_args': None, 'build_base': '/root/ros2_ws/build/in424_simu', 'catkin_cmake_args': None, 'catkin_skip_building_tests': False, 'cmake_args': None, 'cmake_clean_cache': False, 'cmake_clean_first': False, 'cmake_force_configure': False, 'cmake_target': None, 'cmake_target_skip_unavailable': False, 'install_base': '/root/ros2_ws/install/in424_simu', 'merge_install': False, 'path': '/root/ros2_ws/src/IN424/in424_simu', 'symlink_install': True, 'test_result_base': None}
[0.230s] INFO:colcon.colcon_core.executor:Executing jobs using 'parallel' executor
[0.234s] DEBUG:colcon.colcon_parallel_executor.executor.parallel:run_until_complete
[0.235s] INFO:colcon.colcon_ros.task.ament_cmake.build:Building ROS package in '/root/ros2_ws/src/IN424/in424_desc' with build type 'ament_cmake'
[0.235s] INFO:colcon.colcon_cmake.task.cmake.build:Building CMake package in '/root/ros2_ws/src/IN424/in424_desc'
[0.243s] INFO:colcon.colcon_core.plugin_system:Skipping extension 'colcon_core.shell.bat': Not used on non-Windows systems
[0.243s] INFO:colcon.colcon_core.shell:Skip shell extension 'powershell' for command environment: Not usable outside of PowerShell
[0.243s] DEBUG:colcon.colcon_core.shell:Skip shell extension 'dsv' for command environment
[0.254s] INFO:colcon.colcon_ros.task.ament_cmake.build:Building ROS package in '/root/ros2_ws/src/IN424/in424_msgs' with build type 'ament_cmake'
[0.254s] INFO:colcon.colcon_cmake.task.cmake.build:Building CMake package in '/root/ros2_ws/src/IN424/in424_msgs'
[0.265s] INFO:colcon.colcon_core.shell:Skip shell extension 'powershell' for command environment: Not usable outside of PowerShell
[0.265s] DEBUG:colcon.colcon_core.shell:Skip shell extension 'dsv' for command environment
[0.271s] INFO:colcon.colcon_ros.task.ament_python.build:Building ROS package in '/root/ros2_ws/src/IN424/in424_nav' with build type 'ament_python'
[0.271s] Level 1:colcon.colcon_core.shell:create_environment_hook('in424_nav', 'ament_prefix_path')
[0.273s] INFO:colcon.colcon_core.shell:Creating environment hook '/root/ros2_ws/install/in424_nav/share/in424_nav/hook/ament_prefix_path.ps1'
[0.279s] INFO:colcon.colcon_core.shell:Creating environment descriptor '/root/ros2_ws/install/in424_nav/share/in424_nav/hook/ament_prefix_path.dsv'
[0.280s] INFO:colcon.colcon_core.shell:Creating environment hook '/root/ros2_ws/install/in424_nav/share/in424_nav/hook/ament_prefix_path.sh'
[0.282s] INFO:colcon.colcon_core.shell:Skip shell extension 'powershell' for command environment: Not usable outside of PowerShell
[0.282s] DEBUG:colcon.colcon_core.shell:Skip shell extension 'dsv' for command environment
[0.309s] DEBUG:colcon.colcon_core.event_handler.log_command:Invoking command in '/root/ros2_ws/build/in424_desc': CMAKE_PREFIX_PATH=/opt/ros/galactic /usr/bin/cmake /root/ros2_ws/src/IN424/in424_desc -DAMENT_CMAKE_SYMLINK_INSTALL=1 -DCMAKE_INSTALL_PREFIX=/root/ros2_ws/install/in424_desc
[0.315s] DEBUG:colcon.colcon_core.event_handler.log_command:Invoking command in '/root/ros2_ws/build/in424_msgs': CMAKE_PREFIX_PATH=/opt/ros/galactic /usr/bin/cmake /root/ros2_ws/src/IN424/in424_msgs -DAMENT_CMAKE_SYMLINK_INSTALL=1 -DCMAKE_INSTALL_PREFIX=/root/ros2_ws/install/in424_msgs
[0.582s] INFO:colcon.colcon_core.task.python.build:Building Python package in '/root/ros2_ws/src/IN424/in424_nav'
[0.584s] INFO:colcon.colcon_core.shell:Skip shell extension 'powershell' for command environment: Not usable outside of PowerShell
[0.584s] DEBUG:colcon.colcon_core.shell:Skip shell extension 'dsv' for command environment
[0.945s] DEBUG:colcon.colcon_core.event_handler.log_command:Invoking command in '/root/ros2_ws/build/in424_nav': PYTHONPATH=/root/ros2_ws/build/in424_nav/prefix_override:/root/ros2_ws/install/in424_nav/lib/python3.8/site-packages:${PYTHONPATH} /usr/bin/python3 setup.py develop --editable --build-directory /root/ros2_ws/build/in424_nav/build --no-deps install_data
[1.112s] DEBUG:colcon.colcon_core.event_handler.log_command:Invoked command in '/root/ros2_ws/build/in424_desc' returned '0': CMAKE_PREFIX_PATH=/opt/ros/galactic /usr/bin/cmake /root/ros2_ws/src/IN424/in424_desc -DAMENT_CMAKE_SYMLINK_INSTALL=1 -DCMAKE_INSTALL_PREFIX=/root/ros2_ws/install/in424_desc
[1.112s] DEBUG:colcon.colcon_core.event_handler.log_command:Invoking command in '/root/ros2_ws/build/in424_desc': CMAKE_PREFIX_PATH=/opt/ros/galactic /usr/bin/cmake --build /root/ros2_ws/build/in424_desc -- -j3 -l3
[1.170s] DEBUG:colcon.colcon_core.event_handler.log_command:Invoked command in '/root/ros2_ws/build/in424_desc' returned '0': CMAKE_PREFIX_PATH=/opt/ros/galactic /usr/bin/cmake --build /root/ros2_ws/build/in424_desc -- -j3 -l3
[1.245s] DEBUG:colcon.colcon_core.event_handler.log_command:Invoking command in '/root/ros2_ws/build/in424_desc': CMAKE_PREFIX_PATH=/opt/ros/galactic /usr/bin/cmake --install /root/ros2_ws/build/in424_desc
[1.322s] Level 1:colcon.colcon_core.shell:create_environment_hook('in424_nav', 'pythonpath_develop')
[1.323s] INFO:colcon.colcon_core.shell:Creating environment hook '/root/ros2_ws/build/in424_nav/share/in424_nav/hook/pythonpath_develop.ps1'
[1.324s] DEBUG:colcon.colcon_core.event_handler.log_command:Invoked command in '/root/ros2_ws/build/in424_nav' returned '0': PYTHONPATH=/root/ros2_ws/build/in424_nav/prefix_override:/root/ros2_ws/install/in424_nav/lib/python3.8/site-packages:${PYTHONPATH} /usr/bin/python3 setup.py develop --editable --build-directory /root/ros2_ws/build/in424_nav/build --no-deps install_data
[1.331s] INFO:colcon.colcon_core.shell:Creating environment descriptor '/root/ros2_ws/build/in424_nav/share/in424_nav/hook/pythonpath_develop.dsv'
[1.331s] INFO:colcon.colcon_core.shell:Creating environment hook '/root/ros2_ws/build/in424_nav/share/in424_nav/hook/pythonpath_develop.sh'
[1.337s] Level 1:colcon.colcon_core.environment:checking '/root/ros2_ws/install/in424_nav' for CMake module files
[1.340s] Level 1:colcon.colcon_core.environment:checking '/root/ros2_ws/install/in424_nav' for CMake config files
[1.341s] Level 1:colcon.colcon_core.environment:checking '/root/ros2_ws/install/in424_nav/lib'
[1.342s] Level 1:colcon.colcon_core.environment:checking '/root/ros2_ws/install/in424_nav/bin'
[1.342s] Level 1:colcon.colcon_core.environment:checking '/root/ros2_ws/install/in424_nav/lib/pkgconfig/in424_nav.pc'
[1.342s] Level 1:colcon.colcon_core.environment:checking '/root/ros2_ws/install/in424_nav/lib/python3.8/site-packages'
[1.342s] Level 1:colcon.colcon_core.shell:create_environment_hook('in424_nav', 'pythonpath')
[1.343s] INFO:colcon.colcon_core.shell:Creating environment hook '/root/ros2_ws/install/in424_nav/share/in424_nav/hook/pythonpath.ps1'
[1.345s] INFO:colcon.colcon_core.shell:Creating environment descriptor '/root/ros2_ws/install/in424_nav/share/in424_nav/hook/pythonpath.dsv'
[1.345s] INFO:colcon.colcon_core.shell:Creating environment hook '/root/ros2_ws/install/in424_nav/share/in424_nav/hook/pythonpath.sh'
[1.345s] Level 1:colcon.colcon_core.environment:checking '/root/ros2_ws/install/in424_nav/bin'
[1.346s] Level 1:colcon.colcon_core.environment:create_environment_scripts_only(in424_nav)
[1.347s] INFO:colcon.colcon_core.shell:Creating package script '/root/ros2_ws/install/in424_nav/share/in424_nav/package.ps1'
[1.347s] INFO:colcon.colcon_core.shell:Creating package descriptor '/root/ros2_ws/install/in424_nav/share/in424_nav/package.dsv'
[1.348s] INFO:colcon.colcon_core.shell:Creating package script '/root/ros2_ws/install/in424_nav/share/in424_nav/package.sh'
[1.348s] INFO:colcon.colcon_core.shell:Creating package script '/root/ros2_ws/install/in424_nav/share/in424_nav/package.bash'
[1.349s] INFO:colcon.colcon_core.shell:Creating package script '/root/ros2_ws/install/in424_nav/share/in424_nav/package.zsh'
[1.350s] Level 1:colcon.colcon_core.environment:create_file_with_runtime_dependencies(/root/ros2_ws/install/in424_nav/share/colcon-core/packages/in424_nav)
[1.351s] INFO:colcon.colcon_ros.task.ament_cmake.build:Building ROS package in '/root/ros2_ws/src/IN424/in424_simu' with build type 'ament_cmake'
[1.351s] INFO:colcon.colcon_cmake.task.cmake.build:Building CMake package in '/root/ros2_ws/src/IN424/in424_simu'
[1.353s] INFO:colcon.colcon_core.shell:Skip shell extension 'powershell' for command environment: Not usable outside of PowerShell
[1.353s] DEBUG:colcon.colcon_core.shell:Skip shell extension 'dsv' for command environment
[1.378s] DEBUG:colcon.colcon_core.event_handler.log_command:Invoking command in '/root/ros2_ws/build/in424_simu': CMAKE_PREFIX_PATH=/opt/ros/galactic /usr/bin/cmake /root/ros2_ws/src/IN424/in424_simu -DAMENT_CMAKE_SYMLINK_INSTALL=1 -DCMAKE_INSTALL_PREFIX=/root/ros2_ws/install/in424_simu
[1.438s] DEBUG:colcon.colcon_core.event_handler.log_command:Invoked command in '/root/ros2_ws/build/in424_msgs' returned '0': CMAKE_PREFIX_PATH=/opt/ros/galactic /usr/bin/cmake /root/ros2_ws/src/IN424/in424_msgs -DAMENT_CMAKE_SYMLINK_INSTALL=1 -DCMAKE_INSTALL_PREFIX=/root/ros2_ws/install/in424_msgs
[1.438s] DEBUG:colcon.colcon_core.event_handler.log_command:Invoking command in '/root/ros2_ws/build/in424_msgs': CMAKE_PREFIX_PATH=/opt/ros/galactic /usr/bin/cmake --build /root/ros2_ws/build/in424_msgs -- -j3 -l3
[1.497s] DEBUG:colcon.colcon_core.event_handler.log_command:Invoked command in '/root/ros2_ws/build/in424_msgs' returned '0': CMAKE_PREFIX_PATH=/opt/ros/galactic /usr/bin/cmake --build /root/ros2_ws/build/in424_msgs -- -j3 -l3
[1.537s] Level 1:colcon.colcon_core.environment:create_environment_scripts_only(in424_desc)
[1.537s] DEBUG:colcon.colcon_core.event_handler.log_command:Invoked command in '/root/ros2_ws/build/in424_desc' returned '0': CMAKE_PREFIX_PATH=/opt/ros/galactic /usr/bin/cmake --install /root/ros2_ws/build/in424_desc
[1.541s] Level 1:colcon.colcon_core.environment:checking '/root/ros2_ws/install/in424_desc' for CMake module files
[1.542s] Level 1:colcon.colcon_core.environment:checking '/root/ros2_ws/install/in424_desc' for CMake config files
[1.543s] Level 1:colcon.colcon_core.shell:create_environment_hook('in424_desc', 'cmake_prefix_path')
[1.544s] INFO:colcon.colcon_core.shell:Creating environment hook '/root/ros2_ws/install/in424_desc/share/in424_desc/hook/cmake_prefix_path.ps1'
[1.545s] INFO:colcon.colcon_core.shell:Creating environment descriptor '/root/ros2_ws/install/in424_desc/share/in424_desc/hook/cmake_prefix_path.dsv'
[1.546s] INFO:colcon.colcon_core.shell:Creating environment hook '/root/ros2_ws/install/in424_desc/share/in424_desc/hook/cmake_prefix_path.sh'
[1.547s] Level 1:colcon.colcon_core.environment:checking '/root/ros2_ws/install/in424_desc/bin'
[1.547s] Level 1:colcon.colcon_core.environment:checking '/root/ros2_ws/install/in424_desc/lib/pkgconfig/in424_desc.pc'
[1.547s] Level 1:colcon.colcon_core.environment:checking '/root/ros2_ws/install/in424_desc/lib/python3.8/site-packages'
[1.547s] Level 1:colcon.colcon_core.environment:checking '/root/ros2_ws/install/in424_desc/bin'
[1.548s] INFO:colcon.colcon_core.shell:Creating package script '/root/ros2_ws/install/in424_desc/share/in424_desc/package.ps1'
[1.550s] INFO:colcon.colcon_core.shell:Creating package descriptor '/root/ros2_ws/install/in424_desc/share/in424_desc/package.dsv'
[1.550s] INFO:colcon.colcon_core.shell:Creating package script '/root/ros2_ws/install/in424_desc/share/in424_desc/package.sh'
[1.551s] INFO:colcon.colcon_core.shell:Creating package script '/root/ros2_ws/install/in424_desc/share/in424_desc/package.bash'
[1.551s] INFO:colcon.colcon_core.shell:Creating package script '/root/ros2_ws/install/in424_desc/share/in424_desc/package.zsh'
[1.551s] Level 1:colcon.colcon_core.environment:create_file_with_runtime_dependencies(/root/ros2_ws/install/in424_desc/share/colcon-core/packages/in424_desc)
[1.563s] DEBUG:colcon.colcon_core.event_handler.log_command:Invoking command in '/root/ros2_ws/build/in424_msgs': CMAKE_PREFIX_PATH=/opt/ros/galactic /usr/bin/cmake --install /root/ros2_ws/build/in424_msgs
[1.592s] Level 1:colcon.colcon_core.environment:create_environment_scripts_only(in424_desc)
[1.593s] Level 1:colcon.colcon_core.environment:checking '/root/ros2_ws/install/in424_desc' for CMake module files
[1.593s] Level 1:colcon.colcon_core.environment:checking '/root/ros2_ws/install/in424_desc' for CMake config files
[1.594s] Level 1:colcon.colcon_core.shell:create_environment_hook('in424_desc', 'cmake_prefix_path')
[1.595s] INFO:colcon.colcon_core.shell:Creating environment hook '/root/ros2_ws/install/in424_desc/share/in424_desc/hook/cmake_prefix_path.ps1'
[1.596s] INFO:colcon.colcon_core.shell:Creating environment descriptor '/root/ros2_ws/install/in424_desc/share/in424_desc/hook/cmake_prefix_path.dsv'
[1.596s] INFO:colcon.colcon_core.shell:Creating environment hook '/root/ros2_ws/install/in424_desc/share/in424_desc/hook/cmake_prefix_path.sh'
[1.598s] Level 1:colcon.colcon_core.environment:checking '/root/ros2_ws/install/in424_desc/bin'
[1.598s] Level 1:colcon.colcon_core.environment:checking '/root/ros2_ws/install/in424_desc/lib/pkgconfig/in424_desc.pc'
[1.598s] Level 1:colcon.colcon_core.environment:checking '/root/ros2_ws/install/in424_desc/lib/python3.8/site-packages'
[1.598s] Level 1:colcon.colcon_core.environment:checking '/root/ros2_ws/install/in424_desc/bin'
[1.600s] INFO:colcon.colcon_core.shell:Creating package script '/root/ros2_ws/install/in424_desc/share/in424_desc/package.ps1'
[1.602s] INFO:colcon.colcon_core.shell:Creating package descriptor '/root/ros2_ws/install/in424_desc/share/in424_desc/package.dsv'
[1.603s] INFO:colcon.colcon_core.shell:Creating package script '/root/ros2_ws/install/in424_desc/share/in424_desc/package.sh'
[1.604s] INFO:colcon.colcon_core.shell:Creating package script '/root/ros2_ws/install/in424_desc/share/in424_desc/package.bash'
[1.605s] INFO:colcon.colcon_core.shell:Creating package script '/root/ros2_ws/install/in424_desc/share/in424_desc/package.zsh'
[1.605s] Level 1:colcon.colcon_core.environment:create_file_with_runtime_dependencies(/root/ros2_ws/install/in424_desc/share/colcon-core/packages/in424_desc)
[1.794s] Level 1:colcon.colcon_core.environment:create_environment_scripts_only(in424_msgs)
[1.796s] Level 1:colcon.colcon_core.environment:checking '/root/ros2_ws/install/in424_msgs' for CMake module files
[1.794s] DEBUG:colcon.colcon_core.event_handler.log_command:Invoked command in '/root/ros2_ws/build/in424_msgs' returned '0': CMAKE_PREFIX_PATH=/opt/ros/galactic /usr/bin/cmake --install /root/ros2_ws/build/in424_msgs
[1.796s] Level 1:colcon.colcon_core.environment:checking '/root/ros2_ws/install/in424_msgs' for CMake config files
[1.796s] Level 1:colcon.colcon_core.shell:create_environment_hook('in424_msgs', 'cmake_prefix_path')
[1.797s] INFO:colcon.colcon_core.shell:Creating environment hook '/root/ros2_ws/install/in424_msgs/share/in424_msgs/hook/cmake_prefix_path.ps1'
[1.798s] INFO:colcon.colcon_core.shell:Creating environment descriptor '/root/ros2_ws/install/in424_msgs/share/in424_msgs/hook/cmake_prefix_path.dsv'
[1.798s] INFO:colcon.colcon_core.shell:Creating environment hook '/root/ros2_ws/install/in424_msgs/share/in424_msgs/hook/cmake_prefix_path.sh'
[1.799s] Level 1:colcon.colcon_core.environment:checking '/root/ros2_ws/install/in424_msgs/bin'
[1.799s] Level 1:colcon.colcon_core.environment:checking '/root/ros2_ws/install/in424_msgs/lib/pkgconfig/in424_msgs.pc'
[1.799s] Level 1:colcon.colcon_core.environment:checking '/root/ros2_ws/install/in424_msgs/lib/python3.8/site-packages'
[1.799s] Level 1:colcon.colcon_core.environment:checking '/root/ros2_ws/install/in424_msgs/bin'
[1.800s] INFO:colcon.colcon_core.shell:Creating package script '/root/ros2_ws/install/in424_msgs/share/in424_msgs/package.ps1'
[1.800s] INFO:colcon.colcon_core.shell:Creating package descriptor '/root/ros2_ws/install/in424_msgs/share/in424_msgs/package.dsv'
[1.801s] INFO:colcon.colcon_core.shell:Creating package script '/root/ros2_ws/install/in424_msgs/share/in424_msgs/package.sh'
[1.801s] INFO:colcon.colcon_core.shell:Creating package script '/root/ros2_ws/install/in424_msgs/share/in424_msgs/package.bash'
[1.801s] INFO:colcon.colcon_core.shell:Creating package script '/root/ros2_ws/install/in424_msgs/share/in424_msgs/package.zsh'
[1.801s] Level 1:colcon.colcon_core.environment:create_file_with_runtime_dependencies(/root/ros2_ws/install/in424_msgs/share/colcon-core/packages/in424_msgs)
[1.857s] Level 1:colcon.colcon_core.environment:create_environment_scripts_only(in424_msgs)
[1.859s] Level 1:colcon.colcon_core.environment:checking '/root/ros2_ws/install/in424_msgs' for CMake module files
[1.859s] Level 1:colcon.colcon_core.environment:checking '/root/ros2_ws/install/in424_msgs' for CMake config files
[1.859s] Level 1:colcon.colcon_core.shell:create_environment_hook('in424_msgs', 'cmake_prefix_path')
[1.860s] INFO:colcon.colcon_core.shell:Creating environment hook '/root/ros2_ws/install/in424_msgs/share/in424_msgs/hook/cmake_prefix_path.ps1'
[1.861s] INFO:colcon.colcon_core.shell:Creating environment descriptor '/root/ros2_ws/install/in424_msgs/share/in424_msgs/hook/cmake_prefix_path.dsv'
[1.862s] INFO:colcon.colcon_core.shell:Creating environment hook '/root/ros2_ws/install/in424_msgs/share/in424_msgs/hook/cmake_prefix_path.sh'
[1.863s] Level 1:colcon.colcon_core.environment:checking '/root/ros2_ws/install/in424_msgs/bin'
[1.863s] Level 1:colcon.colcon_core.environment:checking '/root/ros2_ws/install/in424_msgs/lib/pkgconfig/in424_msgs.pc'
[1.863s] Level 1:colcon.colcon_core.environment:checking '/root/ros2_ws/install/in424_msgs/lib/python3.8/site-packages'
[1.863s] Level 1:colcon.colcon_core.environment:checking '/root/ros2_ws/install/in424_msgs/bin'
[1.864s] INFO:colcon.colcon_core.shell:Creating package script '/root/ros2_ws/install/in424_msgs/share/in424_msgs/package.ps1'
[1.865s] INFO:colcon.colcon_core.shell:Creating package descriptor '/root/ros2_ws/install/in424_msgs/share/in424_msgs/package.dsv'
[1.866s] INFO:colcon.colcon_core.shell:Creating package script '/root/ros2_ws/install/in424_msgs/share/in424_msgs/package.sh'
[1.867s] INFO:colcon.colcon_core.shell:Creating package script '/root/ros2_ws/install/in424_msgs/share/in424_msgs/package.bash'
[1.867s] INFO:colcon.colcon_core.shell:Creating package script '/root/ros2_ws/install/in424_msgs/share/in424_msgs/package.zsh'
[1.868s] Level 1:colcon.colcon_core.environment:create_file_with_runtime_dependencies(/root/ros2_ws/install/in424_msgs/share/colcon-core/packages/in424_msgs)
[2.193s] DEBUG:colcon.colcon_core.event_handler.log_command:Invoked command in '/root/ros2_ws/build/in424_simu' returned '0': CMAKE_PREFIX_PATH=/opt/ros/galactic /usr/bin/cmake /root/ros2_ws/src/IN424/in424_simu -DAMENT_CMAKE_SYMLINK_INSTALL=1 -DCMAKE_INSTALL_PREFIX=/root/ros2_ws/install/in424_simu
[2.193s] DEBUG:colcon.colcon_core.event_handler.log_command:Invoking command in '/root/ros2_ws/build/in424_simu': CMAKE_PREFIX_PATH=/opt/ros/galactic /usr/bin/cmake --build /root/ros2_ws/build/in424_simu -- -j3 -l3
[2.253s] DEBUG:colcon.colcon_core.event_handler.log_command:Invoked command in '/root/ros2_ws/build/in424_simu' returned '0': CMAKE_PREFIX_PATH=/opt/ros/galactic /usr/bin/cmake --build /root/ros2_ws/build/in424_simu -- -j3 -l3
[2.294s] DEBUG:colcon.colcon_core.event_handler.log_command:Invoking command in '/root/ros2_ws/build/in424_simu': CMAKE_PREFIX_PATH=/opt/ros/galactic /usr/bin/cmake --install /root/ros2_ws/build/in424_simu
[2.692s] Level 1:colcon.colcon_core.environment:create_environment_scripts_only(in424_simu)
[2.694s] Level 1:colcon.colcon_core.environment:checking '/root/ros2_ws/install/in424_simu' for CMake module files
[2.695s] DEBUG:colcon.colcon_core.event_handler.log_command:Invoked command in '/root/ros2_ws/build/in424_simu' returned '0': CMAKE_PREFIX_PATH=/opt/ros/galactic /usr/bin/cmake --install /root/ros2_ws/build/in424_simu
[2.696s] Level 1:colcon.colcon_core.environment:checking '/root/ros2_ws/install/in424_simu' for CMake config files
[2.696s] Level 1:colcon.colcon_core.shell:create_environment_hook('in424_simu', 'cmake_prefix_path')
[2.697s] INFO:colcon.colcon_core.shell:Creating environment hook '/root/ros2_ws/install/in424_simu/share/in424_simu/hook/cmake_prefix_path.ps1'
[2.697s] INFO:colcon.colcon_core.shell:Creating environment descriptor '/root/ros2_ws/install/in424_simu/share/in424_simu/hook/cmake_prefix_path.dsv'
[2.698s] INFO:colcon.colcon_core.shell:Creating environment hook '/root/ros2_ws/install/in424_simu/share/in424_simu/hook/cmake_prefix_path.sh'
[2.698s] Level 1:colcon.colcon_core.environment:checking '/root/ros2_ws/install/in424_simu/bin'
[2.698s] Level 1:colcon.colcon_core.environment:checking '/root/ros2_ws/install/in424_simu/lib/pkgconfig/in424_simu.pc'
[2.698s] Level 1:colcon.colcon_core.environment:checking '/root/ros2_ws/install/in424_simu/lib/python3.8/site-packages'
[2.698s] Level 1:colcon.colcon_core.environment:checking '/root/ros2_ws/install/in424_simu/bin'
[2.699s] INFO:colcon.colcon_core.shell:Creating package script '/root/ros2_ws/install/in424_simu/share/in424_simu/package.ps1'
[2.700s] INFO:colcon.colcon_core.shell:Creating package descriptor '/root/ros2_ws/install/in424_simu/share/in424_simu/package.dsv'
[2.700s] INFO:colcon.colcon_core.shell:Creating package script '/root/ros2_ws/install/in424_simu/share/in424_simu/package.sh'
[2.700s] INFO:colcon.colcon_core.shell:Creating package script '/root/ros2_ws/install/in424_simu/share/in424_simu/package.bash'
[2.700s] INFO:colcon.colcon_core.shell:Creating package script '/root/ros2_ws/install/in424_simu/share/in424_simu/package.zsh'
[2.701s] Level 1:colcon.colcon_core.environment:create_file_with_runtime_dependencies(/root/ros2_ws/install/in424_simu/share/colcon-core/packages/in424_simu)
[2.747s] Level 1:colcon.colcon_core.environment:create_environment_scripts_only(in424_simu)
[2.750s] Level 1:colcon.colcon_core.environment:checking '/root/ros2_ws/install/in424_simu' for CMake module files
[2.750s] Level 1:colcon.colcon_core.environment:checking '/root/ros2_ws/install/in424_simu' for CMake config files
[2.751s] Level 1:colcon.colcon_core.shell:create_environment_hook('in424_simu', 'cmake_prefix_path')
[2.752s] INFO:colcon.colcon_core.shell:Creating environment hook '/root/ros2_ws/install/in424_simu/share/in424_simu/hook/cmake_prefix_path.ps1'
[2.752s] INFO:colcon.colcon_core.shell:Creating environment descriptor '/root/ros2_ws/install/in424_simu/share/in424_simu/hook/cmake_prefix_path.dsv'
[2.753s] INFO:colcon.colcon_core.shell:Creating environment hook '/root/ros2_ws/install/in424_simu/share/in424_simu/hook/cmake_prefix_path.sh'
[2.754s] Level 1:colcon.colcon_core.environment:checking '/root/ros2_ws/install/in424_simu/bin'
[2.754s] Level 1:colcon.colcon_core.environment:checking '/root/ros2_ws/install/in424_simu/lib/pkgconfig/in424_simu.pc'
[2.754s] Level 1:colcon.colcon_core.environment:checking '/root/ros2_ws/install/in424_simu/lib/python3.8/site-packages'
[2.754s] Level 1:colcon.colcon_core.environment:checking '/root/ros2_ws/install/in424_simu/bin'
[2.756s] INFO:colcon.colcon_core.shell:Creating package script '/root/ros2_ws/install/in424_simu/share/in424_simu/package.ps1'
[2.756s] INFO:colcon.colcon_core.shell:Creating package descriptor '/root/ros2_ws/install/in424_simu/share/in424_simu/package.dsv'
[2.757s] INFO:colcon.colcon_core.shell:Creating package script '/root/ros2_ws/install/in424_simu/share/in424_simu/package.sh'
[2.758s] INFO:colcon.colcon_core.shell:Creating package script '/root/ros2_ws/install/in424_simu/share/in424_simu/package.bash'
[2.758s] INFO:colcon.colcon_core.shell:Creating package script '/root/ros2_ws/install/in424_simu/share/in424_simu/package.zsh'
[2.759s] Level 1:colcon.colcon_core.environment:create_file_with_runtime_dependencies(/root/ros2_ws/install/in424_simu/share/colcon-core/packages/in424_simu)
[2.760s] DEBUG:colcon.colcon_parallel_executor.executor.parallel:closing loop
[2.761s] DEBUG:colcon.colcon_parallel_executor.executor.parallel:loop closed
[2.761s] DEBUG:colcon.colcon_parallel_executor.executor.parallel:run_until_complete finished with '0'
[2.761s] DEBUG:colcon.colcon_core.event_reactor:joining thread
[2.771s] INFO:colcon.colcon_core.plugin_system:Skipping extension 'colcon_notification.desktop_notification.notify_send': Could not find 'notify-send'
[2.771s] INFO:colcon.colcon_core.plugin_system:Skipping extension 'colcon_notification.desktop_notification.terminal_notifier': Not used on non-Darwin systems
[2.771s] INFO:colcon.colcon_core.plugin_system:Skipping extension 'colcon_notification.desktop_notification.win32': Not used on non-Windows systems
[2.771s] INFO:colcon.colcon_notification.desktop_notification:Sending desktop notification using 'notify2'
[2.782s] DEBUG:colcon.colcon_notification.desktop_notification.notify2:Failed to initialize notify2: org.freedesktop.DBus.Error.Spawn.ExecFailed: /usr/bin/dbus-launch terminated abnormally without any error message
[2.783s] DEBUG:colcon.colcon_core.event_reactor:joined thread
[2.786s] INFO:colcon.colcon_core.shell:Creating prefix script '/root/ros2_ws/install/local_setup.ps1'
[2.788s] INFO:colcon.colcon_core.shell:Creating prefix util module '/root/ros2_ws/install/_local_setup_util_ps1.py'
[2.788s] INFO:colcon.colcon_core.shell:Creating prefix chain script '/root/ros2_ws/install/setup.ps1'
[2.791s] INFO:colcon.colcon_core.shell:Creating prefix script '/root/ros2_ws/install/local_setup.sh'
[2.791s] INFO:colcon.colcon_core.shell:Creating prefix util module '/root/ros2_ws/install/_local_setup_util_sh.py'
[2.791s] INFO:colcon.colcon_core.shell:Creating prefix chain script '/root/ros2_ws/install/setup.sh'
[2.793s] INFO:colcon.colcon_core.shell:Creating prefix script '/root/ros2_ws/install/local_setup.bash'
[2.793s] INFO:colcon.colcon_core.shell:Creating prefix chain script '/root/ros2_ws/install/setup.bash'
[2.795s] INFO:colcon.colcon_core.shell:Creating prefix script '/root/ros2_ws/install/local_setup.zsh'
[2.795s] INFO:colcon.colcon_core.shell:Creating prefix chain script '/root/ros2_ws/install/setup.zsh'
