[0.466s] DEBUG:colcon:Command line arguments: ['/usr/bin/colcon', 'build', '--symlink-install']
[0.466s] DEBUG:colcon:Parsed command line arguments: Namespace(ament_cmake_args=None, base_paths=['.'], build_base='build', catkin_cmake_args=None, catkin_skip_building_tests=False, cmake_args=None, cmake_clean_cache=False, cmake_clean_first=False, cmake_force_configure=False, cmake_target=None, cmake_target_skip_unavailable=False, continue_on_error=False, event_handlers=None, executor='parallel', ignore_user_meta=False, install_base='install', log_base=None, log_level=None, main=<bound method BuildVerb.main of <colcon_core.verb.build.BuildVerb object at 0x7a4ce9ee1c40>>, merge_install=False, metas=['./colcon.meta'], mixin=None, mixin_files=None, mixin_verb=('build',), packages_above=None, packages_above_and_dependencies=None, packages_above_depth=None, packages_end=None, packages_ignore=None, packages_ignore_regex=None, packages_select=None, packages_select_build_failed=False, packages_select_by_dep=None, packages_select_regex=None, packages_select_test_failures=False, packages_skip=None, packages_skip_build_finished=False, packages_skip_by_dep=None, packages_skip_regex=None, packages_skip_test_passed=False, packages_skip_up_to=None, packages_start=None, packages_up_to=None, packages_up_to_regex=None, parallel_workers=3, paths=None, symlink_install=True, test_result_base=None, verb_extension=<colcon_core.verb.build.BuildVerb object at 0x7a4ce9ee1c40>, verb_name='build', verb_parser=<colcon_mixin.mixin.mixin_argument.MixinArgumentDecorator object at 0x7a4ce9eee250>)
[0.550s] Level 1:colcon.colcon_core.package_discovery:discover_packages(colcon_meta) check parameters
[0.552s] INFO:colcon.colcon_metadata.package_discovery.colcon_meta:Using configuration from '/root/.colcon/metadata/default/Gazebo.meta'
[0.554s] INFO:colcon.colcon_metadata.package_discovery.colcon_meta:Using configuration from '/root/.colcon/metadata/default/fastdds.meta'
[0.555s] INFO:colcon.colcon_metadata.package_discovery.colcon_meta:Using configuration from '/root/.colcon/metadata/default/fastrtps.meta'
[0.555s] Level 1:colcon.colcon_core.package_discovery:discover_packages(recursive) check parameters
[0.555s] Level 1:colcon.colcon_core.package_discovery:discover_packages(ignore) check parameters
[0.555s] Level 1:colcon.colcon_core.package_discovery:discover_packages(path) check parameters
[0.555s] Level 1:colcon.colcon_core.package_discovery:discover_packages(colcon_meta) discover
[0.555s] Level 1:colcon.colcon_core.package_discovery:discover_packages(recursive) discover
[0.555s] INFO:colcon.colcon_core.package_discovery:Crawling recursively for packages in '/root/ros2_ws'
[0.555s] Level 1:colcon.colcon_core.package_identification:_identify(.) by extensions ['ignore', 'ignore_ament_install']
[0.555s] Level 1:colcon.colcon_core.package_identification:_identify(.) by extension 'ignore'
[0.555s] Level 1:colcon.colcon_core.package_identification:_identify(.) by extension 'ignore_ament_install'
[0.555s] Level 1:colcon.colcon_core.package_identification:_identify(.) by extensions ['colcon_pkg']
[0.555s] Level 1:colcon.colcon_core.package_identification:_identify(.) by extension 'colcon_pkg'
[0.555s] Level 1:colcon.colcon_core.package_identification:_identify(.) by extensions ['colcon_meta']
[0.555s] Level 1:colcon.colcon_core.package_identification:_identify(.) by extension 'colcon_meta'
[0.555s] Level 1:colcon.colcon_core.package_identification:_identify(.) by extensions ['ros']
[0.555s] Level 1:colcon.colcon_core.package_identification:_identify(.) by extension 'ros'
[0.575s] Level 1:colcon.colcon_core.package_identification:_identify(.) by extensions ['cmake', 'python']
[0.575s] Level 1:colcon.colcon_core.package_identification:_identify(.) by extension 'cmake'
[0.575s] Level 1:colcon.colcon_core.package_identification:_identify(.) by extension 'python'
[0.575s] Level 1:colcon.colcon_core.package_identification:_identify(.) by extensions ['python_setup_py']
[0.575s] Level 1:colcon.colcon_core.package_identification:_identify(.) by extension 'python_setup_py'
[0.575s] Level 1:colcon.colcon_core.package_identification:_identify(Mur_smart_resto) by extensions ['ignore', 'ignore_ament_install']
[0.575s] Level 1:colcon.colcon_core.package_identification:_identify(Mur_smart_resto) by extension 'ignore'
[0.575s] Level 1:colcon.colcon_core.package_identification:_identify(Mur_smart_resto) by extension 'ignore_ament_install'
[0.575s] Level 1:colcon.colcon_core.package_identification:_identify(Mur_smart_resto) by extensions ['colcon_pkg']
[0.575s] Level 1:colcon.colcon_core.package_identification:_identify(Mur_smart_resto) by extension 'colcon_pkg'
[0.575s] Level 1:colcon.colcon_core.package_identification:_identify(Mur_smart_resto) by extensions ['colcon_meta']
[0.575s] Level 1:colcon.colcon_core.package_identification:_identify(Mur_smart_resto) by extension 'colcon_meta'
[0.575s] Level 1:colcon.colcon_core.package_identification:_identify(Mur_smart_resto) by extensions ['ros']
[0.575s] Level 1:colcon.colcon_core.package_identification:_identify(Mur_smart_resto) by extension 'ros'
[0.575s] Level 1:colcon.colcon_core.package_identification:_identify(Mur_smart_resto) by extensions ['cmake', 'python']
[0.575s] Level 1:colcon.colcon_core.package_identification:_identify(Mur_smart_resto) by extension 'cmake'
[0.575s] Level 1:colcon.colcon_core.package_identification:_identify(Mur_smart_resto) by extension 'python'
[0.575s] Level 1:colcon.colcon_core.package_identification:_identify(Mur_smart_resto) by extensions ['python_setup_py']
[0.575s] Level 1:colcon.colcon_core.package_identification:_identify(Mur_smart_resto) by extension 'python_setup_py'
[0.576s] Level 1:colcon.colcon_core.package_identification:_identify(build) by extensions ['ignore', 'ignore_ament_install']
[0.576s] Level 1:colcon.colcon_core.package_identification:_identify(build) by extension 'ignore'
[0.576s] Level 1:colcon.colcon_core.package_identification:_identify(build) ignored
[0.576s] Level 1:colcon.colcon_core.package_identification:_identify(install) by extensions ['ignore', 'ignore_ament_install']
[0.576s] Level 1:colcon.colcon_core.package_identification:_identify(install) by extension 'ignore'
[0.576s] Level 1:colcon.colcon_core.package_identification:_identify(install) ignored
[0.576s] Level 1:colcon.colcon_core.package_identification:_identify(log) by extensions ['ignore', 'ignore_ament_install']
[0.576s] Level 1:colcon.colcon_core.package_identification:_identify(log) by extension 'ignore'
[0.576s] Level 1:colcon.colcon_core.package_identification:_identify(log) ignored
[0.576s] Level 1:colcon.colcon_core.package_identification:_identify(src) by extensions ['ignore', 'ignore_ament_install']
[0.576s] Level 1:colcon.colcon_core.package_identification:_identify(src) by extension 'ignore'
[0.576s] Level 1:colcon.colcon_core.package_identification:_identify(src) by extension 'ignore_ament_install'
[0.576s] Level 1:colcon.colcon_core.package_identification:_identify(src) by extensions ['colcon_pkg']
[0.576s] Level 1:colcon.colcon_core.package_identification:_identify(src) by extension 'colcon_pkg'
[0.576s] Level 1:colcon.colcon_core.package_identification:_identify(src) by extensions ['colcon_meta']
[0.576s] Level 1:colcon.colcon_core.package_identification:_identify(src) by extension 'colcon_meta'
[0.576s] Level 1:colcon.colcon_core.package_identification:_identify(src) by extensions ['ros']
[0.576s] Level 1:colcon.colcon_core.package_identification:_identify(src) by extension 'ros'
[0.576s] Level 1:colcon.colcon_core.package_identification:_identify(src) by extensions ['cmake', 'python']
[0.576s] Level 1:colcon.colcon_core.package_identification:_identify(src) by extension 'cmake'
[0.576s] Level 1:colcon.colcon_core.package_identification:_identify(src) by extension 'python'
[0.576s] Level 1:colcon.colcon_core.package_identification:_identify(src) by extensions ['python_setup_py']
[0.576s] Level 1:colcon.colcon_core.package_identification:_identify(src) by extension 'python_setup_py'
[0.576s] Level 1:colcon.colcon_core.package_identification:_identify(src/IN424) by extensions ['ignore', 'ignore_ament_install']
[0.577s] Level 1:colcon.colcon_core.package_identification:_identify(src/IN424) by extension 'ignore'
[0.577s] Level 1:colcon.colcon_core.package_identification:_identify(src/IN424) by extension 'ignore_ament_install'
[0.577s] Level 1:colcon.colcon_core.package_identification:_identify(src/IN424) by extensions ['colcon_pkg']
[0.577s] Level 1:colcon.colcon_core.package_identification:_identify(src/IN424) by extension 'colcon_pkg'
[0.577s] Level 1:colcon.colcon_core.package_identification:_identify(src/IN424) by extensions ['colcon_meta']
[0.577s] Level 1:colcon.colcon_core.package_identification:_identify(src/IN424) by extension 'colcon_meta'
[0.577s] Level 1:colcon.colcon_core.package_identification:_identify(src/IN424) by extensions ['ros']
[0.577s] Level 1:colcon.colcon_core.package_identification:_identify(src/IN424) by extension 'ros'
[0.577s] Level 1:colcon.colcon_core.package_identification:_identify(src/IN424) by extensions ['cmake', 'python']
[0.577s] Level 1:colcon.colcon_core.package_identification:_identify(src/IN424) by extension 'cmake'
[0.577s] Level 1:colcon.colcon_core.package_identification:_identify(src/IN424) by extension 'python'
[0.577s] Level 1:colcon.colcon_core.package_identification:_identify(src/IN424) by extensions ['python_setup_py']
[0.577s] Level 1:colcon.colcon_core.package_identification:_identify(src/IN424) by extension 'python_setup_py'
[0.577s] Level 1:colcon.colcon_core.package_identification:_identify(src/IN424/in424_desc) by extensions ['ignore', 'ignore_ament_install']
[0.577s] Level 1:colcon.colcon_core.package_identification:_identify(src/IN424/in424_desc) by extension 'ignore'
[0.577s] Level 1:colcon.colcon_core.package_identification:_identify(src/IN424/in424_desc) by extension 'ignore_ament_install'
[0.577s] Level 1:colcon.colcon_core.package_identification:_identify(src/IN424/in424_desc) by extensions ['colcon_pkg']
[0.577s] Level 1:colcon.colcon_core.package_identification:_identify(src/IN424/in424_desc) by extension 'colcon_pkg'
[0.577s] Level 1:colcon.colcon_core.package_identification:_identify(src/IN424/in424_desc) by extensions ['colcon_meta']
[0.577s] Level 1:colcon.colcon_core.package_identification:_identify(src/IN424/in424_desc) by extension 'colcon_meta'
[0.577s] Level 1:colcon.colcon_core.package_identification:_identify(src/IN424/in424_desc) by extensions ['ros']
[0.577s] Level 1:colcon.colcon_core.package_identification:_identify(src/IN424/in424_desc) by extension 'ros'
[0.582s] DEBUG:colcon.colcon_core.package_identification:Package 'src/IN424/in424_desc' with type 'ros.ament_cmake' and name 'in424_desc'
[0.583s] Level 1:colcon.colcon_core.package_identification:_identify(src/IN424/in424_msgs) by extensions ['ignore', 'ignore_ament_install']
[0.583s] Level 1:colcon.colcon_core.package_identification:_identify(src/IN424/in424_msgs) by extension 'ignore'
[0.583s] Level 1:colcon.colcon_core.package_identification:_identify(src/IN424/in424_msgs) by extension 'ignore_ament_install'
[0.583s] Level 1:colcon.colcon_core.package_identification:_identify(src/IN424/in424_msgs) by extensions ['colcon_pkg']
[0.583s] Level 1:colcon.colcon_core.package_identification:_identify(src/IN424/in424_msgs) by extension 'colcon_pkg'
[0.583s] Level 1:colcon.colcon_core.package_identification:_identify(src/IN424/in424_msgs) by extensions ['colcon_meta']
[0.583s] Level 1:colcon.colcon_core.package_identification:_identify(src/IN424/in424_msgs) by extension 'colcon_meta'
[0.583s] Level 1:colcon.colcon_core.package_identification:_identify(src/IN424/in424_msgs) by extensions ['ros']
[0.583s] Level 1:colcon.colcon_core.package_identification:_identify(src/IN424/in424_msgs) by extension 'ros'
[0.584s] DEBUG:colcon.colcon_core.package_identification:Package 'src/IN424/in424_msgs' with type 'ros.ament_cmake' and name 'in424_msgs'
[0.584s] Level 1:colcon.colcon_core.package_identification:_identify(src/IN424/in424_nav) by extensions ['ignore', 'ignore_ament_install']
[0.584s] Level 1:colcon.colcon_core.package_identification:_identify(src/IN424/in424_nav) by extension 'ignore'
[0.584s] Level 1:colcon.colcon_core.package_identification:_identify(src/IN424/in424_nav) by extension 'ignore_ament_install'
[0.584s] Level 1:colcon.colcon_core.package_identification:_identify(src/IN424/in424_nav) by extensions ['colcon_pkg']
[0.584s] Level 1:colcon.colcon_core.package_identification:_identify(src/IN424/in424_nav) by extension 'colcon_pkg'
[0.584s] Level 1:colcon.colcon_core.package_identification:_identify(src/IN424/in424_nav) by extensions ['colcon_meta']
[0.584s] Level 1:colcon.colcon_core.package_identification:_identify(src/IN424/in424_nav) by extension 'colcon_meta'
[0.585s] Level 1:colcon.colcon_core.package_identification:_identify(src/IN424/in424_nav) by extensions ['ros']
[0.585s] Level 1:colcon.colcon_core.package_identification:_identify(src/IN424/in424_nav) by extension 'ros'
[0.586s] DEBUG:colcon.colcon_core.package_identification:Package 'src/IN424/in424_nav' with type 'ros.ament_python' and name 'in424_nav'
[0.586s] Level 1:colcon.colcon_core.package_identification:_identify(src/IN424/in424_simu) by extensions ['ignore', 'ignore_ament_install']
[0.586s] Level 1:colcon.colcon_core.package_identification:_identify(src/IN424/in424_simu) by extension 'ignore'
[0.586s] Level 1:colcon.colcon_core.package_identification:_identify(src/IN424/in424_simu) by extension 'ignore_ament_install'
[0.586s] Level 1:colcon.colcon_core.package_identification:_identify(src/IN424/in424_simu) by extensions ['colcon_pkg']
[0.586s] Level 1:colcon.colcon_core.package_identification:_identify(src/IN424/in424_simu) by extension 'colcon_pkg'
[0.586s] Level 1:colcon.colcon_core.package_identification:_identify(src/IN424/in424_simu) by extensions ['colcon_meta']
[0.586s] Level 1:colcon.colcon_core.package_identification:_identify(src/IN424/in424_simu) by extension 'colcon_meta'
[0.586s] Level 1:colcon.colcon_core.package_identification:_identify(src/IN424/in424_simu) by extensions ['ros']
[0.586s] Level 1:colcon.colcon_core.package_identification:_identify(src/IN424/in424_simu) by extension 'ros'
[0.587s] DEBUG:colcon.colcon_core.package_identification:Package 'src/IN424/in424_simu' with type 'ros.ament_cmake' and name 'in424_simu'
[0.587s] Level 1:colcon.colcon_core.package_discovery:discover_packages(recursive) using defaults
[0.587s] Level 1:colcon.colcon_core.package_discovery:discover_packages(ignore) discover
[0.587s] Level 1:colcon.colcon_core.package_discovery:discover_packages(ignore) using defaults
[0.587s] Level 1:colcon.colcon_core.package_discovery:discover_packages(path) discover
[0.588s] Level 1:colcon.colcon_core.package_discovery:discover_packages(path) using defaults
[0.643s] Level 5:colcon.colcon_core.verb:set package 'in424_desc' build argument 'cmake_args' from command line to 'None'
[0.643s] Level 5:colcon.colcon_core.verb:set package 'in424_desc' build argument 'cmake_target' from command line to 'None'
[0.643s] Level 5:colcon.colcon_core.verb:set package 'in424_desc' build argument 'cmake_target_skip_unavailable' from command line to 'False'
[0.643s] Level 5:colcon.colcon_core.verb:set package 'in424_desc' build argument 'cmake_clean_cache' from command line to 'False'
[0.643s] Level 5:colcon.colcon_core.verb:set package 'in424_desc' build argument 'cmake_clean_first' from command line to 'False'
[0.643s] Level 5:colcon.colcon_core.verb:set package 'in424_desc' build argument 'cmake_force_configure' from command line to 'False'
[0.643s] Level 5:colcon.colcon_core.verb:set package 'in424_desc' build argument 'ament_cmake_args' from command line to 'None'
[0.643s] Level 5:colcon.colcon_core.verb:set package 'in424_desc' build argument 'catkin_cmake_args' from command line to 'None'
[0.643s] Level 5:colcon.colcon_core.verb:set package 'in424_desc' build argument 'catkin_skip_building_tests' from command line to 'False'
[0.643s] DEBUG:colcon.colcon_core.verb:Building package 'in424_desc' with the following arguments: {'ament_cmake_args': None, 'build_base': '/root/ros2_ws/build/in424_desc', 'catkin_cmake_args': None, 'catkin_skip_building_tests': False, 'cmake_args': None, 'cmake_clean_cache': False, 'cmake_clean_first': False, 'cmake_force_configure': False, 'cmake_target': None, 'cmake_target_skip_unavailable': False, 'install_base': '/root/ros2_ws/install/in424_desc', 'merge_install': False, 'path': '/root/ros2_ws/src/IN424/in424_desc', 'symlink_install': True, 'test_result_base': None}
[0.644s] Level 5:colcon.colcon_core.verb:set package 'in424_msgs' build argument 'cmake_args' from command line to 'None'
[0.644s] Level 5:colcon.colcon_core.verb:set package 'in424_msgs' build argument 'cmake_target' from command line to 'None'
[0.644s] Level 5:colcon.colcon_core.verb:set package 'in424_msgs' build argument 'cmake_target_skip_unavailable' from command line to 'False'
[0.644s] Level 5:colcon.colcon_core.verb:set package 'in424_msgs' build argument 'cmake_clean_cache' from command line to 'False'
[0.644s] Level 5:colcon.colcon_core.verb:set package 'in424_msgs' build argument 'cmake_clean_first' from command line to 'False'
[0.644s] Level 5:colcon.colcon_core.verb:set package 'in424_msgs' build argument 'cmake_force_configure' from command line to 'False'
[0.644s] Level 5:colcon.colcon_core.verb:set package 'in424_msgs' build argument 'ament_cmake_args' from command line to 'None'
[0.644s] Level 5:colcon.colcon_core.verb:set package 'in424_msgs' build argument 'catkin_cmake_args' from command line to 'None'
[0.644s] Level 5:colcon.colcon_core.verb:set package 'in424_msgs' build argument 'catkin_skip_building_tests' from command line to 'False'
[0.644s] DEBUG:colcon.colcon_core.verb:Building package 'in424_msgs' with the following arguments: {'ament_cmake_args': None, 'build_base': '/root/ros2_ws/build/in424_msgs', 'catkin_cmake_args': None, 'catkin_skip_building_tests': False, 'cmake_args': None, 'cmake_clean_cache': False, 'cmake_clean_first': False, 'cmake_force_configure': False, 'cmake_target': None, 'cmake_target_skip_unavailable': False, 'install_base': '/root/ros2_ws/install/in424_msgs', 'merge_install': False, 'path': '/root/ros2_ws/src/IN424/in424_msgs', 'symlink_install': True, 'test_result_base': None}
[0.644s] Level 5:colcon.colcon_core.verb:set package 'in424_nav' build argument 'cmake_args' from command line to 'None'
[0.645s] Level 5:colcon.colcon_core.verb:set package 'in424_nav' build argument 'cmake_target' from command line to 'None'
[0.645s] Level 5:colcon.colcon_core.verb:set package 'in424_nav' build argument 'cmake_target_skip_unavailable' from command line to 'False'
[0.645s] Level 5:colcon.colcon_core.verb:set package 'in424_nav' build argument 'cmake_clean_cache' from command line to 'False'
[0.645s] Level 5:colcon.colcon_core.verb:set package 'in424_nav' build argument 'cmake_clean_first' from command line to 'False'
[0.645s] Level 5:colcon.colcon_core.verb:set package 'in424_nav' build argument 'cmake_force_configure' from command line to 'False'
[0.645s] Level 5:colcon.colcon_core.verb:set package 'in424_nav' build argument 'ament_cmake_args' from command line to 'None'
[0.645s] Level 5:colcon.colcon_core.verb:set package 'in424_nav' build argument 'catkin_cmake_args' from command line to 'None'
[0.645s] Level 5:colcon.colcon_core.verb:set package 'in424_nav' build argument 'catkin_skip_building_tests' from command line to 'False'
[0.645s] DEBUG:colcon.colcon_core.verb:Building package 'in424_nav' with the following arguments: {'ament_cmake_args': None, 'build_base': '/root/ros2_ws/build/in424_nav', 'catkin_cmake_args': None, 'catkin_skip_building_tests': False, 'cmake_args': None, 'cmake_clean_cache': False, 'cmake_clean_first': False, 'cmake_force_configure': False, 'cmake_target': None, 'cmake_target_skip_unavailable': False, 'install_base': '/root/ros2_ws/install/in424_nav', 'merge_install': False, 'path': '/root/ros2_ws/src/IN424/in424_nav', 'symlink_install': True, 'test_result_base': None}
[0.645s] Level 5:colcon.colcon_core.verb:set package 'in424_simu' build argument 'cmake_args' from command line to 'None'
[0.645s] Level 5:colcon.colcon_core.verb:set package 'in424_simu' build argument 'cmake_target' from command line to 'None'
[0.645s] Level 5:colcon.colcon_core.verb:set package 'in424_simu' build argument 'cmake_target_skip_unavailable' from command line to 'False'
[0.645s] Level 5:colcon.colcon_core.verb:set package 'in424_simu' build argument 'cmake_clean_cache' from command line to 'False'
[0.645s] Level 5:colcon.colcon_core.verb:set package 'in424_simu' build argument 'cmake_clean_first' from command line to 'False'
[0.645s] Level 5:colcon.colcon_core.verb:set package 'in424_simu' build argument 'cmake_force_configure' from command line to 'False'
[0.645s] Level 5:colcon.colcon_core.verb:set package 'in424_simu' build argument 'ament_cmake_args' from command line to 'None'
[0.645s] Level 5:colcon.colcon_core.verb:set package 'in424_simu' build argument 'catkin_cmake_args' from command line to 'None'
[0.645s] Level 5:colcon.colcon_core.verb:set package 'in424_simu' build argument 'catkin_skip_building_tests' from command line to 'False'
[0.645s] DEBUG:colcon.colcon_core.verb:Building package 'in424_simu' with the following arguments: {'ament_cmake_args': None, 'build_base': '/root/ros2_ws/build/in424_simu', 'catkin_cmake_args': None, 'catkin_skip_building_tests': False, 'cmake_args': None, 'cmake_clean_cache': False, 'cmake_clean_first': False, 'cmake_force_configure': False, 'cmake_target': None, 'cmake_target_skip_unavailable': False, 'install_base': '/root/ros2_ws/install/in424_simu', 'merge_install': False, 'path': '/root/ros2_ws/src/IN424/in424_simu', 'symlink_install': True, 'test_result_base': None}
[0.646s] INFO:colcon.colcon_core.executor:Executing jobs using 'parallel' executor
[0.651s] DEBUG:colcon.colcon_parallel_executor.executor.parallel:run_until_complete
[0.652s] INFO:colcon.colcon_ros.task.ament_cmake.build:Building ROS package in '/root/ros2_ws/src/IN424/in424_desc' with build type 'ament_cmake'
[0.652s] INFO:colcon.colcon_cmake.task.cmake.build:Building CMake package in '/root/ros2_ws/src/IN424/in424_desc'
[0.675s] INFO:colcon.colcon_core.plugin_system:Skipping extension 'colcon_core.shell.bat': Not used on non-Windows systems
[0.675s] INFO:colcon.colcon_core.shell:Skip shell extension 'powershell' for command environment: Not usable outside of PowerShell
[0.676s] DEBUG:colcon.colcon_core.shell:Skip shell extension 'dsv' for command environment
[0.703s] INFO:colcon.colcon_ros.task.ament_cmake.build:Building ROS package in '/root/ros2_ws/src/IN424/in424_msgs' with build type 'ament_cmake'
[0.705s] INFO:colcon.colcon_cmake.task.cmake.build:Building CMake package in '/root/ros2_ws/src/IN424/in424_msgs'
[0.706s] INFO:colcon.colcon_core.shell:Skip shell extension 'powershell' for command environment: Not usable outside of PowerShell
[0.706s] DEBUG:colcon.colcon_core.shell:Skip shell extension 'dsv' for command environment
[0.718s] INFO:colcon.colcon_ros.task.ament_python.build:Building ROS package in '/root/ros2_ws/src/IN424/in424_nav' with build type 'ament_python'
[0.718s] Level 1:colcon.colcon_core.shell:create_environment_hook('in424_nav', 'ament_prefix_path')
[0.720s] INFO:colcon.colcon_core.shell:Creating environment hook '/root/ros2_ws/install/in424_nav/share/in424_nav/hook/ament_prefix_path.ps1'
[0.723s] INFO:colcon.colcon_core.shell:Creating environment descriptor '/root/ros2_ws/install/in424_nav/share/in424_nav/hook/ament_prefix_path.dsv'
[0.725s] INFO:colcon.colcon_core.shell:Creating environment hook '/root/ros2_ws/install/in424_nav/share/in424_nav/hook/ament_prefix_path.sh'
[0.728s] INFO:colcon.colcon_core.shell:Skip shell extension 'powershell' for command environment: Not usable outside of PowerShell
[0.728s] DEBUG:colcon.colcon_core.shell:Skip shell extension 'dsv' for command environment
[0.746s] DEBUG:colcon.colcon_core.event_handler.log_command:Invoking command in '/root/ros2_ws/build/in424_desc': CMAKE_PREFIX_PATH=${CMAKE_PREFIX_PATH}:/root/ros2_ws/install/in424_nav:/opt/ros/galactic /usr/bin/cmake --build /root/ros2_ws/build/in424_desc -- -j3 -l3
[0.795s] DEBUG:colcon.colcon_core.event_handler.log_command:Invoking command in '/root/ros2_ws/build/in424_msgs': CMAKE_PREFIX_PATH=${CMAKE_PREFIX_PATH}:/root/ros2_ws/install/in424_nav:/opt/ros/galactic /usr/bin/cmake --build /root/ros2_ws/build/in424_msgs -- -j3 -l3
[1.051s] INFO:colcon.colcon_core.task.python.build:Building Python package in '/root/ros2_ws/src/IN424/in424_nav'
[1.053s] INFO:colcon.colcon_core.shell:Skip shell extension 'powershell' for command environment: Not usable outside of PowerShell
[1.053s] DEBUG:colcon.colcon_core.shell:Skip shell extension 'dsv' for command environment
[1.069s] DEBUG:colcon.colcon_core.event_handler.log_command:Invoked command in '/root/ros2_ws/build/in424_desc' returned '0': CMAKE_PREFIX_PATH=${CMAKE_PREFIX_PATH}:/root/ros2_ws/install/in424_nav:/opt/ros/galactic /usr/bin/cmake --build /root/ros2_ws/build/in424_desc -- -j3 -l3
[1.074s] DEBUG:colcon.colcon_core.event_handler.log_command:Invoked command in '/root/ros2_ws/build/in424_msgs' returned '0': CMAKE_PREFIX_PATH=${CMAKE_PREFIX_PATH}:/root/ros2_ws/install/in424_nav:/opt/ros/galactic /usr/bin/cmake --build /root/ros2_ws/build/in424_msgs -- -j3 -l3
[1.130s] DEBUG:colcon.colcon_core.event_handler.log_command:Invoking command in '/root/ros2_ws/build/in424_msgs': CMAKE_PREFIX_PATH=${CMAKE_PREFIX_PATH}:/root/ros2_ws/install/in424_nav:/opt/ros/galactic /usr/bin/cmake --install /root/ros2_ws/build/in424_msgs
[1.140s] DEBUG:colcon.colcon_core.event_handler.log_command:Invoking command in '/root/ros2_ws/build/in424_desc': CMAKE_PREFIX_PATH=${CMAKE_PREFIX_PATH}:/root/ros2_ws/install/in424_nav:/opt/ros/galactic /usr/bin/cmake --install /root/ros2_ws/build/in424_desc
[1.176s] Level 1:colcon.colcon_core.environment:create_environment_scripts_only(in424_msgs)
[1.177s] DEBUG:colcon.colcon_core.event_handler.log_command:Invoked command in '/root/ros2_ws/build/in424_msgs' returned '0': CMAKE_PREFIX_PATH=${CMAKE_PREFIX_PATH}:/root/ros2_ws/install/in424_nav:/opt/ros/galactic /usr/bin/cmake --install /root/ros2_ws/build/in424_msgs
[1.192s] Level 1:colcon.colcon_core.environment:checking '/root/ros2_ws/install/in424_msgs' for CMake module files
[1.192s] Level 1:colcon.colcon_core.environment:checking '/root/ros2_ws/install/in424_msgs' for CMake config files
[1.197s] Level 1:colcon.colcon_core.shell:create_environment_hook('in424_msgs', 'cmake_prefix_path')
[1.198s] INFO:colcon.colcon_core.shell:Creating environment hook '/root/ros2_ws/install/in424_msgs/share/in424_msgs/hook/cmake_prefix_path.ps1'
[1.198s] INFO:colcon.colcon_core.shell:Creating environment descriptor '/root/ros2_ws/install/in424_msgs/share/in424_msgs/hook/cmake_prefix_path.dsv'
[1.199s] INFO:colcon.colcon_core.shell:Creating environment hook '/root/ros2_ws/install/in424_msgs/share/in424_msgs/hook/cmake_prefix_path.sh'
[1.200s] Level 1:colcon.colcon_core.environment:checking '/root/ros2_ws/install/in424_msgs/bin'
[1.200s] Level 1:colcon.colcon_core.environment:checking '/root/ros2_ws/install/in424_msgs/lib/pkgconfig/in424_msgs.pc'
[1.200s] Level 1:colcon.colcon_core.environment:checking '/root/ros2_ws/install/in424_msgs/lib/python3.8/site-packages'
[1.200s] Level 1:colcon.colcon_core.environment:checking '/root/ros2_ws/install/in424_msgs/bin'
[1.202s] INFO:colcon.colcon_core.shell:Creating package script '/root/ros2_ws/install/in424_msgs/share/in424_msgs/package.ps1'
[1.203s] INFO:colcon.colcon_core.shell:Creating package descriptor '/root/ros2_ws/install/in424_msgs/share/in424_msgs/package.dsv'
[1.204s] INFO:colcon.colcon_core.shell:Creating package script '/root/ros2_ws/install/in424_msgs/share/in424_msgs/package.sh'
[1.206s] INFO:colcon.colcon_core.shell:Creating package script '/root/ros2_ws/install/in424_msgs/share/in424_msgs/package.bash'
[1.207s] INFO:colcon.colcon_core.shell:Creating package script '/root/ros2_ws/install/in424_msgs/share/in424_msgs/package.zsh'
[1.208s] Level 1:colcon.colcon_core.environment:create_file_with_runtime_dependencies(/root/ros2_ws/install/in424_msgs/share/colcon-core/packages/in424_msgs)
[1.212s] Level 1:colcon.colcon_core.environment:create_environment_scripts_only(in424_desc)
[1.213s] DEBUG:colcon.colcon_core.event_handler.log_command:Invoked command in '/root/ros2_ws/build/in424_desc' returned '0': CMAKE_PREFIX_PATH=${CMAKE_PREFIX_PATH}:/root/ros2_ws/install/in424_nav:/opt/ros/galactic /usr/bin/cmake --install /root/ros2_ws/build/in424_desc
[1.214s] Level 1:colcon.colcon_core.environment:checking '/root/ros2_ws/install/in424_desc' for CMake module files
[1.216s] Level 1:colcon.colcon_core.environment:checking '/root/ros2_ws/install/in424_desc' for CMake config files
[1.218s] Level 1:colcon.colcon_core.shell:create_environment_hook('in424_desc', 'cmake_prefix_path')
[1.219s] INFO:colcon.colcon_core.shell:Creating environment hook '/root/ros2_ws/install/in424_desc/share/in424_desc/hook/cmake_prefix_path.ps1'
[1.219s] INFO:colcon.colcon_core.shell:Creating environment descriptor '/root/ros2_ws/install/in424_desc/share/in424_desc/hook/cmake_prefix_path.dsv'
[1.220s] INFO:colcon.colcon_core.shell:Creating environment hook '/root/ros2_ws/install/in424_desc/share/in424_desc/hook/cmake_prefix_path.sh'
[1.221s] Level 1:colcon.colcon_core.environment:checking '/root/ros2_ws/install/in424_desc/bin'
[1.221s] Level 1:colcon.colcon_core.environment:checking '/root/ros2_ws/install/in424_desc/lib/pkgconfig/in424_desc.pc'
[1.221s] Level 1:colcon.colcon_core.environment:checking '/root/ros2_ws/install/in424_desc/lib/python3.8/site-packages'
[1.221s] Level 1:colcon.colcon_core.environment:checking '/root/ros2_ws/install/in424_desc/bin'
[1.222s] INFO:colcon.colcon_core.shell:Creating package script '/root/ros2_ws/install/in424_desc/share/in424_desc/package.ps1'
[1.223s] INFO:colcon.colcon_core.shell:Creating package descriptor '/root/ros2_ws/install/in424_desc/share/in424_desc/package.dsv'
[1.223s] INFO:colcon.colcon_core.shell:Creating package script '/root/ros2_ws/install/in424_desc/share/in424_desc/package.sh'
[1.224s] INFO:colcon.colcon_core.shell:Creating package script '/root/ros2_ws/install/in424_desc/share/in424_desc/package.bash'
[1.224s] INFO:colcon.colcon_core.shell:Creating package script '/root/ros2_ws/install/in424_desc/share/in424_desc/package.zsh'
[1.225s] Level 1:colcon.colcon_core.environment:create_file_with_runtime_dependencies(/root/ros2_ws/install/in424_desc/share/colcon-core/packages/in424_desc)
[1.248s] Level 1:colcon.colcon_core.environment:create_environment_scripts_only(in424_msgs)
[1.249s] Level 1:colcon.colcon_core.environment:checking '/root/ros2_ws/install/in424_msgs' for CMake module files
[1.250s] Level 1:colcon.colcon_core.environment:checking '/root/ros2_ws/install/in424_msgs' for CMake config files
[1.250s] Level 1:colcon.colcon_core.shell:create_environment_hook('in424_msgs', 'cmake_prefix_path')
[1.251s] INFO:colcon.colcon_core.shell:Creating environment hook '/root/ros2_ws/install/in424_msgs/share/in424_msgs/hook/cmake_prefix_path.ps1'
[1.251s] INFO:colcon.colcon_core.shell:Creating environment descriptor '/root/ros2_ws/install/in424_msgs/share/in424_msgs/hook/cmake_prefix_path.dsv'
[1.257s] INFO:colcon.colcon_core.shell:Creating environment hook '/root/ros2_ws/install/in424_msgs/share/in424_msgs/hook/cmake_prefix_path.sh'
[1.258s] Level 1:colcon.colcon_core.environment:checking '/root/ros2_ws/install/in424_msgs/bin'
[1.259s] Level 1:colcon.colcon_core.environment:checking '/root/ros2_ws/install/in424_msgs/lib/pkgconfig/in424_msgs.pc'
[1.259s] Level 1:colcon.colcon_core.environment:checking '/root/ros2_ws/install/in424_msgs/lib/python3.8/site-packages'
[1.259s] Level 1:colcon.colcon_core.environment:checking '/root/ros2_ws/install/in424_msgs/bin'
[1.260s] INFO:colcon.colcon_core.shell:Creating package script '/root/ros2_ws/install/in424_msgs/share/in424_msgs/package.ps1'
[1.261s] INFO:colcon.colcon_core.shell:Creating package descriptor '/root/ros2_ws/install/in424_msgs/share/in424_msgs/package.dsv'
[1.261s] INFO:colcon.colcon_core.shell:Creating package script '/root/ros2_ws/install/in424_msgs/share/in424_msgs/package.sh'
[1.262s] INFO:colcon.colcon_core.shell:Creating package script '/root/ros2_ws/install/in424_msgs/share/in424_msgs/package.bash'
[1.263s] INFO:colcon.colcon_core.shell:Creating package script '/root/ros2_ws/install/in424_msgs/share/in424_msgs/package.zsh'
[1.263s] Level 1:colcon.colcon_core.environment:create_file_with_runtime_dependencies(/root/ros2_ws/install/in424_msgs/share/colcon-core/packages/in424_msgs)
[1.265s] INFO:colcon.colcon_ros.task.ament_cmake.build:Building ROS package in '/root/ros2_ws/src/IN424/in424_simu' with build type 'ament_cmake'
[1.265s] INFO:colcon.colcon_cmake.task.cmake.build:Building CMake package in '/root/ros2_ws/src/IN424/in424_simu'
[1.266s] INFO:colcon.colcon_core.shell:Skip shell extension 'powershell' for command environment: Not usable outside of PowerShell
[1.267s] DEBUG:colcon.colcon_core.shell:Skip shell extension 'dsv' for command environment
[1.327s] DEBUG:colcon.colcon_core.event_handler.log_command:Invoking command in '/root/ros2_ws/build/in424_simu': CMAKE_PREFIX_PATH=${CMAKE_PREFIX_PATH}:/root/ros2_ws/install/in424_nav:/opt/ros/galactic /usr/bin/cmake --build /root/ros2_ws/build/in424_simu -- -j3 -l3
[1.352s] Level 1:colcon.colcon_core.environment:create_environment_scripts_only(in424_desc)
[1.354s] Level 1:colcon.colcon_core.environment:checking '/root/ros2_ws/install/in424_desc' for CMake module files
[1.355s] Level 1:colcon.colcon_core.environment:checking '/root/ros2_ws/install/in424_desc' for CMake config files
[1.355s] Level 1:colcon.colcon_core.shell:create_environment_hook('in424_desc', 'cmake_prefix_path')
[1.356s] INFO:colcon.colcon_core.shell:Creating environment hook '/root/ros2_ws/install/in424_desc/share/in424_desc/hook/cmake_prefix_path.ps1'
[1.357s] INFO:colcon.colcon_core.shell:Creating environment descriptor '/root/ros2_ws/install/in424_desc/share/in424_desc/hook/cmake_prefix_path.dsv'
[1.357s] INFO:colcon.colcon_core.shell:Creating environment hook '/root/ros2_ws/install/in424_desc/share/in424_desc/hook/cmake_prefix_path.sh'
[1.357s] Level 1:colcon.colcon_core.environment:checking '/root/ros2_ws/install/in424_desc/bin'
[1.358s] Level 1:colcon.colcon_core.environment:checking '/root/ros2_ws/install/in424_desc/lib/pkgconfig/in424_desc.pc'
[1.358s] Level 1:colcon.colcon_core.environment:checking '/root/ros2_ws/install/in424_desc/lib/python3.8/site-packages'
[1.358s] Level 1:colcon.colcon_core.environment:checking '/root/ros2_ws/install/in424_desc/bin'
[1.359s] INFO:colcon.colcon_core.shell:Creating package script '/root/ros2_ws/install/in424_desc/share/in424_desc/package.ps1'
[1.360s] INFO:colcon.colcon_core.shell:Creating package descriptor '/root/ros2_ws/install/in424_desc/share/in424_desc/package.dsv'
[1.360s] INFO:colcon.colcon_core.shell:Creating package script '/root/ros2_ws/install/in424_desc/share/in424_desc/package.sh'
[1.360s] INFO:colcon.colcon_core.shell:Creating package script '/root/ros2_ws/install/in424_desc/share/in424_desc/package.bash'
[1.360s] INFO:colcon.colcon_core.shell:Creating package script '/root/ros2_ws/install/in424_desc/share/in424_desc/package.zsh'
[1.361s] Level 1:colcon.colcon_core.environment:create_file_with_runtime_dependencies(/root/ros2_ws/install/in424_desc/share/colcon-core/packages/in424_desc)
[1.440s] DEBUG:colcon.colcon_core.event_handler.log_command:Invoked command in '/root/ros2_ws/build/in424_simu' returned '0': CMAKE_PREFIX_PATH=${CMAKE_PREFIX_PATH}:/root/ros2_ws/install/in424_nav:/opt/ros/galactic /usr/bin/cmake --build /root/ros2_ws/build/in424_simu -- -j3 -l3
[1.516s] DEBUG:colcon.colcon_core.event_handler.log_command:Invoking command in '/root/ros2_ws/build/in424_simu': CMAKE_PREFIX_PATH=${CMAKE_PREFIX_PATH}:/root/ros2_ws/install/in424_nav:/opt/ros/galactic /usr/bin/cmake --install /root/ros2_ws/build/in424_simu
[1.611s] Level 1:colcon.colcon_core.environment:create_environment_scripts_only(in424_simu)
[1.612s] Level 1:colcon.colcon_core.environment:checking '/root/ros2_ws/install/in424_simu' for CMake module files
[1.613s] DEBUG:colcon.colcon_core.event_handler.log_command:Invoked command in '/root/ros2_ws/build/in424_simu' returned '0': CMAKE_PREFIX_PATH=${CMAKE_PREFIX_PATH}:/root/ros2_ws/install/in424_nav:/opt/ros/galactic /usr/bin/cmake --install /root/ros2_ws/build/in424_simu
[1.614s] Level 1:colcon.colcon_core.environment:checking '/root/ros2_ws/install/in424_simu' for CMake config files
[1.622s] Level 1:colcon.colcon_core.shell:create_environment_hook('in424_simu', 'cmake_prefix_path')
[1.623s] INFO:colcon.colcon_core.shell:Creating environment hook '/root/ros2_ws/install/in424_simu/share/in424_simu/hook/cmake_prefix_path.ps1'
[1.624s] INFO:colcon.colcon_core.shell:Creating environment descriptor '/root/ros2_ws/install/in424_simu/share/in424_simu/hook/cmake_prefix_path.dsv'
[1.625s] INFO:colcon.colcon_core.shell:Creating environment hook '/root/ros2_ws/install/in424_simu/share/in424_simu/hook/cmake_prefix_path.sh'
[1.625s] Level 1:colcon.colcon_core.environment:checking '/root/ros2_ws/install/in424_simu/bin'
[1.626s] Level 1:colcon.colcon_core.environment:checking '/root/ros2_ws/install/in424_simu/lib/pkgconfig/in424_simu.pc'
[1.626s] Level 1:colcon.colcon_core.environment:checking '/root/ros2_ws/install/in424_simu/lib/python3.8/site-packages'
[1.626s] Level 1:colcon.colcon_core.environment:checking '/root/ros2_ws/install/in424_simu/bin'
[1.627s] INFO:colcon.colcon_core.shell:Creating package script '/root/ros2_ws/install/in424_simu/share/in424_simu/package.ps1'
[1.629s] INFO:colcon.colcon_core.shell:Creating package descriptor '/root/ros2_ws/install/in424_simu/share/in424_simu/package.dsv'
[1.630s] INFO:colcon.colcon_core.shell:Creating package script '/root/ros2_ws/install/in424_simu/share/in424_simu/package.sh'
[1.631s] INFO:colcon.colcon_core.shell:Creating package script '/root/ros2_ws/install/in424_simu/share/in424_simu/package.bash'
[1.631s] INFO:colcon.colcon_core.shell:Creating package script '/root/ros2_ws/install/in424_simu/share/in424_simu/package.zsh'
[1.632s] Level 1:colcon.colcon_core.environment:create_file_with_runtime_dependencies(/root/ros2_ws/install/in424_simu/share/colcon-core/packages/in424_simu)
[1.692s] Level 1:colcon.colcon_core.environment:create_environment_scripts_only(in424_simu)
[1.694s] Level 1:colcon.colcon_core.environment:checking '/root/ros2_ws/install/in424_simu' for CMake module files
[1.694s] Level 1:colcon.colcon_core.environment:checking '/root/ros2_ws/install/in424_simu' for CMake config files
[1.695s] Level 1:colcon.colcon_core.shell:create_environment_hook('in424_simu', 'cmake_prefix_path')
[1.696s] INFO:colcon.colcon_core.shell:Creating environment hook '/root/ros2_ws/install/in424_simu/share/in424_simu/hook/cmake_prefix_path.ps1'
[1.697s] INFO:colcon.colcon_core.shell:Creating environment descriptor '/root/ros2_ws/install/in424_simu/share/in424_simu/hook/cmake_prefix_path.dsv'
[1.698s] INFO:colcon.colcon_core.shell:Creating environment hook '/root/ros2_ws/install/in424_simu/share/in424_simu/hook/cmake_prefix_path.sh'
[1.699s] Level 1:colcon.colcon_core.environment:checking '/root/ros2_ws/install/in424_simu/bin'
[1.699s] Level 1:colcon.colcon_core.environment:checking '/root/ros2_ws/install/in424_simu/lib/pkgconfig/in424_simu.pc'
[1.699s] Level 1:colcon.colcon_core.environment:checking '/root/ros2_ws/install/in424_simu/lib/python3.8/site-packages'
[1.699s] Level 1:colcon.colcon_core.environment:checking '/root/ros2_ws/install/in424_simu/bin'
[1.700s] INFO:colcon.colcon_core.shell:Creating package script '/root/ros2_ws/install/in424_simu/share/in424_simu/package.ps1'
[1.701s] INFO:colcon.colcon_core.shell:Creating package descriptor '/root/ros2_ws/install/in424_simu/share/in424_simu/package.dsv'
[1.702s] INFO:colcon.colcon_core.shell:Creating package script '/root/ros2_ws/install/in424_simu/share/in424_simu/package.sh'
[1.703s] INFO:colcon.colcon_core.shell:Creating package script '/root/ros2_ws/install/in424_simu/share/in424_simu/package.bash'
[1.703s] INFO:colcon.colcon_core.shell:Creating package script '/root/ros2_ws/install/in424_simu/share/in424_simu/package.zsh'
[1.704s] Level 1:colcon.colcon_core.environment:create_file_with_runtime_dependencies(/root/ros2_ws/install/in424_simu/share/colcon-core/packages/in424_simu)
[1.784s] DEBUG:colcon.colcon_core.event_handler.log_command:Invoking command in '/root/ros2_ws/build/in424_nav': PYTHONPATH=/root/ros2_ws/build/in424_nav/prefix_override:/root/ros2_ws/install/in424_nav/lib/python3.8/site-packages:${PYTHONPATH} /usr/bin/python3 setup.py develop --editable --build-directory /root/ros2_ws/build/in424_nav/build --no-deps install_data
[2.147s] Level 1:colcon.colcon_core.shell:create_environment_hook('in424_nav', 'pythonpath_develop')
[2.148s] INFO:colcon.colcon_core.shell:Creating environment hook '/root/ros2_ws/build/in424_nav/share/in424_nav/hook/pythonpath_develop.ps1'
[2.150s] DEBUG:colcon.colcon_core.event_handler.log_command:Invoked command in '/root/ros2_ws/build/in424_nav' returned '0': PYTHONPATH=/root/ros2_ws/build/in424_nav/prefix_override:/root/ros2_ws/install/in424_nav/lib/python3.8/site-packages:${PYTHONPATH} /usr/bin/python3 setup.py develop --editable --build-directory /root/ros2_ws/build/in424_nav/build --no-deps install_data
[2.151s] INFO:colcon.colcon_core.shell:Creating environment descriptor '/root/ros2_ws/build/in424_nav/share/in424_nav/hook/pythonpath_develop.dsv'
[2.151s] INFO:colcon.colcon_core.shell:Creating environment hook '/root/ros2_ws/build/in424_nav/share/in424_nav/hook/pythonpath_develop.sh'
[2.153s] Level 1:colcon.colcon_core.environment:checking '/root/ros2_ws/install/in424_nav' for CMake module files
[2.155s] Level 1:colcon.colcon_core.environment:checking '/root/ros2_ws/install/in424_nav' for CMake config files
[2.163s] Level 1:colcon.colcon_core.environment:checking '/root/ros2_ws/install/in424_nav/lib'
[2.163s] Level 1:colcon.colcon_core.environment:checking '/root/ros2_ws/install/in424_nav/bin'
[2.163s] Level 1:colcon.colcon_core.environment:checking '/root/ros2_ws/install/in424_nav/lib/pkgconfig/in424_nav.pc'
[2.164s] Level 1:colcon.colcon_core.environment:checking '/root/ros2_ws/install/in424_nav/lib/python3.8/site-packages'
[2.164s] Level 1:colcon.colcon_core.shell:create_environment_hook('in424_nav', 'pythonpath')
[2.165s] INFO:colcon.colcon_core.shell:Creating environment hook '/root/ros2_ws/install/in424_nav/share/in424_nav/hook/pythonpath.ps1'
[2.165s] INFO:colcon.colcon_core.shell:Creating environment descriptor '/root/ros2_ws/install/in424_nav/share/in424_nav/hook/pythonpath.dsv'
[2.166s] INFO:colcon.colcon_core.shell:Creating environment hook '/root/ros2_ws/install/in424_nav/share/in424_nav/hook/pythonpath.sh'
[2.167s] Level 1:colcon.colcon_core.environment:checking '/root/ros2_ws/install/in424_nav/bin'
[2.167s] Level 1:colcon.colcon_core.environment:create_environment_scripts_only(in424_nav)
[2.168s] INFO:colcon.colcon_core.shell:Creating package script '/root/ros2_ws/install/in424_nav/share/in424_nav/package.ps1'
[2.170s] INFO:colcon.colcon_core.shell:Creating package descriptor '/root/ros2_ws/install/in424_nav/share/in424_nav/package.dsv'
[2.172s] INFO:colcon.colcon_core.shell:Creating package script '/root/ros2_ws/install/in424_nav/share/in424_nav/package.sh'
[2.173s] INFO:colcon.colcon_core.shell:Creating package script '/root/ros2_ws/install/in424_nav/share/in424_nav/package.bash'
[2.174s] INFO:colcon.colcon_core.shell:Creating package script '/root/ros2_ws/install/in424_nav/share/in424_nav/package.zsh'
[2.175s] Level 1:colcon.colcon_core.environment:create_file_with_runtime_dependencies(/root/ros2_ws/install/in424_nav/share/colcon-core/packages/in424_nav)
[2.175s] DEBUG:colcon.colcon_parallel_executor.executor.parallel:closing loop
[2.176s] DEBUG:colcon.colcon_parallel_executor.executor.parallel:loop closed
[2.178s] DEBUG:colcon.colcon_parallel_executor.executor.parallel:run_until_complete finished with '0'
[2.178s] DEBUG:colcon.colcon_core.event_reactor:joining thread
[2.214s] INFO:colcon.colcon_core.plugin_system:Skipping extension 'colcon_notification.desktop_notification.notify_send': Could not find 'notify-send'
[2.214s] INFO:colcon.colcon_core.plugin_system:Skipping extension 'colcon_notification.desktop_notification.terminal_notifier': Not used on non-Darwin systems
[2.214s] INFO:colcon.colcon_core.plugin_system:Skipping extension 'colcon_notification.desktop_notification.win32': Not used on non-Windows systems
[2.215s] INFO:colcon.colcon_notification.desktop_notification:Sending desktop notification using 'notify2'
[2.219s] DEBUG:colcon.colcon_notification.desktop_notification.notify2:Failed to initialize notify2: org.freedesktop.DBus.Error.Spawn.ExecFailed: /usr/bin/dbus-launch terminated abnormally without any error message
[2.220s] DEBUG:colcon.colcon_core.event_reactor:joined thread
[2.223s] INFO:colcon.colcon_core.shell:Creating prefix script '/root/ros2_ws/install/local_setup.ps1'
[2.226s] INFO:colcon.colcon_core.shell:Creating prefix util module '/root/ros2_ws/install/_local_setup_util_ps1.py'
[2.228s] INFO:colcon.colcon_core.shell:Creating prefix chain script '/root/ros2_ws/install/setup.ps1'
[2.232s] INFO:colcon.colcon_core.shell:Creating prefix script '/root/ros2_ws/install/local_setup.sh'
[2.233s] INFO:colcon.colcon_core.shell:Creating prefix util module '/root/ros2_ws/install/_local_setup_util_sh.py'
[2.234s] INFO:colcon.colcon_core.shell:Creating prefix chain script '/root/ros2_ws/install/setup.sh'
[2.236s] INFO:colcon.colcon_core.shell:Creating prefix script '/root/ros2_ws/install/local_setup.bash'
[2.238s] INFO:colcon.colcon_core.shell:Creating prefix chain script '/root/ros2_ws/install/setup.bash'
[2.242s] INFO:colcon.colcon_core.shell:Creating prefix script '/root/ros2_ws/install/local_setup.zsh'
[2.243s] INFO:colcon.colcon_core.shell:Creating prefix chain script '/root/ros2_ws/install/setup.zsh'
