[0.055s] Invoking command in '/root/ros2_ws/build/in424_simu': CMAKE_PREFIX_PATH=${CMAKE_PREFIX_PATH}:/root/ros2_ws/install/in424_nav:/opt/ros/galactic /usr/bin/cmake /root/ros2_ws/src/IN424/in424_simu -DAMENT_CMAKE_SYMLINK_INSTALL=1 -DCMAKE_INSTALL_PREFIX=/root/ros2_ws/install/in424_simu
[0.132s] -- The C compiler identification is GNU 9.4.0
[0.197s] -- The CXX compiler identification is GNU 9.4.0
[0.201s] -- Check for working C compiler: /usr/bin/cc
[0.341s] -- Check for working C compiler: /usr/bin/cc -- works
[0.342s] -- Detecting C compiler ABI info
[0.488s] -- Detecting C compiler ABI info - done
[0.501s] -- Detecting C compile features
[0.503s] -- Detecting C compile features - done
[0.507s] -- Check for working CXX compiler: /usr/bin/c++
[0.645s] -- Check for working CXX compiler: /usr/bin/c++ -- works
[0.653s] -- Detecting CXX compiler ABI info
[0.777s] -- Detecting CXX compiler ABI info - done
[0.793s] -- Detecting CXX compile features
[0.793s] -- Detecting CXX compile features - done
[0.793s] -- Found ament_cmake: 1.1.6 (/opt/ros/galactic/share/ament_cmake/cmake)
[0.827s] -- Found PythonInterp: /usr/bin/python3 (found suitable version "3.8.10", minimum required is "3") 
[0.827s] -- Using PYTHON_EXECUTABLE: /usr/bin/python3
[0.914s] -- Override CMake install command with custom implementation using symlinks instead of copying resources
[0.947s] -- Found ament_lint_auto: 0.10.7 (/opt/ros/galactic/share/ament_lint_auto/cmake)
[1.083s] -- Added test 'copyright' to check source files copyright and LICENSE
[1.087s] -- Added test 'flake8' to check Python code syntax and style conventions
[1.088s] -- Added test 'lint_cmake' to check CMake code style
[1.089s] -- Added test 'pep257' to check Python code against some of the style conventions in PEP 257
[1.091s] -- Added test 'xmllint' to check XML markup files
[1.095s] -- Configuring done
[1.097s] -- Generating done
[1.098s] -- Build files have been written to: /root/ros2_ws/build/in424_simu
[1.106s] Invoked command in '/root/ros2_ws/build/in424_simu' returned '0': CMAKE_PREFIX_PATH=${CMAKE_PREFIX_PATH}:/root/ros2_ws/install/in424_nav:/opt/ros/galactic /usr/bin/cmake /root/ros2_ws/src/IN424/in424_simu -DAMENT_CMAKE_SYMLINK_INSTALL=1 -DCMAKE_INSTALL_PREFIX=/root/ros2_ws/install/in424_simu
[1.107s] Invoking command in '/root/ros2_ws/build/in424_simu': CMAKE_PREFIX_PATH=${CMAKE_PREFIX_PATH}:/root/ros2_ws/install/in424_nav:/opt/ros/galactic /usr/bin/cmake --build /root/ros2_ws/build/in424_simu -- -j3 -l3
[1.162s] Invoked command in '/root/ros2_ws/build/in424_simu' returned '0': CMAKE_PREFIX_PATH=${CMAKE_PREFIX_PATH}:/root/ros2_ws/install/in424_nav:/opt/ros/galactic /usr/bin/cmake --build /root/ros2_ws/build/in424_simu -- -j3 -l3
[1.219s] Invoking command in '/root/ros2_ws/build/in424_simu': CMAKE_PREFIX_PATH=${CMAKE_PREFIX_PATH}:/root/ros2_ws/install/in424_nav:/opt/ros/galactic /usr/bin/cmake --install /root/ros2_ws/build/in424_simu
[1.229s] -- Install configuration: ""
[1.230s] -- Execute custom install script
[1.230s] -- Symlinking: /root/ros2_ws/install/in424_simu/share/in424_simu/launch/spawn_robots_launch.py
[1.245s] -- Symlinking: /root/ros2_ws/install/in424_simu/share/in424_simu/launch/start_world_launch.py
[1.260s] -- Symlinking: /root/ros2_ws/install/in424_simu/share/in424_simu/worlds/env.world
[1.275s] -- Symlinking: /root/ros2_ws/install/in424_simu/share/in424_simu/models/box_1_1/model.config
[1.289s] -- Symlinking: /root/ros2_ws/install/in424_simu/share/in424_simu/models/box_1_1/model.sdf
[1.310s] -- Symlinking: /root/ros2_ws/install/in424_simu/share/in424_simu/models/box_2_2/model.config
[1.320s] -- Symlinking: /root/ros2_ws/install/in424_simu/share/in424_simu/models/box_2_2/model.sdf
[1.333s] -- Symlinking: /root/ros2_ws/install/in424_simu/share/in424_simu/models/box_3_2/model.config
[1.346s] -- Symlinking: /root/ros2_ws/install/in424_simu/share/in424_simu/models/box_3_2/model.sdf
[1.361s] -- Symlinking: /root/ros2_ws/install/in424_simu/share/in424_simu/models/small_cube/model.config
[1.377s] -- Symlinking: /root/ros2_ws/install/in424_simu/share/in424_simu/models/small_cube/model.sdf
[1.392s] -- Symlinking: /root/ros2_ws/install/in424_simu/share/in424_simu/models/walls/model.config
[1.410s] -- Symlinking: /root/ros2_ws/install/in424_simu/share/in424_simu/models/walls/model.sdf
[1.422s] -- Symlinking: /root/ros2_ws/install/in424_simu/share/in424_simu/models/walls_2/model.config
[1.434s] -- Symlinking: /root/ros2_ws/install/in424_simu/share/in424_simu/models/walls_2/model.sdf
[1.445s] -- Symlinking: /root/ros2_ws/install/in424_simu/share/in424_simu/cfg/config.rviz
[1.457s] -- Symlinking: /root/ros2_ws/install/in424_simu/share/ament_index/resource_index/package_run_dependencies/in424_simu
[1.469s] -- Symlinking: /root/ros2_ws/install/in424_simu/share/ament_index/resource_index/parent_prefix_path/in424_simu
[1.491s] -- Symlinking: /root/ros2_ws/install/in424_simu/share/in424_simu/environment/ament_prefix_path.sh
[1.505s] -- Symlinking: /root/ros2_ws/install/in424_simu/share/in424_simu/environment/ament_prefix_path.dsv
[1.516s] -- Symlinking: /root/ros2_ws/install/in424_simu/share/in424_simu/environment/path.sh
[1.528s] -- Symlinking: /root/ros2_ws/install/in424_simu/share/in424_simu/environment/path.dsv
[1.540s] -- Symlinking: /root/ros2_ws/install/in424_simu/share/in424_simu/local_setup.bash
[1.552s] -- Symlinking: /root/ros2_ws/install/in424_simu/share/in424_simu/local_setup.sh
[1.564s] -- Symlinking: /root/ros2_ws/install/in424_simu/share/in424_simu/local_setup.zsh
[1.579s] -- Symlinking: /root/ros2_ws/install/in424_simu/share/in424_simu/local_setup.dsv
[1.591s] -- Symlinking: /root/ros2_ws/install/in424_simu/share/in424_simu/package.dsv
[1.604s] -- Symlinking: /root/ros2_ws/install/in424_simu/share/ament_index/resource_index/packages/in424_simu
[1.616s] -- Symlinking: /root/ros2_ws/install/in424_simu/share/in424_simu/cmake/in424_simuConfig.cmake
[1.629s] -- Symlinking: /root/ros2_ws/install/in424_simu/share/in424_simu/cmake/in424_simuConfig-version.cmake
[1.643s] -- Symlinking: /root/ros2_ws/install/in424_simu/share/in424_simu/package.xml
[1.662s] Invoked command in '/root/ros2_ws/build/in424_simu' returned '0': CMAKE_PREFIX_PATH=${CMAKE_PREFIX_PATH}:/root/ros2_ws/install/in424_nav:/opt/ros/galactic /usr/bin/cmake --install /root/ros2_ws/build/in424_simu
