/root/ros2_ws/install/in424_nav/lib/python3.8/site-packages/in424_nav/tf_publishers.py
/root/ros2_ws/install/in424_nav/lib/python3.8/site-packages/in424_nav/__init__.py
/root/ros2_ws/install/in424_nav/lib/python3.8/site-packages/in424_nav/my_common.py
/root/ros2_ws/install/in424_nav/lib/python3.8/site-packages/in424_nav/frontier_exploration.py
/root/ros2_ws/install/in424_nav/lib/python3.8/site-packages/in424_nav/agent.py
/root/ros2_ws/install/in424_nav/lib/python3.8/site-packages/in424_nav/mcl.py
/root/ros2_ws/install/in424_nav/lib/python3.8/site-packages/in424_nav/map_manager.py
/root/ros2_ws/install/in424_nav/lib/python3.8/site-packages/in424_nav/__pycache__/tf_publishers.cpython-38.pyc
/root/ros2_ws/install/in424_nav/lib/python3.8/site-packages/in424_nav/__pycache__/__init__.cpython-38.pyc
/root/ros2_ws/install/in424_nav/lib/python3.8/site-packages/in424_nav/__pycache__/my_common.cpython-38.pyc
/root/ros2_ws/install/in424_nav/lib/python3.8/site-packages/in424_nav/__pycache__/frontier_exploration.cpython-38.pyc
/root/ros2_ws/install/in424_nav/lib/python3.8/site-packages/in424_nav/__pycache__/agent.cpython-38.pyc
/root/ros2_ws/install/in424_nav/lib/python3.8/site-packages/in424_nav/__pycache__/mcl.cpython-38.pyc
/root/ros2_ws/install/in424_nav/lib/python3.8/site-packages/in424_nav/__pycache__/map_manager.cpython-38.pyc
/root/ros2_ws/install/in424_nav/share/ament_index/resource_index/packages/in424_nav
/root/ros2_ws/install/in424_nav/share/in424_nav/package.xml
/root/ros2_ws/install/in424_nav/share/in424_nav/agents_launch.py
/root/ros2_ws/install/in424_nav/lib/python3.8/site-packages/in424_nav-1.0.0-py3.8.egg-info/entry_points.txt
/root/ros2_ws/install/in424_nav/lib/python3.8/site-packages/in424_nav-1.0.0-py3.8.egg-info/requires.txt
/root/ros2_ws/install/in424_nav/lib/python3.8/site-packages/in424_nav-1.0.0-py3.8.egg-info/zip-safe
/root/ros2_ws/install/in424_nav/lib/python3.8/site-packages/in424_nav-1.0.0-py3.8.egg-info/top_level.txt
/root/ros2_ws/install/in424_nav/lib/python3.8/site-packages/in424_nav-1.0.0-py3.8.egg-info/SOURCES.txt
/root/ros2_ws/install/in424_nav/lib/python3.8/site-packages/in424_nav-1.0.0-py3.8.egg-info/dependency_links.txt
/root/ros2_ws/install/in424_nav/lib/python3.8/site-packages/in424_nav-1.0.0-py3.8.egg-info/PKG-INFO
/root/ros2_ws/install/in424_nav/lib/in424_nav/agent
/root/ros2_ws/install/in424_nav/lib/in424_nav/map_manager
/root/ros2_ws/install/in424_nav/lib/in424_nav/tf_publishers
