[0.053s] Invoking command in '/root/ros2_ws/build/in424_simu': CMAKE_PREFIX_PATH=${CMAKE_PREFIX_PATH}:/root/ros2_ws/install/in424_nav:/opt/ros/galactic /usr/bin/cmake --build /root/ros2_ws/build/in424_simu -- -j3 -l3
[0.166s] Invoked command in '/root/ros2_ws/build/in424_simu' returned '0': CMAKE_PREFIX_PATH=${CMAKE_PREFIX_PATH}:/root/ros2_ws/install/in424_nav:/opt/ros/galactic /usr/bin/cmake --build /root/ros2_ws/build/in424_simu -- -j3 -l3
[0.242s] Invoking command in '/root/ros2_ws/build/in424_simu': CMAKE_PREFIX_PATH=${CMAKE_PREFIX_PATH}:/root/ros2_ws/install/in424_nav:/opt/ros/galactic /usr/bin/cmake --install /root/ros2_ws/build/in424_simu
[0.254s] -- Install configuration: ""
[0.258s] -- Execute custom install script
[0.258s] -- Up-to-date symlink: /root/ros2_ws/install/in424_simu/share/in424_simu/launch/spawn_robots_launch.py
[0.259s] -- Up-to-date symlink: /root/ros2_ws/install/in424_simu/share/in424_simu/launch/start_world_launch.py
[0.261s] -- Up-to-date symlink: /root/ros2_ws/install/in424_simu/share/in424_simu/worlds/env.world
[0.264s] -- Symlinking: /root/ros2_ws/install/in424_simu/share/in424_simu/worlds/env_base.world
[0.287s] -- Up-to-date symlink: /root/ros2_ws/install/in424_simu/share/in424_simu/models/box_1_1/model.config
[0.289s] -- Up-to-date symlink: /root/ros2_ws/install/in424_simu/share/in424_simu/models/box_1_1/model.sdf
[0.289s] -- Up-to-date symlink: /root/ros2_ws/install/in424_simu/share/in424_simu/models/box_2_2/model.config
[0.289s] -- Up-to-date symlink: /root/ros2_ws/install/in424_simu/share/in424_simu/models/box_2_2/model.sdf
[0.290s] -- Up-to-date symlink: /root/ros2_ws/install/in424_simu/share/in424_simu/models/box_3_2/model.config
[0.290s] -- Up-to-date symlink: /root/ros2_ws/install/in424_simu/share/in424_simu/models/box_3_2/model.sdf
[0.290s] -- Up-to-date symlink: /root/ros2_ws/install/in424_simu/share/in424_simu/models/small_cube/model.config
[0.292s] -- Up-to-date symlink: /root/ros2_ws/install/in424_simu/share/in424_simu/models/small_cube/model.sdf
[0.292s] -- Up-to-date symlink: /root/ros2_ws/install/in424_simu/share/in424_simu/models/walls/model.config
[0.292s] -- Up-to-date symlink: /root/ros2_ws/install/in424_simu/share/in424_simu/models/walls/model.sdf
[0.293s] -- Up-to-date symlink: /root/ros2_ws/install/in424_simu/share/in424_simu/models/walls_2/model.config
[0.293s] -- Up-to-date symlink: /root/ros2_ws/install/in424_simu/share/in424_simu/models/walls_2/model.sdf
[0.294s] -- Up-to-date symlink: /root/ros2_ws/install/in424_simu/share/in424_simu/cfg/config.rviz
[0.305s] -- Up-to-date symlink: /root/ros2_ws/install/in424_simu/share/ament_index/resource_index/package_run_dependencies/in424_simu
[0.307s] -- Up-to-date symlink: /root/ros2_ws/install/in424_simu/share/ament_index/resource_index/parent_prefix_path/in424_simu
[0.308s] -- Up-to-date symlink: /root/ros2_ws/install/in424_simu/share/in424_simu/environment/ament_prefix_path.sh
[0.310s] -- Up-to-date symlink: /root/ros2_ws/install/in424_simu/share/in424_simu/environment/ament_prefix_path.dsv
[0.311s] -- Up-to-date symlink: /root/ros2_ws/install/in424_simu/share/in424_simu/environment/path.sh
[0.312s] -- Up-to-date symlink: /root/ros2_ws/install/in424_simu/share/in424_simu/environment/path.dsv
[0.313s] -- Up-to-date symlink: /root/ros2_ws/install/in424_simu/share/in424_simu/local_setup.bash
[0.314s] -- Up-to-date symlink: /root/ros2_ws/install/in424_simu/share/in424_simu/local_setup.sh
[0.315s] -- Up-to-date symlink: /root/ros2_ws/install/in424_simu/share/in424_simu/local_setup.zsh
[0.316s] -- Up-to-date symlink: /root/ros2_ws/install/in424_simu/share/in424_simu/local_setup.dsv
[0.316s] -- Symlinking: /root/ros2_ws/install/in424_simu/share/in424_simu/package.dsv
[0.332s] -- Up-to-date symlink: /root/ros2_ws/install/in424_simu/share/ament_index/resource_index/packages/in424_simu
[0.332s] -- Up-to-date symlink: /root/ros2_ws/install/in424_simu/share/in424_simu/cmake/in424_simuConfig.cmake
[0.333s] -- Up-to-date symlink: /root/ros2_ws/install/in424_simu/share/in424_simu/cmake/in424_simuConfig-version.cmake
[0.334s] -- Up-to-date symlink: /root/ros2_ws/install/in424_simu/share/in424_simu/package.xml
[0.339s] Invoked command in '/root/ros2_ws/build/in424_simu' returned '0': CMAKE_PREFIX_PATH=${CMAKE_PREFIX_PATH}:/root/ros2_ws/install/in424_nav:/opt/ros/galactic /usr/bin/cmake --install /root/ros2_ws/build/in424_simu
