[0.110s] Invoking command in '/root/ros2_ws/build/in424_desc': CMAKE_PREFIX_PATH=/opt/ros/galactic /usr/bin/cmake --build /root/ros2_ws/build/in424_desc -- -j3 -l3
[0.352s] Invoked command in '/root/ros2_ws/build/in424_desc' returned '0': CMAKE_PREFIX_PATH=/opt/ros/galactic /usr/bin/cmake --build /root/ros2_ws/build/in424_desc -- -j3 -l3
[0.423s] Invoking command in '/root/ros2_ws/build/in424_desc': CMAKE_PREFIX_PATH=/opt/ros/galactic /usr/bin/cmake --install /root/ros2_ws/build/in424_desc
[0.434s] -- Install configuration: ""
[0.436s] -- Execute custom install script
[0.438s] -- Up-to-date symlink: /root/ros2_ws/install/in424_desc/share/in424_desc/xacro/macro.xacro
[0.438s] -- Up-to-date symlink: /root/ros2_ws/install/in424_desc/share/in424_desc/xacro/materials.xacro
[0.439s] -- Up-to-date symlink: /root/ros2_ws/install/in424_desc/share/in424_desc/xacro/robot.gazebo
[0.439s] -- Up-to-date symlink: /root/ros2_ws/install/in424_desc/share/in424_desc/xacro/robot.xacro
[0.439s] -- Up-to-date symlink: /root/ros2_ws/install/in424_desc/share/ament_index/resource_index/package_run_dependencies/in424_desc
[0.439s] -- Up-to-date symlink: /root/ros2_ws/install/in424_desc/share/ament_index/resource_index/parent_prefix_path/in424_desc
[0.441s] -- Up-to-date symlink: /root/ros2_ws/install/in424_desc/share/in424_desc/environment/ament_prefix_path.sh
[0.441s] -- Up-to-date symlink: /root/ros2_ws/install/in424_desc/share/in424_desc/environment/ament_prefix_path.dsv
[0.441s] -- Up-to-date symlink: /root/ros2_ws/install/in424_desc/share/in424_desc/environment/path.sh
[0.442s] -- Up-to-date symlink: /root/ros2_ws/install/in424_desc/share/in424_desc/environment/path.dsv
[0.442s] -- Up-to-date symlink: /root/ros2_ws/install/in424_desc/share/in424_desc/local_setup.bash
[0.442s] -- Up-to-date symlink: /root/ros2_ws/install/in424_desc/share/in424_desc/local_setup.sh
[0.443s] -- Up-to-date symlink: /root/ros2_ws/install/in424_desc/share/in424_desc/local_setup.zsh
[0.444s] -- Up-to-date symlink: /root/ros2_ws/install/in424_desc/share/in424_desc/local_setup.dsv
[0.445s] -- Symlinking: /root/ros2_ws/install/in424_desc/share/in424_desc/package.dsv
[0.468s] -- Up-to-date symlink: /root/ros2_ws/install/in424_desc/share/ament_index/resource_index/packages/in424_desc
[0.468s] -- Up-to-date symlink: /root/ros2_ws/install/in424_desc/share/in424_desc/cmake/in424_descConfig.cmake
[0.468s] -- Up-to-date symlink: /root/ros2_ws/install/in424_desc/share/in424_desc/cmake/in424_descConfig-version.cmake
[0.468s] -- Up-to-date symlink: /root/ros2_ws/install/in424_desc/share/in424_desc/package.xml
[0.503s] Invoked command in '/root/ros2_ws/build/in424_desc' returned '0': CMAKE_PREFIX_PATH=/opt/ros/galactic /usr/bin/cmake --install /root/ros2_ws/build/in424_desc
