[0.081s] Invoking command in '/root/ros2_ws/build/in424_desc': CMAKE_PREFIX_PATH=/opt/ros/galactic /usr/bin/cmake /root/ros2_ws/src/IN424/in424_desc -DAMENT_CMAKE_SYMLINK_INSTALL=1 -DCMAKE_INSTALL_PREFIX=/root/ros2_ws/install/in424_desc
[0.231s] -- The C compiler identification is GNU 9.4.0
[0.308s] -- The CXX compiler identification is GNU 9.4.0
[0.308s] -- Check for working C compiler: /usr/bin/cc
[0.421s] -- Check for working C compiler: /usr/bin/cc -- works
[0.423s] -- Detecting C compiler ABI info
[0.538s] -- Detecting C compiler ABI info - done
[0.547s] -- Detecting C compile features
[0.548s] -- Detecting C compile features - done
[0.555s] -- Check for working CXX compiler: /usr/bin/c++
[0.684s] -- Check for working CXX compiler: /usr/bin/c++ -- works
[0.686s] -- Detecting CXX compiler ABI info
[0.814s] -- Detecting CXX compiler ABI info - done
[0.823s] -- Detecting CXX compile features
[0.825s] -- Detecting CXX compile features - done
[0.830s] -- Found ament_cmake: 1.1.6 (/opt/ros/galactic/share/ament_cmake/cmake)
[0.849s] -- Found PythonInterp: /usr/bin/python3 (found suitable version "3.8.10", minimum required is "3") 
[0.850s] -- Using PYTHON_EXECUTABLE: /usr/bin/python3
[0.939s] -- Override CMake install command with custom implementation using symlinks instead of copying resources
[0.947s] -- Found ament_lint_auto: 0.10.7 (/opt/ros/galactic/share/ament_lint_auto/cmake)
[1.047s] -- Added test 'copyright' to check source files copyright and LICENSE
[1.058s] -- Added test 'lint_cmake' to check CMake code style
[1.063s] -- Added test 'xmllint' to check XML markup files
[1.070s] -- Configuring done
[1.070s] -- Generating done
[1.070s] -- Build files have been written to: /root/ros2_ws/build/in424_desc
[1.075s] Invoked command in '/root/ros2_ws/build/in424_desc' returned '0': CMAKE_PREFIX_PATH=/opt/ros/galactic /usr/bin/cmake /root/ros2_ws/src/IN424/in424_desc -DAMENT_CMAKE_SYMLINK_INSTALL=1 -DCMAKE_INSTALL_PREFIX=/root/ros2_ws/install/in424_desc
[1.079s] Invoking command in '/root/ros2_ws/build/in424_desc': CMAKE_PREFIX_PATH=/opt/ros/galactic /usr/bin/cmake --build /root/ros2_ws/build/in424_desc -- -j3 -l3
[1.128s] Invoked command in '/root/ros2_ws/build/in424_desc' returned '0': CMAKE_PREFIX_PATH=/opt/ros/galactic /usr/bin/cmake --build /root/ros2_ws/build/in424_desc -- -j3 -l3
[1.196s] Invoking command in '/root/ros2_ws/build/in424_desc': CMAKE_PREFIX_PATH=/opt/ros/galactic /usr/bin/cmake --install /root/ros2_ws/build/in424_desc
[1.210s] -- Install configuration: ""
[1.210s] -- Execute custom install script
[1.211s] -- Symlinking: /root/ros2_ws/install/in424_desc/share/in424_desc/xacro/macro.xacro
[1.228s] -- Symlinking: /root/ros2_ws/install/in424_desc/share/in424_desc/xacro/materials.xacro
[1.242s] -- Symlinking: /root/ros2_ws/install/in424_desc/share/in424_desc/xacro/robot.gazebo
[1.253s] -- Symlinking: /root/ros2_ws/install/in424_desc/share/in424_desc/xacro/robot.xacro
[1.264s] -- Symlinking: /root/ros2_ws/install/in424_desc/share/ament_index/resource_index/package_run_dependencies/in424_desc
[1.287s] -- Symlinking: /root/ros2_ws/install/in424_desc/share/ament_index/resource_index/parent_prefix_path/in424_desc
[1.312s] -- Symlinking: /root/ros2_ws/install/in424_desc/share/in424_desc/environment/ament_prefix_path.sh
[1.329s] -- Symlinking: /root/ros2_ws/install/in424_desc/share/in424_desc/environment/ament_prefix_path.dsv
[1.343s] -- Symlinking: /root/ros2_ws/install/in424_desc/share/in424_desc/environment/path.sh
[1.356s] -- Symlinking: /root/ros2_ws/install/in424_desc/share/in424_desc/environment/path.dsv
[1.367s] -- Symlinking: /root/ros2_ws/install/in424_desc/share/in424_desc/local_setup.bash
[1.394s] -- Symlinking: /root/ros2_ws/install/in424_desc/share/in424_desc/local_setup.sh
[1.406s] -- Symlinking: /root/ros2_ws/install/in424_desc/share/in424_desc/local_setup.zsh
[1.417s] -- Symlinking: /root/ros2_ws/install/in424_desc/share/in424_desc/local_setup.dsv
[1.429s] -- Symlinking: /root/ros2_ws/install/in424_desc/share/in424_desc/package.dsv
[1.442s] -- Symlinking: /root/ros2_ws/install/in424_desc/share/ament_index/resource_index/packages/in424_desc
[1.453s] -- Symlinking: /root/ros2_ws/install/in424_desc/share/in424_desc/cmake/in424_descConfig.cmake
[1.463s] -- Symlinking: /root/ros2_ws/install/in424_desc/share/in424_desc/cmake/in424_descConfig-version.cmake
[1.474s] -- Symlinking: /root/ros2_ws/install/in424_desc/share/in424_desc/package.xml
[1.494s] Invoked command in '/root/ros2_ws/build/in424_desc' returned '0': CMAKE_PREFIX_PATH=/opt/ros/galactic /usr/bin/cmake --install /root/ros2_ws/build/in424_desc
