[0.147s] DEBUG:colcon:Command line arguments: ['/usr/bin/colcon', 'build', '--symlink-install']
[0.147s] DEBUG:colcon:Parsed command line arguments: Namespace(ament_cmake_args=None, base_paths=['.'], build_base='build', catkin_cmake_args=None, catkin_skip_building_tests=False, cmake_args=None, cmake_clean_cache=False, cmake_clean_first=False, cmake_force_configure=False, cmake_target=None, cmake_target_skip_unavailable=False, continue_on_error=False, event_handlers=None, executor='parallel', ignore_user_meta=False, install_base='install', log_base=None, log_level=None, main=<bound method BuildVerb.main of <colcon_core.verb.build.BuildVerb object at 0x71905adb4f10>>, merge_install=False, metas=['./colcon.meta'], mixin=None, mixin_files=None, mixin_verb=('build',), packages_above=None, packages_above_and_dependencies=None, packages_above_depth=None, packages_end=None, packages_ignore=None, packages_ignore_regex=None, packages_select=None, packages_select_build_failed=False, packages_select_by_dep=None, packages_select_regex=None, packages_select_test_failures=False, packages_skip=None, packages_skip_build_finished=False, packages_skip_by_dep=None, packages_skip_regex=None, packages_skip_test_passed=False, packages_skip_up_to=None, packages_start=None, packages_up_to=None, packages_up_to_regex=None, parallel_workers=3, paths=None, symlink_install=True, test_result_base=None, verb_extension=<colcon_core.verb.build.BuildVerb object at 0x71905adb4f10>, verb_name='build', verb_parser=<colcon_mixin.mixin.mixin_argument.MixinArgumentDecorator object at 0x71905adbf550>)
[0.170s] Level 1:colcon.colcon_core.package_discovery:discover_packages(colcon_meta) check parameters
[0.171s] INFO:colcon.colcon_metadata.package_discovery.colcon_meta:Using configuration from '/root/.colcon/metadata/default/Gazebo.meta'
[0.171s] INFO:colcon.colcon_metadata.package_discovery.colcon_meta:Using configuration from '/root/.colcon/metadata/default/fastdds.meta'
[0.172s] INFO:colcon.colcon_metadata.package_discovery.colcon_meta:Using configuration from '/root/.colcon/metadata/default/fastrtps.meta'
[0.172s] Level 1:colcon.colcon_core.package_discovery:discover_packages(recursive) check parameters
[0.172s] Level 1:colcon.colcon_core.package_discovery:discover_packages(ignore) check parameters
[0.172s] Level 1:colcon.colcon_core.package_discovery:discover_packages(path) check parameters
[0.172s] Level 1:colcon.colcon_core.package_discovery:discover_packages(colcon_meta) discover
[0.172s] Level 1:colcon.colcon_core.package_discovery:discover_packages(recursive) discover
[0.172s] INFO:colcon.colcon_core.package_discovery:Crawling recursively for packages in '/root/ros2_ws'
[0.172s] Level 1:colcon.colcon_core.package_identification:_identify(.) by extensions ['ignore', 'ignore_ament_install']
[0.172s] Level 1:colcon.colcon_core.package_identification:_identify(.) by extension 'ignore'
[0.172s] Level 1:colcon.colcon_core.package_identification:_identify(.) by extension 'ignore_ament_install'
[0.172s] Level 1:colcon.colcon_core.package_identification:_identify(.) by extensions ['colcon_pkg']
[0.172s] Level 1:colcon.colcon_core.package_identification:_identify(.) by extension 'colcon_pkg'
[0.172s] Level 1:colcon.colcon_core.package_identification:_identify(.) by extensions ['colcon_meta']
[0.172s] Level 1:colcon.colcon_core.package_identification:_identify(.) by extension 'colcon_meta'
[0.172s] Level 1:colcon.colcon_core.package_identification:_identify(.) by extensions ['ros']
[0.172s] Level 1:colcon.colcon_core.package_identification:_identify(.) by extension 'ros'
[0.182s] Level 1:colcon.colcon_core.package_identification:_identify(.) by extensions ['cmake', 'python']
[0.182s] Level 1:colcon.colcon_core.package_identification:_identify(.) by extension 'cmake'
[0.182s] Level 1:colcon.colcon_core.package_identification:_identify(.) by extension 'python'
[0.182s] Level 1:colcon.colcon_core.package_identification:_identify(.) by extensions ['python_setup_py']
[0.182s] Level 1:colcon.colcon_core.package_identification:_identify(.) by extension 'python_setup_py'
[0.182s] Level 1:colcon.colcon_core.package_identification:_identify(Mur_smart_resto) by extensions ['ignore', 'ignore_ament_install']
[0.182s] Level 1:colcon.colcon_core.package_identification:_identify(Mur_smart_resto) by extension 'ignore'
[0.182s] Level 1:colcon.colcon_core.package_identification:_identify(Mur_smart_resto) by extension 'ignore_ament_install'
[0.182s] Level 1:colcon.colcon_core.package_identification:_identify(Mur_smart_resto) by extensions ['colcon_pkg']
[0.182s] Level 1:colcon.colcon_core.package_identification:_identify(Mur_smart_resto) by extension 'colcon_pkg'
[0.182s] Level 1:colcon.colcon_core.package_identification:_identify(Mur_smart_resto) by extensions ['colcon_meta']
[0.182s] Level 1:colcon.colcon_core.package_identification:_identify(Mur_smart_resto) by extension 'colcon_meta'
[0.182s] Level 1:colcon.colcon_core.package_identification:_identify(Mur_smart_resto) by extensions ['ros']
[0.182s] Level 1:colcon.colcon_core.package_identification:_identify(Mur_smart_resto) by extension 'ros'
[0.183s] Level 1:colcon.colcon_core.package_identification:_identify(Mur_smart_resto) by extensions ['cmake', 'python']
[0.183s] Level 1:colcon.colcon_core.package_identification:_identify(Mur_smart_resto) by extension 'cmake'
[0.183s] Level 1:colcon.colcon_core.package_identification:_identify(Mur_smart_resto) by extension 'python'
[0.183s] Level 1:colcon.colcon_core.package_identification:_identify(Mur_smart_resto) by extensions ['python_setup_py']
[0.183s] Level 1:colcon.colcon_core.package_identification:_identify(Mur_smart_resto) by extension 'python_setup_py'
[0.183s] Level 1:colcon.colcon_core.package_identification:_identify(build) by extensions ['ignore', 'ignore_ament_install']
[0.183s] Level 1:colcon.colcon_core.package_identification:_identify(build) by extension 'ignore'
[0.183s] Level 1:colcon.colcon_core.package_identification:_identify(build) ignored
[0.183s] Level 1:colcon.colcon_core.package_identification:_identify(install) by extensions ['ignore', 'ignore_ament_install']
[0.183s] Level 1:colcon.colcon_core.package_identification:_identify(install) by extension 'ignore'
[0.183s] Level 1:colcon.colcon_core.package_identification:_identify(install) ignored
[0.183s] Level 1:colcon.colcon_core.package_identification:_identify(log) by extensions ['ignore', 'ignore_ament_install']
[0.183s] Level 1:colcon.colcon_core.package_identification:_identify(log) by extension 'ignore'
[0.183s] Level 1:colcon.colcon_core.package_identification:_identify(log) ignored
[0.183s] Level 1:colcon.colcon_core.package_identification:_identify(src) by extensions ['ignore', 'ignore_ament_install']
[0.183s] Level 1:colcon.colcon_core.package_identification:_identify(src) by extension 'ignore'
[0.183s] Level 1:colcon.colcon_core.package_identification:_identify(src) by extension 'ignore_ament_install'
[0.183s] Level 1:colcon.colcon_core.package_identification:_identify(src) by extensions ['colcon_pkg']
[0.183s] Level 1:colcon.colcon_core.package_identification:_identify(src) by extension 'colcon_pkg'
[0.183s] Level 1:colcon.colcon_core.package_identification:_identify(src) by extensions ['colcon_meta']
[0.183s] Level 1:colcon.colcon_core.package_identification:_identify(src) by extension 'colcon_meta'
[0.183s] Level 1:colcon.colcon_core.package_identification:_identify(src) by extensions ['ros']
[0.183s] Level 1:colcon.colcon_core.package_identification:_identify(src) by extension 'ros'
[0.183s] Level 1:colcon.colcon_core.package_identification:_identify(src) by extensions ['cmake', 'python']
[0.184s] Level 1:colcon.colcon_core.package_identification:_identify(src) by extension 'cmake'
[0.184s] Level 1:colcon.colcon_core.package_identification:_identify(src) by extension 'python'
[0.184s] Level 1:colcon.colcon_core.package_identification:_identify(src) by extensions ['python_setup_py']
[0.184s] Level 1:colcon.colcon_core.package_identification:_identify(src) by extension 'python_setup_py'
[0.184s] Level 1:colcon.colcon_core.package_identification:_identify(src/IN424) by extensions ['ignore', 'ignore_ament_install']
[0.184s] Level 1:colcon.colcon_core.package_identification:_identify(src/IN424) by extension 'ignore'
[0.184s] Level 1:colcon.colcon_core.package_identification:_identify(src/IN424) by extension 'ignore_ament_install'
[0.184s] Level 1:colcon.colcon_core.package_identification:_identify(src/IN424) by extensions ['colcon_pkg']
[0.184s] Level 1:colcon.colcon_core.package_identification:_identify(src/IN424) by extension 'colcon_pkg'
[0.184s] Level 1:colcon.colcon_core.package_identification:_identify(src/IN424) by extensions ['colcon_meta']
[0.184s] Level 1:colcon.colcon_core.package_identification:_identify(src/IN424) by extension 'colcon_meta'
[0.184s] Level 1:colcon.colcon_core.package_identification:_identify(src/IN424) by extensions ['ros']
[0.184s] Level 1:colcon.colcon_core.package_identification:_identify(src/IN424) by extension 'ros'
[0.184s] Level 1:colcon.colcon_core.package_identification:_identify(src/IN424) by extensions ['cmake', 'python']
[0.184s] Level 1:colcon.colcon_core.package_identification:_identify(src/IN424) by extension 'cmake'
[0.184s] Level 1:colcon.colcon_core.package_identification:_identify(src/IN424) by extension 'python'
[0.184s] Level 1:colcon.colcon_core.package_identification:_identify(src/IN424) by extensions ['python_setup_py']
[0.184s] Level 1:colcon.colcon_core.package_identification:_identify(src/IN424) by extension 'python_setup_py'
[0.184s] Level 1:colcon.colcon_core.package_identification:_identify(src/IN424/in424_desc) by extensions ['ignore', 'ignore_ament_install']
[0.184s] Level 1:colcon.colcon_core.package_identification:_identify(src/IN424/in424_desc) by extension 'ignore'
[0.184s] Level 1:colcon.colcon_core.package_identification:_identify(src/IN424/in424_desc) by extension 'ignore_ament_install'
[0.184s] Level 1:colcon.colcon_core.package_identification:_identify(src/IN424/in424_desc) by extensions ['colcon_pkg']
[0.184s] Level 1:colcon.colcon_core.package_identification:_identify(src/IN424/in424_desc) by extension 'colcon_pkg'
[0.185s] Level 1:colcon.colcon_core.package_identification:_identify(src/IN424/in424_desc) by extensions ['colcon_meta']
[0.185s] Level 1:colcon.colcon_core.package_identification:_identify(src/IN424/in424_desc) by extension 'colcon_meta'
[0.185s] Level 1:colcon.colcon_core.package_identification:_identify(src/IN424/in424_desc) by extensions ['ros']
[0.185s] Level 1:colcon.colcon_core.package_identification:_identify(src/IN424/in424_desc) by extension 'ros'
[0.187s] DEBUG:colcon.colcon_core.package_identification:Package 'src/IN424/in424_desc' with type 'ros.ament_cmake' and name 'in424_desc'
[0.187s] Level 1:colcon.colcon_core.package_identification:_identify(src/IN424/in424_msgs) by extensions ['ignore', 'ignore_ament_install']
[0.187s] Level 1:colcon.colcon_core.package_identification:_identify(src/IN424/in424_msgs) by extension 'ignore'
[0.187s] Level 1:colcon.colcon_core.package_identification:_identify(src/IN424/in424_msgs) by extension 'ignore_ament_install'
[0.187s] Level 1:colcon.colcon_core.package_identification:_identify(src/IN424/in424_msgs) by extensions ['colcon_pkg']
[0.187s] Level 1:colcon.colcon_core.package_identification:_identify(src/IN424/in424_msgs) by extension 'colcon_pkg'
[0.187s] Level 1:colcon.colcon_core.package_identification:_identify(src/IN424/in424_msgs) by extensions ['colcon_meta']
[0.187s] Level 1:colcon.colcon_core.package_identification:_identify(src/IN424/in424_msgs) by extension 'colcon_meta'
[0.187s] Level 1:colcon.colcon_core.package_identification:_identify(src/IN424/in424_msgs) by extensions ['ros']
[0.187s] Level 1:colcon.colcon_core.package_identification:_identify(src/IN424/in424_msgs) by extension 'ros'
[0.188s] DEBUG:colcon.colcon_core.package_identification:Package 'src/IN424/in424_msgs' with type 'ros.ament_cmake' and name 'in424_msgs'
[0.188s] Level 1:colcon.colcon_core.package_identification:_identify(src/IN424/in424_nav) by extensions ['ignore', 'ignore_ament_install']
[0.188s] Level 1:colcon.colcon_core.package_identification:_identify(src/IN424/in424_nav) by extension 'ignore'
[0.189s] Level 1:colcon.colcon_core.package_identification:_identify(src/IN424/in424_nav) by extension 'ignore_ament_install'
[0.189s] Level 1:colcon.colcon_core.package_identification:_identify(src/IN424/in424_nav) by extensions ['colcon_pkg']
[0.189s] Level 1:colcon.colcon_core.package_identification:_identify(src/IN424/in424_nav) by extension 'colcon_pkg'
[0.189s] Level 1:colcon.colcon_core.package_identification:_identify(src/IN424/in424_nav) by extensions ['colcon_meta']
[0.189s] Level 1:colcon.colcon_core.package_identification:_identify(src/IN424/in424_nav) by extension 'colcon_meta'
[0.189s] Level 1:colcon.colcon_core.package_identification:_identify(src/IN424/in424_nav) by extensions ['ros']
[0.189s] Level 1:colcon.colcon_core.package_identification:_identify(src/IN424/in424_nav) by extension 'ros'
[0.189s] DEBUG:colcon.colcon_core.package_identification:Package 'src/IN424/in424_nav' with type 'ros.ament_python' and name 'in424_nav'
[0.189s] Level 1:colcon.colcon_core.package_identification:_identify(src/IN424/in424_simu) by extensions ['ignore', 'ignore_ament_install']
[0.189s] Level 1:colcon.colcon_core.package_identification:_identify(src/IN424/in424_simu) by extension 'ignore'
[0.189s] Level 1:colcon.colcon_core.package_identification:_identify(src/IN424/in424_simu) by extension 'ignore_ament_install'
[0.189s] Level 1:colcon.colcon_core.package_identification:_identify(src/IN424/in424_simu) by extensions ['colcon_pkg']
[0.189s] Level 1:colcon.colcon_core.package_identification:_identify(src/IN424/in424_simu) by extension 'colcon_pkg'
[0.189s] Level 1:colcon.colcon_core.package_identification:_identify(src/IN424/in424_simu) by extensions ['colcon_meta']
[0.189s] Level 1:colcon.colcon_core.package_identification:_identify(src/IN424/in424_simu) by extension 'colcon_meta'
[0.189s] Level 1:colcon.colcon_core.package_identification:_identify(src/IN424/in424_simu) by extensions ['ros']
[0.189s] Level 1:colcon.colcon_core.package_identification:_identify(src/IN424/in424_simu) by extension 'ros'
[0.190s] DEBUG:colcon.colcon_core.package_identification:Package 'src/IN424/in424_simu' with type 'ros.ament_cmake' and name 'in424_simu'
[0.190s] Level 1:colcon.colcon_core.package_discovery:discover_packages(recursive) using defaults
[0.190s] Level 1:colcon.colcon_core.package_discovery:discover_packages(ignore) discover
[0.190s] Level 1:colcon.colcon_core.package_discovery:discover_packages(ignore) using defaults
[0.190s] Level 1:colcon.colcon_core.package_discovery:discover_packages(path) discover
[0.190s] Level 1:colcon.colcon_core.package_discovery:discover_packages(path) using defaults
[0.221s] Level 5:colcon.colcon_core.verb:set package 'in424_desc' build argument 'cmake_args' from command line to 'None'
[0.221s] Level 5:colcon.colcon_core.verb:set package 'in424_desc' build argument 'cmake_target' from command line to 'None'
[0.221s] Level 5:colcon.colcon_core.verb:set package 'in424_desc' build argument 'cmake_target_skip_unavailable' from command line to 'False'
[0.221s] Level 5:colcon.colcon_core.verb:set package 'in424_desc' build argument 'cmake_clean_cache' from command line to 'False'
[0.221s] Level 5:colcon.colcon_core.verb:set package 'in424_desc' build argument 'cmake_clean_first' from command line to 'False'
[0.221s] Level 5:colcon.colcon_core.verb:set package 'in424_desc' build argument 'cmake_force_configure' from command line to 'False'
[0.221s] Level 5:colcon.colcon_core.verb:set package 'in424_desc' build argument 'ament_cmake_args' from command line to 'None'
[0.221s] Level 5:colcon.colcon_core.verb:set package 'in424_desc' build argument 'catkin_cmake_args' from command line to 'None'
[0.221s] Level 5:colcon.colcon_core.verb:set package 'in424_desc' build argument 'catkin_skip_building_tests' from command line to 'False'
[0.221s] DEBUG:colcon.colcon_core.verb:Building package 'in424_desc' with the following arguments: {'ament_cmake_args': None, 'build_base': '/root/ros2_ws/build/in424_desc', 'catkin_cmake_args': None, 'catkin_skip_building_tests': False, 'cmake_args': None, 'cmake_clean_cache': False, 'cmake_clean_first': False, 'cmake_force_configure': False, 'cmake_target': None, 'cmake_target_skip_unavailable': False, 'install_base': '/root/ros2_ws/install/in424_desc', 'merge_install': False, 'path': '/root/ros2_ws/src/IN424/in424_desc', 'symlink_install': True, 'test_result_base': None}
[0.222s] Level 5:colcon.colcon_core.verb:set package 'in424_msgs' build argument 'cmake_args' from command line to 'None'
[0.222s] Level 5:colcon.colcon_core.verb:set package 'in424_msgs' build argument 'cmake_target' from command line to 'None'
[0.222s] Level 5:colcon.colcon_core.verb:set package 'in424_msgs' build argument 'cmake_target_skip_unavailable' from command line to 'False'
[0.222s] Level 5:colcon.colcon_core.verb:set package 'in424_msgs' build argument 'cmake_clean_cache' from command line to 'False'
[0.222s] Level 5:colcon.colcon_core.verb:set package 'in424_msgs' build argument 'cmake_clean_first' from command line to 'False'
[0.222s] Level 5:colcon.colcon_core.verb:set package 'in424_msgs' build argument 'cmake_force_configure' from command line to 'False'
[0.222s] Level 5:colcon.colcon_core.verb:set package 'in424_msgs' build argument 'ament_cmake_args' from command line to 'None'
[0.222s] Level 5:colcon.colcon_core.verb:set package 'in424_msgs' build argument 'catkin_cmake_args' from command line to 'None'
[0.222s] Level 5:colcon.colcon_core.verb:set package 'in424_msgs' build argument 'catkin_skip_building_tests' from command line to 'False'
[0.222s] DEBUG:colcon.colcon_core.verb:Building package 'in424_msgs' with the following arguments: {'ament_cmake_args': None, 'build_base': '/root/ros2_ws/build/in424_msgs', 'catkin_cmake_args': None, 'catkin_skip_building_tests': False, 'cmake_args': None, 'cmake_clean_cache': False, 'cmake_clean_first': False, 'cmake_force_configure': False, 'cmake_target': None, 'cmake_target_skip_unavailable': False, 'install_base': '/root/ros2_ws/install/in424_msgs', 'merge_install': False, 'path': '/root/ros2_ws/src/IN424/in424_msgs', 'symlink_install': True, 'test_result_base': None}
[0.223s] Level 5:colcon.colcon_core.verb:set package 'in424_nav' build argument 'cmake_args' from command line to 'None'
[0.223s] Level 5:colcon.colcon_core.verb:set package 'in424_nav' build argument 'cmake_target' from command line to 'None'
[0.223s] Level 5:colcon.colcon_core.verb:set package 'in424_nav' build argument 'cmake_target_skip_unavailable' from command line to 'False'
[0.223s] Level 5:colcon.colcon_core.verb:set package 'in424_nav' build argument 'cmake_clean_cache' from command line to 'False'
[0.223s] Level 5:colcon.colcon_core.verb:set package 'in424_nav' build argument 'cmake_clean_first' from command line to 'False'
[0.223s] Level 5:colcon.colcon_core.verb:set package 'in424_nav' build argument 'cmake_force_configure' from command line to 'False'
[0.223s] Level 5:colcon.colcon_core.verb:set package 'in424_nav' build argument 'ament_cmake_args' from command line to 'None'
[0.223s] Level 5:colcon.colcon_core.verb:set package 'in424_nav' build argument 'catkin_cmake_args' from command line to 'None'
[0.223s] Level 5:colcon.colcon_core.verb:set package 'in424_nav' build argument 'catkin_skip_building_tests' from command line to 'False'
[0.223s] DEBUG:colcon.colcon_core.verb:Building package 'in424_nav' with the following arguments: {'ament_cmake_args': None, 'build_base': '/root/ros2_ws/build/in424_nav', 'catkin_cmake_args': None, 'catkin_skip_building_tests': False, 'cmake_args': None, 'cmake_clean_cache': False, 'cmake_clean_first': False, 'cmake_force_configure': False, 'cmake_target': None, 'cmake_target_skip_unavailable': False, 'install_base': '/root/ros2_ws/install/in424_nav', 'merge_install': False, 'path': '/root/ros2_ws/src/IN424/in424_nav', 'symlink_install': True, 'test_result_base': None}
[0.223s] Level 5:colcon.colcon_core.verb:set package 'in424_simu' build argument 'cmake_args' from command line to 'None'
[0.223s] Level 5:colcon.colcon_core.verb:set package 'in424_simu' build argument 'cmake_target' from command line to 'None'
[0.223s] Level 5:colcon.colcon_core.verb:set package 'in424_simu' build argument 'cmake_target_skip_unavailable' from command line to 'False'
[0.223s] Level 5:colcon.colcon_core.verb:set package 'in424_simu' build argument 'cmake_clean_cache' from command line to 'False'
[0.223s] Level 5:colcon.colcon_core.verb:set package 'in424_simu' build argument 'cmake_clean_first' from command line to 'False'
[0.223s] Level 5:colcon.colcon_core.verb:set package 'in424_simu' build argument 'cmake_force_configure' from command line to 'False'
[0.223s] Level 5:colcon.colcon_core.verb:set package 'in424_simu' build argument 'ament_cmake_args' from command line to 'None'
[0.223s] Level 5:colcon.colcon_core.verb:set package 'in424_simu' build argument 'catkin_cmake_args' from command line to 'None'
[0.224s] Level 5:colcon.colcon_core.verb:set package 'in424_simu' build argument 'catkin_skip_building_tests' from command line to 'False'
[0.224s] DEBUG:colcon.colcon_core.verb:Building package 'in424_simu' with the following arguments: {'ament_cmake_args': None, 'build_base': '/root/ros2_ws/build/in424_simu', 'catkin_cmake_args': None, 'catkin_skip_building_tests': False, 'cmake_args': None, 'cmake_clean_cache': False, 'cmake_clean_first': False, 'cmake_force_configure': False, 'cmake_target': None, 'cmake_target_skip_unavailable': False, 'install_base': '/root/ros2_ws/install/in424_simu', 'merge_install': False, 'path': '/root/ros2_ws/src/IN424/in424_simu', 'symlink_install': True, 'test_result_base': None}
[0.224s] INFO:colcon.colcon_core.executor:Executing jobs using 'parallel' executor
[0.228s] DEBUG:colcon.colcon_parallel_executor.executor.parallel:run_until_complete
[0.228s] INFO:colcon.colcon_ros.task.ament_cmake.build:Building ROS package in '/root/ros2_ws/src/IN424/in424_desc' with build type 'ament_cmake'
[0.228s] INFO:colcon.colcon_cmake.task.cmake.build:Building CMake package in '/root/ros2_ws/src/IN424/in424_desc'
[0.234s] INFO:colcon.colcon_core.plugin_system:Skipping extension 'colcon_core.shell.bat': Not used on non-Windows systems
[0.234s] INFO:colcon.colcon_core.shell:Skip shell extension 'powershell' for command environment: Not usable outside of PowerShell
[0.234s] DEBUG:colcon.colcon_core.shell:Skip shell extension 'dsv' for command environment
[0.243s] INFO:colcon.colcon_ros.task.ament_cmake.build:Building ROS package in '/root/ros2_ws/src/IN424/in424_msgs' with build type 'ament_cmake'
[0.243s] INFO:colcon.colcon_cmake.task.cmake.build:Building CMake package in '/root/ros2_ws/src/IN424/in424_msgs'
[0.245s] INFO:colcon.colcon_core.shell:Skip shell extension 'powershell' for command environment: Not usable outside of PowerShell
[0.245s] DEBUG:colcon.colcon_core.shell:Skip shell extension 'dsv' for command environment
[0.258s] INFO:colcon.colcon_ros.task.ament_python.build:Building ROS package in '/root/ros2_ws/src/IN424/in424_nav' with build type 'ament_python'
[0.258s] Level 1:colcon.colcon_core.shell:create_environment_hook('in424_nav', 'ament_prefix_path')
[0.260s] INFO:colcon.colcon_core.shell:Creating environment hook '/root/ros2_ws/install/in424_nav/share/in424_nav/hook/ament_prefix_path.ps1'
[0.263s] INFO:colcon.colcon_core.shell:Creating environment descriptor '/root/ros2_ws/install/in424_nav/share/in424_nav/hook/ament_prefix_path.dsv'
[0.264s] INFO:colcon.colcon_core.shell:Creating environment hook '/root/ros2_ws/install/in424_nav/share/in424_nav/hook/ament_prefix_path.sh'
[0.266s] INFO:colcon.colcon_core.shell:Skip shell extension 'powershell' for command environment: Not usable outside of PowerShell
[0.266s] DEBUG:colcon.colcon_core.shell:Skip shell extension 'dsv' for command environment
[0.289s] DEBUG:colcon.colcon_core.event_handler.log_command:Invoking command in '/root/ros2_ws/build/in424_desc': CMAKE_PREFIX_PATH=${CMAKE_PREFIX_PATH}:/root/ros2_ws/install/in424_nav:/opt/ros/galactic /usr/bin/cmake --build /root/ros2_ws/build/in424_desc -- -j3 -l3
[0.316s] DEBUG:colcon.colcon_core.event_handler.log_command:Invoking command in '/root/ros2_ws/build/in424_msgs': CMAKE_PREFIX_PATH=${CMAKE_PREFIX_PATH}:/root/ros2_ws/install/in424_nav:/opt/ros/galactic /usr/bin/cmake --build /root/ros2_ws/build/in424_msgs -- -j3 -l3
[0.513s] INFO:colcon.colcon_core.task.python.build:Building Python package in '/root/ros2_ws/src/IN424/in424_nav'
[0.514s] INFO:colcon.colcon_core.shell:Skip shell extension 'powershell' for command environment: Not usable outside of PowerShell
[0.514s] DEBUG:colcon.colcon_core.shell:Skip shell extension 'dsv' for command environment
[0.530s] DEBUG:colcon.colcon_core.event_handler.log_command:Invoked command in '/root/ros2_ws/build/in424_desc' returned '0': CMAKE_PREFIX_PATH=${CMAKE_PREFIX_PATH}:/root/ros2_ws/install/in424_nav:/opt/ros/galactic /usr/bin/cmake --build /root/ros2_ws/build/in424_desc -- -j3 -l3
[0.541s] DEBUG:colcon.colcon_core.event_handler.log_command:Invoked command in '/root/ros2_ws/build/in424_msgs' returned '0': CMAKE_PREFIX_PATH=${CMAKE_PREFIX_PATH}:/root/ros2_ws/install/in424_nav:/opt/ros/galactic /usr/bin/cmake --build /root/ros2_ws/build/in424_msgs -- -j3 -l3
[0.600s] DEBUG:colcon.colcon_core.event_handler.log_command:Invoking command in '/root/ros2_ws/build/in424_desc': CMAKE_PREFIX_PATH=${CMAKE_PREFIX_PATH}:/root/ros2_ws/install/in424_nav:/opt/ros/galactic /usr/bin/cmake --install /root/ros2_ws/build/in424_desc
[0.606s] DEBUG:colcon.colcon_core.event_handler.log_command:Invoking command in '/root/ros2_ws/build/in424_msgs': CMAKE_PREFIX_PATH=${CMAKE_PREFIX_PATH}:/root/ros2_ws/install/in424_nav:/opt/ros/galactic /usr/bin/cmake --install /root/ros2_ws/build/in424_msgs
[0.643s] Level 1:colcon.colcon_core.environment:create_environment_scripts_only(in424_desc)
[0.649s] DEBUG:colcon.colcon_core.event_handler.log_command:Invoked command in '/root/ros2_ws/build/in424_desc' returned '0': CMAKE_PREFIX_PATH=${CMAKE_PREFIX_PATH}:/root/ros2_ws/install/in424_nav:/opt/ros/galactic /usr/bin/cmake --install /root/ros2_ws/build/in424_desc
[0.651s] Level 1:colcon.colcon_core.environment:checking '/root/ros2_ws/install/in424_desc' for CMake module files
[0.651s] Level 1:colcon.colcon_core.environment:checking '/root/ros2_ws/install/in424_desc' for CMake config files
[0.652s] Level 1:colcon.colcon_core.shell:create_environment_hook('in424_desc', 'cmake_prefix_path')
[0.652s] INFO:colcon.colcon_core.shell:Creating environment hook '/root/ros2_ws/install/in424_desc/share/in424_desc/hook/cmake_prefix_path.ps1'
[0.653s] INFO:colcon.colcon_core.shell:Creating environment descriptor '/root/ros2_ws/install/in424_desc/share/in424_desc/hook/cmake_prefix_path.dsv'
[0.654s] INFO:colcon.colcon_core.shell:Creating environment hook '/root/ros2_ws/install/in424_desc/share/in424_desc/hook/cmake_prefix_path.sh'
[0.655s] Level 1:colcon.colcon_core.environment:checking '/root/ros2_ws/install/in424_desc/bin'
[0.655s] Level 1:colcon.colcon_core.environment:checking '/root/ros2_ws/install/in424_desc/lib/pkgconfig/in424_desc.pc'
[0.656s] Level 1:colcon.colcon_core.environment:checking '/root/ros2_ws/install/in424_desc/lib/python3.8/site-packages'
[0.656s] Level 1:colcon.colcon_core.environment:checking '/root/ros2_ws/install/in424_desc/bin'
[0.657s] INFO:colcon.colcon_core.shell:Creating package script '/root/ros2_ws/install/in424_desc/share/in424_desc/package.ps1'
[0.659s] INFO:colcon.colcon_core.shell:Creating package descriptor '/root/ros2_ws/install/in424_desc/share/in424_desc/package.dsv'
[0.659s] INFO:colcon.colcon_core.shell:Creating package script '/root/ros2_ws/install/in424_desc/share/in424_desc/package.sh'
[0.660s] INFO:colcon.colcon_core.shell:Creating package script '/root/ros2_ws/install/in424_desc/share/in424_desc/package.bash'
[0.661s] INFO:colcon.colcon_core.shell:Creating package script '/root/ros2_ws/install/in424_desc/share/in424_desc/package.zsh'
[0.662s] Level 1:colcon.colcon_core.environment:create_file_with_runtime_dependencies(/root/ros2_ws/install/in424_desc/share/colcon-core/packages/in424_desc)
[0.669s] Level 1:colcon.colcon_core.environment:create_environment_scripts_only(in424_msgs)
[0.671s] Level 1:colcon.colcon_core.environment:checking '/root/ros2_ws/install/in424_msgs' for CMake module files
[0.673s] Level 1:colcon.colcon_core.environment:checking '/root/ros2_ws/install/in424_msgs' for CMake config files
[0.673s] Level 1:colcon.colcon_core.shell:create_environment_hook('in424_msgs', 'cmake_prefix_path')
[0.674s] INFO:colcon.colcon_core.shell:Creating environment hook '/root/ros2_ws/install/in424_msgs/share/in424_msgs/hook/cmake_prefix_path.ps1'
[0.672s] DEBUG:colcon.colcon_core.event_handler.log_command:Invoked command in '/root/ros2_ws/build/in424_msgs' returned '0': CMAKE_PREFIX_PATH=${CMAKE_PREFIX_PATH}:/root/ros2_ws/install/in424_nav:/opt/ros/galactic /usr/bin/cmake --install /root/ros2_ws/build/in424_msgs
[0.675s] INFO:colcon.colcon_core.shell:Creating environment descriptor '/root/ros2_ws/install/in424_msgs/share/in424_msgs/hook/cmake_prefix_path.dsv'
[0.676s] INFO:colcon.colcon_core.shell:Creating environment hook '/root/ros2_ws/install/in424_msgs/share/in424_msgs/hook/cmake_prefix_path.sh'
[0.677s] Level 1:colcon.colcon_core.environment:checking '/root/ros2_ws/install/in424_msgs/bin'
[0.677s] Level 1:colcon.colcon_core.environment:checking '/root/ros2_ws/install/in424_msgs/lib/pkgconfig/in424_msgs.pc'
[0.677s] Level 1:colcon.colcon_core.environment:checking '/root/ros2_ws/install/in424_msgs/lib/python3.8/site-packages'
[0.678s] Level 1:colcon.colcon_core.environment:checking '/root/ros2_ws/install/in424_msgs/bin'
[0.679s] INFO:colcon.colcon_core.shell:Creating package script '/root/ros2_ws/install/in424_msgs/share/in424_msgs/package.ps1'
[0.679s] INFO:colcon.colcon_core.shell:Creating package descriptor '/root/ros2_ws/install/in424_msgs/share/in424_msgs/package.dsv'
[0.680s] INFO:colcon.colcon_core.shell:Creating package script '/root/ros2_ws/install/in424_msgs/share/in424_msgs/package.sh'
[0.681s] INFO:colcon.colcon_core.shell:Creating package script '/root/ros2_ws/install/in424_msgs/share/in424_msgs/package.bash'
[0.681s] INFO:colcon.colcon_core.shell:Creating package script '/root/ros2_ws/install/in424_msgs/share/in424_msgs/package.zsh'
[0.682s] Level 1:colcon.colcon_core.environment:create_file_with_runtime_dependencies(/root/ros2_ws/install/in424_msgs/share/colcon-core/packages/in424_msgs)
[0.720s] Level 1:colcon.colcon_core.environment:create_environment_scripts_only(in424_desc)
[0.722s] Level 1:colcon.colcon_core.environment:checking '/root/ros2_ws/install/in424_desc' for CMake module files
[0.723s] Level 1:colcon.colcon_core.environment:checking '/root/ros2_ws/install/in424_desc' for CMake config files
[0.723s] Level 1:colcon.colcon_core.shell:create_environment_hook('in424_desc', 'cmake_prefix_path')
[0.724s] INFO:colcon.colcon_core.shell:Creating environment hook '/root/ros2_ws/install/in424_desc/share/in424_desc/hook/cmake_prefix_path.ps1'
[0.725s] INFO:colcon.colcon_core.shell:Creating environment descriptor '/root/ros2_ws/install/in424_desc/share/in424_desc/hook/cmake_prefix_path.dsv'
[0.725s] INFO:colcon.colcon_core.shell:Creating environment hook '/root/ros2_ws/install/in424_desc/share/in424_desc/hook/cmake_prefix_path.sh'
[0.726s] Level 1:colcon.colcon_core.environment:checking '/root/ros2_ws/install/in424_desc/bin'
[0.726s] Level 1:colcon.colcon_core.environment:checking '/root/ros2_ws/install/in424_desc/lib/pkgconfig/in424_desc.pc'
[0.727s] Level 1:colcon.colcon_core.environment:checking '/root/ros2_ws/install/in424_desc/lib/python3.8/site-packages'
[0.727s] Level 1:colcon.colcon_core.environment:checking '/root/ros2_ws/install/in424_desc/bin'
[0.728s] INFO:colcon.colcon_core.shell:Creating package script '/root/ros2_ws/install/in424_desc/share/in424_desc/package.ps1'
[0.728s] INFO:colcon.colcon_core.shell:Creating package descriptor '/root/ros2_ws/install/in424_desc/share/in424_desc/package.dsv'
[0.729s] INFO:colcon.colcon_core.shell:Creating package script '/root/ros2_ws/install/in424_desc/share/in424_desc/package.sh'
[0.730s] INFO:colcon.colcon_core.shell:Creating package script '/root/ros2_ws/install/in424_desc/share/in424_desc/package.bash'
[0.731s] INFO:colcon.colcon_core.shell:Creating package script '/root/ros2_ws/install/in424_desc/share/in424_desc/package.zsh'
[0.731s] Level 1:colcon.colcon_core.environment:create_file_with_runtime_dependencies(/root/ros2_ws/install/in424_desc/share/colcon-core/packages/in424_desc)
[0.732s] INFO:colcon.colcon_ros.task.ament_cmake.build:Building ROS package in '/root/ros2_ws/src/IN424/in424_simu' with build type 'ament_cmake'
[0.732s] INFO:colcon.colcon_cmake.task.cmake.build:Building CMake package in '/root/ros2_ws/src/IN424/in424_simu'
[0.735s] INFO:colcon.colcon_core.shell:Skip shell extension 'powershell' for command environment: Not usable outside of PowerShell
[0.735s] DEBUG:colcon.colcon_core.shell:Skip shell extension 'dsv' for command environment
[0.768s] Level 1:colcon.colcon_core.environment:create_environment_scripts_only(in424_msgs)
[0.773s] Level 1:colcon.colcon_core.environment:checking '/root/ros2_ws/install/in424_msgs' for CMake module files
[0.778s] Level 1:colcon.colcon_core.environment:checking '/root/ros2_ws/install/in424_msgs' for CMake config files
[0.778s] Level 1:colcon.colcon_core.shell:create_environment_hook('in424_msgs', 'cmake_prefix_path')
[0.782s] INFO:colcon.colcon_core.shell:Creating environment hook '/root/ros2_ws/install/in424_msgs/share/in424_msgs/hook/cmake_prefix_path.ps1'
[0.783s] INFO:colcon.colcon_core.shell:Creating environment descriptor '/root/ros2_ws/install/in424_msgs/share/in424_msgs/hook/cmake_prefix_path.dsv'
[0.784s] INFO:colcon.colcon_core.shell:Creating environment hook '/root/ros2_ws/install/in424_msgs/share/in424_msgs/hook/cmake_prefix_path.sh'
[0.788s] Level 1:colcon.colcon_core.environment:checking '/root/ros2_ws/install/in424_msgs/bin'
[0.788s] Level 1:colcon.colcon_core.environment:checking '/root/ros2_ws/install/in424_msgs/lib/pkgconfig/in424_msgs.pc'
[0.788s] Level 1:colcon.colcon_core.environment:checking '/root/ros2_ws/install/in424_msgs/lib/python3.8/site-packages'
[0.788s] Level 1:colcon.colcon_core.environment:checking '/root/ros2_ws/install/in424_msgs/bin'
[0.789s] INFO:colcon.colcon_core.shell:Creating package script '/root/ros2_ws/install/in424_msgs/share/in424_msgs/package.ps1'
[0.790s] INFO:colcon.colcon_core.shell:Creating package descriptor '/root/ros2_ws/install/in424_msgs/share/in424_msgs/package.dsv'
[0.791s] INFO:colcon.colcon_core.shell:Creating package script '/root/ros2_ws/install/in424_msgs/share/in424_msgs/package.sh'
[0.792s] INFO:colcon.colcon_core.shell:Creating package script '/root/ros2_ws/install/in424_msgs/share/in424_msgs/package.bash'
[0.795s] INFO:colcon.colcon_core.shell:Creating package script '/root/ros2_ws/install/in424_msgs/share/in424_msgs/package.zsh'
[0.797s] Level 1:colcon.colcon_core.environment:create_file_with_runtime_dependencies(/root/ros2_ws/install/in424_msgs/share/colcon-core/packages/in424_msgs)
[0.825s] DEBUG:colcon.colcon_core.event_handler.log_command:Invoking command in '/root/ros2_ws/build/in424_simu': CMAKE_PREFIX_PATH=${CMAKE_PREFIX_PATH}:/root/ros2_ws/install/in424_nav:/opt/ros/galactic /usr/bin/cmake --build /root/ros2_ws/build/in424_simu -- -j3 -l3
[0.880s] DEBUG:colcon.colcon_core.event_handler.log_command:Invoked command in '/root/ros2_ws/build/in424_simu' returned '0': CMAKE_PREFIX_PATH=${CMAKE_PREFIX_PATH}:/root/ros2_ws/install/in424_nav:/opt/ros/galactic /usr/bin/cmake --build /root/ros2_ws/build/in424_simu -- -j3 -l3
[0.934s] DEBUG:colcon.colcon_core.event_handler.log_command:Invoking command in '/root/ros2_ws/build/in424_simu': CMAKE_PREFIX_PATH=${CMAKE_PREFIX_PATH}:/root/ros2_ws/install/in424_nav:/opt/ros/galactic /usr/bin/cmake --install /root/ros2_ws/build/in424_simu
[0.968s] Level 1:colcon.colcon_core.environment:create_environment_scripts_only(in424_simu)
[0.970s] Level 1:colcon.colcon_core.environment:checking '/root/ros2_ws/install/in424_simu' for CMake module files
[0.971s] DEBUG:colcon.colcon_core.event_handler.log_command:Invoked command in '/root/ros2_ws/build/in424_simu' returned '0': CMAKE_PREFIX_PATH=${CMAKE_PREFIX_PATH}:/root/ros2_ws/install/in424_nav:/opt/ros/galactic /usr/bin/cmake --install /root/ros2_ws/build/in424_simu
[0.972s] Level 1:colcon.colcon_core.environment:checking '/root/ros2_ws/install/in424_simu' for CMake config files
[0.972s] Level 1:colcon.colcon_core.shell:create_environment_hook('in424_simu', 'cmake_prefix_path')
[0.973s] INFO:colcon.colcon_core.shell:Creating environment hook '/root/ros2_ws/install/in424_simu/share/in424_simu/hook/cmake_prefix_path.ps1'
[0.974s] INFO:colcon.colcon_core.shell:Creating environment descriptor '/root/ros2_ws/install/in424_simu/share/in424_simu/hook/cmake_prefix_path.dsv'
[0.976s] INFO:colcon.colcon_core.shell:Creating environment hook '/root/ros2_ws/install/in424_simu/share/in424_simu/hook/cmake_prefix_path.sh'
[0.978s] Level 1:colcon.colcon_core.environment:checking '/root/ros2_ws/install/in424_simu/bin'
[0.978s] Level 1:colcon.colcon_core.environment:checking '/root/ros2_ws/install/in424_simu/lib/pkgconfig/in424_simu.pc'
[0.978s] Level 1:colcon.colcon_core.environment:checking '/root/ros2_ws/install/in424_simu/lib/python3.8/site-packages'
[0.978s] Level 1:colcon.colcon_core.environment:checking '/root/ros2_ws/install/in424_simu/bin'
[0.979s] INFO:colcon.colcon_core.shell:Creating package script '/root/ros2_ws/install/in424_simu/share/in424_simu/package.ps1'
[0.980s] INFO:colcon.colcon_core.shell:Creating package descriptor '/root/ros2_ws/install/in424_simu/share/in424_simu/package.dsv'
[0.981s] INFO:colcon.colcon_core.shell:Creating package script '/root/ros2_ws/install/in424_simu/share/in424_simu/package.sh'
[0.982s] INFO:colcon.colcon_core.shell:Creating package script '/root/ros2_ws/install/in424_simu/share/in424_simu/package.bash'
[0.982s] INFO:colcon.colcon_core.shell:Creating package script '/root/ros2_ws/install/in424_simu/share/in424_simu/package.zsh'
[0.983s] Level 1:colcon.colcon_core.environment:create_file_with_runtime_dependencies(/root/ros2_ws/install/in424_simu/share/colcon-core/packages/in424_simu)
[1.030s] Level 1:colcon.colcon_core.environment:create_environment_scripts_only(in424_simu)
[1.032s] Level 1:colcon.colcon_core.environment:checking '/root/ros2_ws/install/in424_simu' for CMake module files
[1.033s] Level 1:colcon.colcon_core.environment:checking '/root/ros2_ws/install/in424_simu' for CMake config files
[1.033s] Level 1:colcon.colcon_core.shell:create_environment_hook('in424_simu', 'cmake_prefix_path')
[1.034s] INFO:colcon.colcon_core.shell:Creating environment hook '/root/ros2_ws/install/in424_simu/share/in424_simu/hook/cmake_prefix_path.ps1'
[1.035s] INFO:colcon.colcon_core.shell:Creating environment descriptor '/root/ros2_ws/install/in424_simu/share/in424_simu/hook/cmake_prefix_path.dsv'
[1.037s] INFO:colcon.colcon_core.shell:Creating environment hook '/root/ros2_ws/install/in424_simu/share/in424_simu/hook/cmake_prefix_path.sh'
[1.038s] Level 1:colcon.colcon_core.environment:checking '/root/ros2_ws/install/in424_simu/bin'
[1.038s] Level 1:colcon.colcon_core.environment:checking '/root/ros2_ws/install/in424_simu/lib/pkgconfig/in424_simu.pc'
[1.038s] Level 1:colcon.colcon_core.environment:checking '/root/ros2_ws/install/in424_simu/lib/python3.8/site-packages'
[1.039s] Level 1:colcon.colcon_core.environment:checking '/root/ros2_ws/install/in424_simu/bin'
[1.040s] INFO:colcon.colcon_core.shell:Creating package script '/root/ros2_ws/install/in424_simu/share/in424_simu/package.ps1'
[1.040s] INFO:colcon.colcon_core.shell:Creating package descriptor '/root/ros2_ws/install/in424_simu/share/in424_simu/package.dsv'
[1.041s] INFO:colcon.colcon_core.shell:Creating package script '/root/ros2_ws/install/in424_simu/share/in424_simu/package.sh'
[1.041s] INFO:colcon.colcon_core.shell:Creating package script '/root/ros2_ws/install/in424_simu/share/in424_simu/package.bash'
[1.042s] INFO:colcon.colcon_core.shell:Creating package script '/root/ros2_ws/install/in424_simu/share/in424_simu/package.zsh'
[1.043s] Level 1:colcon.colcon_core.environment:create_file_with_runtime_dependencies(/root/ros2_ws/install/in424_simu/share/colcon-core/packages/in424_simu)
[1.102s] DEBUG:colcon.colcon_core.event_handler.log_command:Invoking command in '/root/ros2_ws/build/in424_nav': PYTHONPATH=/root/ros2_ws/build/in424_nav/prefix_override:/root/ros2_ws/install/in424_nav/lib/python3.8/site-packages:${PYTHONPATH} /usr/bin/python3 setup.py develop --editable --build-directory /root/ros2_ws/build/in424_nav/build --no-deps install_data
[1.412s] Level 1:colcon.colcon_core.shell:create_environment_hook('in424_nav', 'pythonpath_develop')
[1.413s] INFO:colcon.colcon_core.shell:Creating environment hook '/root/ros2_ws/build/in424_nav/share/in424_nav/hook/pythonpath_develop.ps1'
[1.414s] DEBUG:colcon.colcon_core.event_handler.log_command:Invoked command in '/root/ros2_ws/build/in424_nav' returned '0': PYTHONPATH=/root/ros2_ws/build/in424_nav/prefix_override:/root/ros2_ws/install/in424_nav/lib/python3.8/site-packages:${PYTHONPATH} /usr/bin/python3 setup.py develop --editable --build-directory /root/ros2_ws/build/in424_nav/build --no-deps install_data
[1.415s] INFO:colcon.colcon_core.shell:Creating environment descriptor '/root/ros2_ws/build/in424_nav/share/in424_nav/hook/pythonpath_develop.dsv'
[1.416s] INFO:colcon.colcon_core.shell:Creating environment hook '/root/ros2_ws/build/in424_nav/share/in424_nav/hook/pythonpath_develop.sh'
[1.418s] Level 1:colcon.colcon_core.environment:checking '/root/ros2_ws/install/in424_nav' for CMake module files
[1.418s] Level 1:colcon.colcon_core.environment:checking '/root/ros2_ws/install/in424_nav' for CMake config files
[1.419s] Level 1:colcon.colcon_core.environment:checking '/root/ros2_ws/install/in424_nav/lib'
[1.419s] Level 1:colcon.colcon_core.environment:checking '/root/ros2_ws/install/in424_nav/bin'
[1.419s] Level 1:colcon.colcon_core.environment:checking '/root/ros2_ws/install/in424_nav/lib/pkgconfig/in424_nav.pc'
[1.419s] Level 1:colcon.colcon_core.environment:checking '/root/ros2_ws/install/in424_nav/lib/python3.8/site-packages'
[1.419s] Level 1:colcon.colcon_core.shell:create_environment_hook('in424_nav', 'pythonpath')
[1.420s] INFO:colcon.colcon_core.shell:Creating environment hook '/root/ros2_ws/install/in424_nav/share/in424_nav/hook/pythonpath.ps1'
[1.420s] INFO:colcon.colcon_core.shell:Creating environment descriptor '/root/ros2_ws/install/in424_nav/share/in424_nav/hook/pythonpath.dsv'
[1.421s] INFO:colcon.colcon_core.shell:Creating environment hook '/root/ros2_ws/install/in424_nav/share/in424_nav/hook/pythonpath.sh'
[1.421s] Level 1:colcon.colcon_core.environment:checking '/root/ros2_ws/install/in424_nav/bin'
[1.422s] Level 1:colcon.colcon_core.environment:create_environment_scripts_only(in424_nav)
[1.423s] INFO:colcon.colcon_core.shell:Creating package script '/root/ros2_ws/install/in424_nav/share/in424_nav/package.ps1'
[1.423s] INFO:colcon.colcon_core.shell:Creating package descriptor '/root/ros2_ws/install/in424_nav/share/in424_nav/package.dsv'
[1.424s] INFO:colcon.colcon_core.shell:Creating package script '/root/ros2_ws/install/in424_nav/share/in424_nav/package.sh'
[1.425s] INFO:colcon.colcon_core.shell:Creating package script '/root/ros2_ws/install/in424_nav/share/in424_nav/package.bash'
[1.425s] INFO:colcon.colcon_core.shell:Creating package script '/root/ros2_ws/install/in424_nav/share/in424_nav/package.zsh'
[1.426s] Level 1:colcon.colcon_core.environment:create_file_with_runtime_dependencies(/root/ros2_ws/install/in424_nav/share/colcon-core/packages/in424_nav)
[1.426s] DEBUG:colcon.colcon_parallel_executor.executor.parallel:closing loop
[1.427s] DEBUG:colcon.colcon_parallel_executor.executor.parallel:loop closed
[1.427s] DEBUG:colcon.colcon_parallel_executor.executor.parallel:run_until_complete finished with '0'
[1.428s] DEBUG:colcon.colcon_core.event_reactor:joining thread
[1.438s] INFO:colcon.colcon_core.plugin_system:Skipping extension 'colcon_notification.desktop_notification.notify_send': Could not find 'notify-send'
[1.439s] INFO:colcon.colcon_core.plugin_system:Skipping extension 'colcon_notification.desktop_notification.terminal_notifier': Not used on non-Darwin systems
[1.439s] INFO:colcon.colcon_core.plugin_system:Skipping extension 'colcon_notification.desktop_notification.win32': Not used on non-Windows systems
[1.439s] INFO:colcon.colcon_notification.desktop_notification:Sending desktop notification using 'notify2'
[1.446s] DEBUG:colcon.colcon_notification.desktop_notification.notify2:Failed to initialize notify2: org.freedesktop.DBus.Error.Spawn.ExecFailed: /usr/bin/dbus-launch terminated abnormally without any error message
[1.447s] DEBUG:colcon.colcon_core.event_reactor:joined thread
[1.449s] INFO:colcon.colcon_core.shell:Creating prefix script '/root/ros2_ws/install/local_setup.ps1'
[1.450s] INFO:colcon.colcon_core.shell:Creating prefix util module '/root/ros2_ws/install/_local_setup_util_ps1.py'
[1.452s] INFO:colcon.colcon_core.shell:Creating prefix chain script '/root/ros2_ws/install/setup.ps1'
[1.459s] INFO:colcon.colcon_core.shell:Creating prefix script '/root/ros2_ws/install/local_setup.sh'
[1.460s] INFO:colcon.colcon_core.shell:Creating prefix util module '/root/ros2_ws/install/_local_setup_util_sh.py'
[1.461s] INFO:colcon.colcon_core.shell:Creating prefix chain script '/root/ros2_ws/install/setup.sh'
[1.466s] INFO:colcon.colcon_core.shell:Creating prefix script '/root/ros2_ws/install/local_setup.bash'
[1.468s] INFO:colcon.colcon_core.shell:Creating prefix chain script '/root/ros2_ws/install/setup.bash'
[1.470s] INFO:colcon.colcon_core.shell:Creating prefix script '/root/ros2_ws/install/local_setup.zsh'
[1.471s] INFO:colcon.colcon_core.shell:Creating prefix chain script '/root/ros2_ws/install/setup.zsh'
