[0.026s] Invoking command in '/root/ros2_ws/build/in424_simu': CMAKE_PREFIX_PATH=/opt/ros/galactic /usr/bin/cmake /root/ros2_ws/src/IN424/in424_simu -DAMENT_CMAKE_SYMLINK_INSTALL=1 -DCMAKE_INSTALL_PREFIX=/root/ros2_ws/install/in424_simu
[0.111s] -- The C compiler identification is GNU 9.4.0
[0.177s] -- The CXX compiler identification is GNU 9.4.0
[0.185s] -- Check for working C compiler: /usr/bin/cc
[0.305s] -- Check for working C compiler: /usr/bin/cc -- works
[0.307s] -- Detecting C compiler ABI info
[0.406s] -- Detecting C compiler ABI info - done
[0.414s] -- Detecting C compile features
[0.414s] -- Detecting C compile features - done
[0.417s] -- Check for working CXX compiler: /usr/bin/c++
[0.522s] -- Check for working CXX compiler: /usr/bin/c++ -- works
[0.523s] -- Detecting CXX compiler ABI info
[0.636s] -- Detecting CXX compiler ABI info - done
[0.646s] -- Detecting CXX compile features
[0.646s] -- Detecting CXX compile features - done
[0.649s] -- Found ament_cmake: 1.1.6 (/opt/ros/galactic/share/ament_cmake/cmake)
[0.672s] -- Found PythonInterp: /usr/bin/python3 (found suitable version "3.8.10", minimum required is "3") 
[0.673s] -- Using PYTHON_EXECUTABLE: /usr/bin/python3
[0.721s] -- Override CMake install command with custom implementation using symlinks instead of copying resources
[0.749s] -- Found ament_lint_auto: 0.10.7 (/opt/ros/galactic/share/ament_lint_auto/cmake)
[0.820s] -- Added test 'copyright' to check source files copyright and LICENSE
[0.824s] -- Added test 'flake8' to check Python code syntax and style conventions
[0.829s] -- Added test 'lint_cmake' to check CMake code style
[0.829s] -- Added test 'pep257' to check Python code against some of the style conventions in PEP 257
[0.829s] -- Added test 'xmllint' to check XML markup files
[0.830s] -- Configuring done
[0.832s] -- Generating done
[0.834s] -- Build files have been written to: /root/ros2_ws/build/in424_simu
[0.841s] Invoked command in '/root/ros2_ws/build/in424_simu' returned '0': CMAKE_PREFIX_PATH=/opt/ros/galactic /usr/bin/cmake /root/ros2_ws/src/IN424/in424_simu -DAMENT_CMAKE_SYMLINK_INSTALL=1 -DCMAKE_INSTALL_PREFIX=/root/ros2_ws/install/in424_simu
[0.843s] Invoking command in '/root/ros2_ws/build/in424_simu': CMAKE_PREFIX_PATH=/opt/ros/galactic /usr/bin/cmake --build /root/ros2_ws/build/in424_simu -- -j3 -l3
[0.894s] Invoked command in '/root/ros2_ws/build/in424_simu' returned '0': CMAKE_PREFIX_PATH=/opt/ros/galactic /usr/bin/cmake --build /root/ros2_ws/build/in424_simu -- -j3 -l3
[0.932s] Invoking command in '/root/ros2_ws/build/in424_simu': CMAKE_PREFIX_PATH=/opt/ros/galactic /usr/bin/cmake --install /root/ros2_ws/build/in424_simu
[0.945s] -- Install configuration: ""
[0.945s] -- Execute custom install script
[0.946s] -- Symlinking: /root/ros2_ws/install/in424_simu/share/in424_simu/launch/spawn_robots_launch.py
[0.957s] -- Symlinking: /root/ros2_ws/install/in424_simu/share/in424_simu/launch/start_world_launch.py
[0.969s] -- Symlinking: /root/ros2_ws/install/in424_simu/share/in424_simu/worlds/env.world
[0.980s] -- Symlinking: /root/ros2_ws/install/in424_simu/share/in424_simu/worlds/env.world.save
[0.991s] -- Symlinking: /root/ros2_ws/install/in424_simu/share/in424_simu/worlds/env_base.world
[1.004s] -- Symlinking: /root/ros2_ws/install/in424_simu/share/in424_simu/models/box_1_1/model.config
[1.015s] -- Symlinking: /root/ros2_ws/install/in424_simu/share/in424_simu/models/box_1_1/model.sdf
[1.027s] -- Symlinking: /root/ros2_ws/install/in424_simu/share/in424_simu/models/box_2_2/model.config
[1.039s] -- Symlinking: /root/ros2_ws/install/in424_simu/share/in424_simu/models/box_2_2/model.sdf
[1.051s] -- Symlinking: /root/ros2_ws/install/in424_simu/share/in424_simu/models/box_3_2/model.config
[1.061s] -- Symlinking: /root/ros2_ws/install/in424_simu/share/in424_simu/models/box_3_2/model.sdf
[1.073s] -- Symlinking: /root/ros2_ws/install/in424_simu/share/in424_simu/models/small_cube/model.config
[1.084s] -- Symlinking: /root/ros2_ws/install/in424_simu/share/in424_simu/models/small_cube/model.sdf
[1.096s] -- Symlinking: /root/ros2_ws/install/in424_simu/share/in424_simu/models/walls/model.config
[1.112s] -- Symlinking: /root/ros2_ws/install/in424_simu/share/in424_simu/models/walls/model.sdf
[1.125s] -- Symlinking: /root/ros2_ws/install/in424_simu/share/in424_simu/models/walls_2/model.config
[1.136s] -- Symlinking: /root/ros2_ws/install/in424_simu/share/in424_simu/models/walls_2/model.sdf
[1.149s] -- Symlinking: /root/ros2_ws/install/in424_simu/share/in424_simu/cfg/config.rviz
[1.159s] -- Symlinking: /root/ros2_ws/install/in424_simu/share/ament_index/resource_index/package_run_dependencies/in424_simu
[1.171s] -- Symlinking: /root/ros2_ws/install/in424_simu/share/ament_index/resource_index/parent_prefix_path/in424_simu
[1.183s] -- Symlinking: /root/ros2_ws/install/in424_simu/share/in424_simu/environment/ament_prefix_path.sh
[1.194s] -- Symlinking: /root/ros2_ws/install/in424_simu/share/in424_simu/environment/ament_prefix_path.dsv
[1.209s] -- Symlinking: /root/ros2_ws/install/in424_simu/share/in424_simu/environment/path.sh
[1.221s] -- Symlinking: /root/ros2_ws/install/in424_simu/share/in424_simu/environment/path.dsv
[1.233s] -- Symlinking: /root/ros2_ws/install/in424_simu/share/in424_simu/local_setup.bash
[1.244s] -- Symlinking: /root/ros2_ws/install/in424_simu/share/in424_simu/local_setup.sh
[1.257s] -- Symlinking: /root/ros2_ws/install/in424_simu/share/in424_simu/local_setup.zsh
[1.268s] -- Symlinking: /root/ros2_ws/install/in424_simu/share/in424_simu/local_setup.dsv
[1.278s] -- Symlinking: /root/ros2_ws/install/in424_simu/share/in424_simu/package.dsv
[1.289s] -- Symlinking: /root/ros2_ws/install/in424_simu/share/ament_index/resource_index/packages/in424_simu
[1.304s] -- Symlinking: /root/ros2_ws/install/in424_simu/share/in424_simu/cmake/in424_simuConfig.cmake
[1.317s] -- Symlinking: /root/ros2_ws/install/in424_simu/share/in424_simu/cmake/in424_simuConfig-version.cmake
[1.328s] -- Symlinking: /root/ros2_ws/install/in424_simu/share/in424_simu/package.xml
[1.344s] Invoked command in '/root/ros2_ws/build/in424_simu' returned '0': CMAKE_PREFIX_PATH=/opt/ros/galactic /usr/bin/cmake --install /root/ros2_ws/build/in424_simu
