[1.008s] Invoking command in '/root/ros2_ws/build/in424_nav': PYTHONPATH=/root/ros2_ws/build/in424_nav/prefix_override:/root/ros2_ws/install/in424_nav/lib/python3.8/site-packages:${PYTHONPATH} /usr/bin/python3 setup.py develop --uninstall --editable --build-directory /root/ros2_ws/build/in424_nav/build
[1.369s] running develop
[1.518s] Removing /root/ros2_ws/install/in424_nav/lib/python3.8/site-packages/in424-nav.egg-link (link to .)
[1.544s] Invoked command in '/root/ros2_ws/build/in424_nav' returned '0': PYTHONPATH=/root/ros2_ws/build/in424_nav/prefix_override:/root/ros2_ws/install/in424_nav/lib/python3.8/site-packages:${PYTHONPATH} /usr/bin/python3 setup.py develop --uninstall --editable --build-directory /root/ros2_ws/build/in424_nav/build
[1.545s] Invoking command in '/root/ros2_ws/src/IN424/in424_nav': PYTHONPATH=/root/ros2_ws/build/in424_nav/prefix_override:/root/ros2_ws/install/in424_nav/lib/python3.8/site-packages:${PYTHONPATH} /usr/bin/python3 setup.py egg_info --egg-base ../../../build/in424_nav build --build-base /root/ros2_ws/build/in424_nav/build install --record /root/ros2_ws/build/in424_nav/install.log --single-version-externally-managed
[1.732s] running egg_info
[1.733s] writing ../../../build/in424_nav/in424_nav.egg-info/PKG-INFO
[1.733s] writing dependency_links to ../../../build/in424_nav/in424_nav.egg-info/dependency_links.txt
[1.734s] writing entry points to ../../../build/in424_nav/in424_nav.egg-info/entry_points.txt
[1.734s] writing requirements to ../../../build/in424_nav/in424_nav.egg-info/requires.txt
[1.735s] writing top-level names to ../../../build/in424_nav/in424_nav.egg-info/top_level.txt
[1.781s] reading manifest file '../../../build/in424_nav/in424_nav.egg-info/SOURCES.txt'
[1.783s] writing manifest file '../../../build/in424_nav/in424_nav.egg-info/SOURCES.txt'
[1.784s] running build
[1.785s] running build_py
[1.785s] creating /root/ros2_ws/build/in424_nav/build
[1.785s] creating /root/ros2_ws/build/in424_nav/build/lib
[1.785s] creating /root/ros2_ws/build/in424_nav/build/lib/in424_nav
[1.785s] copying in424_nav/tf_publishers.py -> /root/ros2_ws/build/in424_nav/build/lib/in424_nav
[1.785s] copying in424_nav/__init__.py -> /root/ros2_ws/build/in424_nav/build/lib/in424_nav
[1.786s] copying in424_nav/my_common.py -> /root/ros2_ws/build/in424_nav/build/lib/in424_nav
[1.786s] copying in424_nav/frontier_exploration.py -> /root/ros2_ws/build/in424_nav/build/lib/in424_nav
[1.786s] copying in424_nav/agent.py -> /root/ros2_ws/build/in424_nav/build/lib/in424_nav
[1.786s] copying in424_nav/mcl.py -> /root/ros2_ws/build/in424_nav/build/lib/in424_nav
[1.786s] copying in424_nav/map_manager.py -> /root/ros2_ws/build/in424_nav/build/lib/in424_nav
[1.786s] running install
[1.787s] running install_lib
[1.789s] creating /root/ros2_ws/install/in424_nav/lib/python3.8/site-packages/in424_nav
[1.789s] copying /root/ros2_ws/build/in424_nav/build/lib/in424_nav/tf_publishers.py -> /root/ros2_ws/install/in424_nav/lib/python3.8/site-packages/in424_nav
[1.789s] copying /root/ros2_ws/build/in424_nav/build/lib/in424_nav/__init__.py -> /root/ros2_ws/install/in424_nav/lib/python3.8/site-packages/in424_nav
[1.789s] copying /root/ros2_ws/build/in424_nav/build/lib/in424_nav/my_common.py -> /root/ros2_ws/install/in424_nav/lib/python3.8/site-packages/in424_nav
[1.790s] copying /root/ros2_ws/build/in424_nav/build/lib/in424_nav/frontier_exploration.py -> /root/ros2_ws/install/in424_nav/lib/python3.8/site-packages/in424_nav
[1.790s] copying /root/ros2_ws/build/in424_nav/build/lib/in424_nav/agent.py -> /root/ros2_ws/install/in424_nav/lib/python3.8/site-packages/in424_nav
[1.790s] copying /root/ros2_ws/build/in424_nav/build/lib/in424_nav/mcl.py -> /root/ros2_ws/install/in424_nav/lib/python3.8/site-packages/in424_nav
[1.790s] copying /root/ros2_ws/build/in424_nav/build/lib/in424_nav/map_manager.py -> /root/ros2_ws/install/in424_nav/lib/python3.8/site-packages/in424_nav
[1.791s] byte-compiling /root/ros2_ws/install/in424_nav/lib/python3.8/site-packages/in424_nav/tf_publishers.py to tf_publishers.cpython-38.pyc
[1.793s] byte-compiling /root/ros2_ws/install/in424_nav/lib/python3.8/site-packages/in424_nav/__init__.py to __init__.cpython-38.pyc
[1.793s] byte-compiling /root/ros2_ws/install/in424_nav/lib/python3.8/site-packages/in424_nav/my_common.py to my_common.cpython-38.pyc
[1.793s] byte-compiling /root/ros2_ws/install/in424_nav/lib/python3.8/site-packages/in424_nav/frontier_exploration.py to frontier_exploration.cpython-38.pyc
[1.795s] byte-compiling /root/ros2_ws/install/in424_nav/lib/python3.8/site-packages/in424_nav/agent.py to agent.cpython-38.pyc
[1.802s] byte-compiling /root/ros2_ws/install/in424_nav/lib/python3.8/site-packages/in424_nav/mcl.py to mcl.cpython-38.pyc
[1.804s] byte-compiling /root/ros2_ws/install/in424_nav/lib/python3.8/site-packages/in424_nav/map_manager.py to map_manager.cpython-38.pyc
[1.805s] running install_data
[1.805s] running install_egg_info
[1.807s] Copying ../../../build/in424_nav/in424_nav.egg-info to /root/ros2_ws/install/in424_nav/lib/python3.8/site-packages/in424_nav-1.0.0-py3.8.egg-info
[1.811s] running install_scripts
[1.834s] Installing agent script to /root/ros2_ws/install/in424_nav/lib/in424_nav
[1.836s] Installing map_manager script to /root/ros2_ws/install/in424_nav/lib/in424_nav
[1.836s] Installing tf_publishers script to /root/ros2_ws/install/in424_nav/lib/in424_nav
[1.836s] writing list of installed files to '/root/ros2_ws/build/in424_nav/install.log'
[1.888s] Invoked command in '/root/ros2_ws/src/IN424/in424_nav' returned '0': PYTHONPATH=/root/ros2_ws/build/in424_nav/prefix_override:/root/ros2_ws/install/in424_nav/lib/python3.8/site-packages:${PYTHONPATH} /usr/bin/python3 setup.py egg_info --egg-base ../../../build/in424_nav build --build-base /root/ros2_ws/build/in424_nav/build install --record /root/ros2_ws/build/in424_nav/install.log --single-version-externally-managed
