[0.049s] Invoking command in '/root/ros2_ws/build/in424_msgs': CMAKE_PREFIX_PATH=${CMAKE_PREFIX_PATH}:/root/ros2_ws/install/in424_nav:/opt/ros/galactic /usr/bin/cmake --build /root/ros2_ws/build/in424_msgs -- -j3 -l3
[0.296s] Invoked command in '/root/ros2_ws/build/in424_msgs' returned '0': CMAKE_PREFIX_PATH=${CMAKE_PREFIX_PATH}:/root/ros2_ws/install/in424_nav:/opt/ros/galactic /usr/bin/cmake --build /root/ros2_ws/build/in424_msgs -- -j3 -l3
[0.396s] Invoking command in '/root/ros2_ws/build/in424_msgs': CMAKE_PREFIX_PATH=${CMAKE_PREFIX_PATH}:/root/ros2_ws/install/in424_nav:/opt/ros/galactic /usr/bin/cmake --install /root/ros2_ws/build/in424_msgs
[0.403s] -- Install configuration: ""
[0.407s] -- Execute custom install script
[0.407s] -- Up-to-date symlink: /root/ros2_ws/install/in424_msgs/share/ament_index/resource_index/package_run_dependencies/in424_msgs
[0.407s] -- Up-to-date symlink: /root/ros2_ws/install/in424_msgs/share/ament_index/resource_index/parent_prefix_path/in424_msgs
[0.407s] -- Up-to-date symlink: /root/ros2_ws/install/in424_msgs/share/in424_msgs/environment/ament_prefix_path.sh
[0.408s] -- Up-to-date symlink: /root/ros2_ws/install/in424_msgs/share/in424_msgs/environment/ament_prefix_path.dsv
[0.408s] -- Up-to-date symlink: /root/ros2_ws/install/in424_msgs/share/in424_msgs/environment/path.sh
[0.408s] -- Up-to-date symlink: /root/ros2_ws/install/in424_msgs/share/in424_msgs/environment/path.dsv
[0.408s] -- Up-to-date symlink: /root/ros2_ws/install/in424_msgs/share/in424_msgs/local_setup.bash
[0.408s] -- Up-to-date symlink: /root/ros2_ws/install/in424_msgs/share/in424_msgs/local_setup.sh
[0.408s] -- Up-to-date symlink: /root/ros2_ws/install/in424_msgs/share/in424_msgs/local_setup.zsh
[0.408s] -- Up-to-date symlink: /root/ros2_ws/install/in424_msgs/share/in424_msgs/local_setup.dsv
[0.409s] -- Symlinking: /root/ros2_ws/install/in424_msgs/share/in424_msgs/package.dsv
[0.423s] -- Up-to-date symlink: /root/ros2_ws/install/in424_msgs/share/ament_index/resource_index/packages/in424_msgs
[0.423s] -- Up-to-date symlink: /root/ros2_ws/install/in424_msgs/share/in424_msgs/cmake/in424_msgsConfig.cmake
[0.423s] -- Up-to-date symlink: /root/ros2_ws/install/in424_msgs/share/in424_msgs/cmake/in424_msgsConfig-version.cmake
[0.424s] -- Up-to-date symlink: /root/ros2_ws/install/in424_msgs/share/in424_msgs/package.xml
[0.439s] Invoked command in '/root/ros2_ws/build/in424_msgs' returned '0': CMAKE_PREFIX_PATH=${CMAKE_PREFIX_PATH}:/root/ros2_ws/install/in424_nav:/opt/ros/galactic /usr/bin/cmake --install /root/ros2_ws/build/in424_msgs
