[0.092s] Invoking command in '/root/ros2_ws/build/in424_desc': CMAKE_PREFIX_PATH=/opt/ros/galactic /usr/bin/cmake /root/ros2_ws/src/IN424/in424_desc -DCMAKE_INSTALL_PREFIX=/root/ros2_ws/install/in424_desc
[0.270s] -- Found ament_cmake: 1.1.6 (/opt/ros/galactic/share/ament_cmake/cmake)
[0.321s] -- Using PYTHON_EXECUTABLE: /usr/bin/python3
[0.529s] -- Override CMake install command with custom implementation using symlinks instead of copying resources
[0.554s] -- Found ament_lint_auto: 0.10.7 (/opt/ros/galactic/share/ament_lint_auto/cmake)
[0.688s] -- Added test 'copyright' to check source files copyright and LICENSE
[0.694s] -- Added test 'lint_cmake' to check CMake code style
[0.698s] -- Added test 'xmllint' to check XML markup files
[0.706s] -- Configuring done
[0.725s] -- Generating done
[0.729s] -- Build files have been written to: /root/ros2_ws/build/in424_desc
[0.755s] Invoked command in '/root/ros2_ws/build/in424_desc' returned '0': CMAKE_PREFIX_PATH=/opt/ros/galactic /usr/bin/cmake /root/ros2_ws/src/IN424/in424_desc -DCMAKE_INSTALL_PREFIX=/root/ros2_ws/install/in424_desc
[0.757s] Invoking command in '/root/ros2_ws/build/in424_desc': CMAKE_PREFIX_PATH=/opt/ros/galactic /usr/bin/cmake --build /root/ros2_ws/build/in424_desc -- -j3 -l3
[0.834s] Invoked command in '/root/ros2_ws/build/in424_desc' returned '0': CMAKE_PREFIX_PATH=/opt/ros/galactic /usr/bin/cmake --build /root/ros2_ws/build/in424_desc -- -j3 -l3
[0.912s] Invoking command in '/root/ros2_ws/build/in424_desc': CMAKE_PREFIX_PATH=/opt/ros/galactic /usr/bin/cmake --install /root/ros2_ws/build/in424_desc
[0.944s] -- Install configuration: ""
[0.947s] -- Execute custom install script
[0.947s] -- Up-to-date symlink: /root/ros2_ws/install/in424_desc/share/in424_desc/xacro/macro.xacro
[0.949s] -- Up-to-date symlink: /root/ros2_ws/install/in424_desc/share/in424_desc/xacro/materials.xacro
[0.949s] -- Up-to-date symlink: /root/ros2_ws/install/in424_desc/share/in424_desc/xacro/robot.gazebo
[0.949s] -- Up-to-date symlink: /root/ros2_ws/install/in424_desc/share/in424_desc/xacro/robot.xacro
[0.952s] -- Up-to-date symlink: /root/ros2_ws/install/in424_desc/share/ament_index/resource_index/package_run_dependencies/in424_desc
[0.956s] -- Up-to-date symlink: /root/ros2_ws/install/in424_desc/share/ament_index/resource_index/parent_prefix_path/in424_desc
[0.957s] -- Up-to-date symlink: /root/ros2_ws/install/in424_desc/share/in424_desc/environment/ament_prefix_path.sh
[0.957s] -- Up-to-date symlink: /root/ros2_ws/install/in424_desc/share/in424_desc/environment/ament_prefix_path.dsv
[0.960s] -- Up-to-date symlink: /root/ros2_ws/install/in424_desc/share/in424_desc/environment/path.sh
[0.961s] -- Up-to-date symlink: /root/ros2_ws/install/in424_desc/share/in424_desc/environment/path.dsv
[0.961s] -- Up-to-date symlink: /root/ros2_ws/install/in424_desc/share/in424_desc/local_setup.bash
[0.962s] -- Up-to-date symlink: /root/ros2_ws/install/in424_desc/share/in424_desc/local_setup.sh
[0.964s] -- Up-to-date symlink: /root/ros2_ws/install/in424_desc/share/in424_desc/local_setup.zsh
[0.964s] -- Up-to-date symlink: /root/ros2_ws/install/in424_desc/share/in424_desc/local_setup.dsv
[0.966s] -- Symlinking: /root/ros2_ws/install/in424_desc/share/in424_desc/package.dsv
[0.991s] -- Up-to-date symlink: /root/ros2_ws/install/in424_desc/share/ament_index/resource_index/packages/in424_desc
[0.991s] -- Up-to-date symlink: /root/ros2_ws/install/in424_desc/share/in424_desc/cmake/in424_descConfig.cmake
[0.995s] -- Up-to-date symlink: /root/ros2_ws/install/in424_desc/share/in424_desc/cmake/in424_descConfig-version.cmake
[1.002s] -- Up-to-date symlink: /root/ros2_ws/install/in424_desc/share/in424_desc/package.xml
[1.005s] Invoked command in '/root/ros2_ws/build/in424_desc' returned '0': CMAKE_PREFIX_PATH=/opt/ros/galactic /usr/bin/cmake --install /root/ros2_ws/build/in424_desc
