[0.666s] Invoking command in '/root/ros2_ws/build/in424_nav': PYTHONPATH=/root/ros2_ws/build/in424_nav/prefix_override:/root/ros2_ws/install/in424_nav/lib/python3.8/site-packages:${PYTHONPATH} /usr/bin/python3 setup.py develop --editable --build-directory /root/ros2_ws/build/in424_nav/build --no-deps install_data
[0.853s] running develop
[0.934s] running egg_info
[0.934s] writing in424_nav.egg-info/PKG-INFO
[0.934s] writing dependency_links to in424_nav.egg-info/dependency_links.txt
[0.935s] writing entry points to in424_nav.egg-info/entry_points.txt
[0.935s] writing requirements to in424_nav.egg-info/requires.txt
[0.935s] writing top-level names to in424_nav.egg-info/top_level.txt
[0.958s] reading manifest file 'in424_nav.egg-info/SOURCES.txt'
[0.959s] writing manifest file 'in424_nav.egg-info/SOURCES.txt'
[0.988s] running build_ext
[0.988s] Creating /root/ros2_ws/install/in424_nav/lib/python3.8/site-packages/in424-nav.egg-link (link to .)
[0.989s] Installing agent script to /root/ros2_ws/install/in424_nav/lib/in424_nav
[0.990s] Installing gui script to /root/ros2_ws/install/in424_nav/lib/in424_nav
[0.990s] Installing map_manager script to /root/ros2_ws/install/in424_nav/lib/in424_nav
[0.990s] Installing tf_publishers script to /root/ros2_ws/install/in424_nav/lib/in424_nav
[0.991s] 
[0.991s] Installed /root/ros2_ws/build/in424_nav
[0.991s] running install_data
[1.019s] Invoked command in '/root/ros2_ws/build/in424_nav' returned '0': PYTHONPATH=/root/ros2_ws/build/in424_nav/prefix_override:/root/ros2_ws/install/in424_nav/lib/python3.8/site-packages:${PYTHONPATH} /usr/bin/python3 setup.py develop --editable --build-directory /root/ros2_ws/build/in424_nav/build --no-deps install_data
