running develop
running egg_info
creating in424_nav.egg-info
writing in424_nav.egg-info/PKG-INFO
writing dependency_links to in424_nav.egg-info/dependency_links.txt
writing entry points to in424_nav.egg-info/entry_points.txt
writing requirements to in424_nav.egg-info/requires.txt
writing top-level names to in424_nav.egg-info/top_level.txt
writing manifest file 'in424_nav.egg-info/SOURCES.txt'
reading manifest file 'in424_nav.egg-info/SOURCES.txt'
writing manifest file 'in424_nav.egg-info/SOURCES.txt'
running build_ext
Creating /root/ros2_ws/install/in424_nav/lib/python3.8/site-packages/site.py
Creating /root/ros2_ws/install/in424_nav/lib/python3.8/site-packages/in424-nav.egg-link (link to .)
Installing agent script to /root/ros2_ws/install/in424_nav/lib/in424_nav
Installing map_manager script to /root/ros2_ws/install/in424_nav/lib/in424_nav
Installing tf_publishers script to /root/ros2_ws/install/in424_nav/lib/in424_nav

Installed /root/ros2_ws/build/in424_nav
running install_data
creating /root/ros2_ws/install/in424_nav/share/ament_index
creating /root/ros2_ws/install/in424_nav/share/ament_index/resource_index
creating /root/ros2_ws/install/in424_nav/share/ament_index/resource_index/packages
copying resource/in424_nav -> /root/ros2_ws/install/in424_nav/share/ament_index/resource_index/packages
copying package.xml -> /root/ros2_ws/install/in424_nav/share/in424_nav
copying launch/agents_launch.py -> /root/ros2_ws/install/in424_nav/share/in424_nav
