[0.850s] Invoking command in '/root/ros2_ws/build/in424_nav': PYTHONPATH=/root/ros2_ws/build/in424_nav/prefix_override:/root/ros2_ws/install/in424_nav/lib/python3.8/site-packages:${PYTHONPATH} /usr/bin/python3 setup.py develop --editable --build-directory /root/ros2_ws/build/in424_nav/build --no-deps install_data
[1.133s] running develop
[1.239s] running egg_info
[1.240s] creating in424_nav.egg-info
[1.240s] writing in424_nav.egg-info/PKG-INFO
[1.240s] writing dependency_links to in424_nav.egg-info/dependency_links.txt
[1.241s] writing entry points to in424_nav.egg-info/entry_points.txt
[1.241s] writing requirements to in424_nav.egg-info/requires.txt
[1.241s] writing top-level names to in424_nav.egg-info/top_level.txt
[1.249s] writing manifest file 'in424_nav.egg-info/SOURCES.txt'
[1.283s] reading manifest file 'in424_nav.egg-info/SOURCES.txt'
[1.284s] writing manifest file 'in424_nav.egg-info/SOURCES.txt'
[1.325s] running build_ext
[1.326s] Creating /root/ros2_ws/install/in424_nav/lib/python3.8/site-packages/site.py
[1.329s] Creating /root/ros2_ws/install/in424_nav/lib/python3.8/site-packages/in424-nav.egg-link (link to .)
[1.330s] Installing agent script to /root/ros2_ws/install/in424_nav/lib/in424_nav
[1.331s] Installing map_manager script to /root/ros2_ws/install/in424_nav/lib/in424_nav
[1.331s] Installing tf_publishers script to /root/ros2_ws/install/in424_nav/lib/in424_nav
[1.331s] 
[1.331s] Installed /root/ros2_ws/build/in424_nav
[1.332s] running install_data
[1.332s] creating /root/ros2_ws/install/in424_nav/share/ament_index
[1.332s] creating /root/ros2_ws/install/in424_nav/share/ament_index/resource_index
[1.332s] creating /root/ros2_ws/install/in424_nav/share/ament_index/resource_index/packages
[1.333s] copying resource/in424_nav -> /root/ros2_ws/install/in424_nav/share/ament_index/resource_index/packages
[1.333s] copying package.xml -> /root/ros2_ws/install/in424_nav/share/in424_nav
[1.333s] copying launch/agents_launch.py -> /root/ros2_ws/install/in424_nav/share/in424_nav
[1.383s] Invoked command in '/root/ros2_ws/build/in424_nav' returned '0': PYTHONPATH=/root/ros2_ws/build/in424_nav/prefix_override:/root/ros2_ws/install/in424_nav/lib/python3.8/site-packages:${PYTHONPATH} /usr/bin/python3 setup.py develop --editable --build-directory /root/ros2_ws/build/in424_nav/build --no-deps install_data
