[0.668s] Invoking command in '/root/ros2_ws/build/in424_nav': PYTHONPATH=/root/ros2_ws/build/in424_nav/prefix_override:/root/ros2_ws/install/in424_nav/lib/python3.8/site-packages:${PYTHONPATH} /usr/bin/python3 setup.py develop --editable --build-directory /root/ros2_ws/build/in424_nav/build --no-deps install_data
[0.861s] running develop
[0.943s] running egg_info
[0.943s] creating in424_nav.egg-info
[0.943s] writing in424_nav.egg-info/PKG-INFO
[0.943s] writing dependency_links to in424_nav.egg-info/dependency_links.txt
[0.943s] writing entry points to in424_nav.egg-info/entry_points.txt
[0.943s] writing requirements to in424_nav.egg-info/requires.txt
[0.943s] writing top-level names to in424_nav.egg-info/top_level.txt
[0.944s] writing manifest file 'in424_nav.egg-info/SOURCES.txt'
[0.974s] reading manifest file 'in424_nav.egg-info/SOURCES.txt'
[0.975s] writing manifest file 'in424_nav.egg-info/SOURCES.txt'
[1.004s] running build_ext
[1.005s] Creating /root/ros2_ws/install/in424_nav/lib/python3.8/site-packages/site.py
[1.007s] Creating /root/ros2_ws/install/in424_nav/lib/python3.8/site-packages/in424-nav.egg-link (link to .)
[1.008s] Installing agent script to /root/ros2_ws/install/in424_nav/lib/in424_nav
[1.008s] Installing map_manager script to /root/ros2_ws/install/in424_nav/lib/in424_nav
[1.008s] Installing tf_publishers script to /root/ros2_ws/install/in424_nav/lib/in424_nav
[1.008s] 
[1.009s] Installed /root/ros2_ws/build/in424_nav
[1.009s] running install_data
[1.009s] creating /root/ros2_ws/install/in424_nav/share/ament_index
[1.010s] creating /root/ros2_ws/install/in424_nav/share/ament_index/resource_index
[1.010s] creating /root/ros2_ws/install/in424_nav/share/ament_index/resource_index/packages
[1.010s] copying resource/in424_nav -> /root/ros2_ws/install/in424_nav/share/ament_index/resource_index/packages
[1.010s] copying package.xml -> /root/ros2_ws/install/in424_nav/share/in424_nav
[1.042s] copying launch/agents_launch.py -> /root/ros2_ws/install/in424_nav/share/in424_nav
[1.047s] Invoked command in '/root/ros2_ws/build/in424_nav' returned '0': PYTHONPATH=/root/ros2_ws/build/in424_nav/prefix_override:/root/ros2_ws/install/in424_nav/lib/python3.8/site-packages:${PYTHONPATH} /usr/bin/python3 setup.py develop --editable --build-directory /root/ros2_ws/build/in424_nav/build --no-deps install_data
