[0.074s] Invoking command in '/root/ros2_ws/build/in424_msgs': CMAKE_PREFIX_PATH=${CMAKE_PREFIX_PATH}:/root/ros2_ws/install/in424_nav:/opt/ros/galactic /usr/bin/cmake /root/ros2_ws/src/IN424/in424_msgs -DAMENT_CMAKE_SYMLINK_INSTALL=1 -DCMAKE_INSTALL_PREFIX=/root/ros2_ws/install/in424_msgs
[0.515s] -- The C compiler identification is GNU 9.4.0
[0.929s] -- The CXX compiler identification is GNU 9.4.0
[0.939s] -- Check for working C compiler: /usr/bin/cc
[1.072s] -- Check for working C compiler: /usr/bin/cc -- works
[1.090s] -- Detecting C compiler ABI info
[1.234s] -- Detecting C compiler ABI info - done
[1.245s] -- Detecting C compile features
[1.246s] -- Detecting C compile features - done
[1.254s] -- Check for working CXX compiler: /usr/bin/c++
[1.446s] -- Check for working CXX compiler: /usr/bin/c++ -- works
[1.451s] -- Detecting CXX compiler ABI info
[1.573s] -- Detecting CXX compiler ABI info - done
[1.585s] -- Detecting CXX compile features
[1.587s] -- Detecting CXX compile features - done
[1.598s] -- Found ament_cmake: 1.1.6 (/opt/ros/galactic/share/ament_cmake/cmake)
[1.674s] -- Found PythonInterp: /usr/bin/python3 (found suitable version "3.8.10", minimum required is "3") 
[1.674s] -- Using PYTHON_EXECUTABLE: /usr/bin/python3
[1.770s] -- Override CMake install command with custom implementation using symlinks instead of copying resources
[1.860s] -- Found rosidl_default_generators: 1.1.1 (/opt/ros/galactic/share/rosidl_default_generators/cmake)
[1.868s] -- Using all available rosidl_typesupport_c: rosidl_typesupport_fastrtps_c;rosidl_typesupport_introspection_c
[1.879s] -- Found rosidl_adapter: 2.2.3 (/opt/ros/galactic/share/rosidl_adapter/cmake)
[2.137s] -- Found OpenSSL: /usr/lib/x86_64-linux-gnu/libcrypto.so (found version "1.1.1f")  
[2.200s] -- Found FastRTPS: /opt/ros/galactic/include  
[2.369s] -- Using all available rosidl_typesupport_cpp: rosidl_typesupport_fastrtps_cpp;rosidl_typesupport_introspection_cpp
[2.435s] -- Found ament_lint_auto: 0.10.7 (/opt/ros/galactic/share/ament_lint_auto/cmake)
[2.526s] -- Added test 'copyright' to check source files copyright and LICENSE
[2.528s] -- Added test 'lint_cmake' to check CMake code style
[2.542s] -- Added test 'xmllint' to check XML markup files
[2.542s] -- Configuring done
[2.542s] -- Generating done
[2.542s] -- Build files have been written to: /root/ros2_ws/build/in424_msgs
[2.544s] Invoked command in '/root/ros2_ws/build/in424_msgs' returned '0': CMAKE_PREFIX_PATH=${CMAKE_PREFIX_PATH}:/root/ros2_ws/install/in424_nav:/opt/ros/galactic /usr/bin/cmake /root/ros2_ws/src/IN424/in424_msgs -DAMENT_CMAKE_SYMLINK_INSTALL=1 -DCMAKE_INSTALL_PREFIX=/root/ros2_ws/install/in424_msgs
[2.550s] Invoking command in '/root/ros2_ws/build/in424_msgs': CMAKE_PREFIX_PATH=${CMAKE_PREFIX_PATH}:/root/ros2_ws/install/in424_nav:/opt/ros/galactic /usr/bin/cmake --build /root/ros2_ws/build/in424_msgs -- -j3 -l3
[2.632s] Invoked command in '/root/ros2_ws/build/in424_msgs' returned '0': CMAKE_PREFIX_PATH=${CMAKE_PREFIX_PATH}:/root/ros2_ws/install/in424_nav:/opt/ros/galactic /usr/bin/cmake --build /root/ros2_ws/build/in424_msgs -- -j3 -l3
[2.699s] Invoking command in '/root/ros2_ws/build/in424_msgs': CMAKE_PREFIX_PATH=${CMAKE_PREFIX_PATH}:/root/ros2_ws/install/in424_nav:/opt/ros/galactic /usr/bin/cmake --install /root/ros2_ws/build/in424_msgs
[2.714s] -- Install configuration: ""
[2.715s] -- Execute custom install script
[2.721s] -- Symlinking: /root/ros2_ws/install/in424_msgs/share/ament_index/resource_index/package_run_dependencies/in424_msgs
[2.734s] -- Symlinking: /root/ros2_ws/install/in424_msgs/share/ament_index/resource_index/parent_prefix_path/in424_msgs
[2.753s] -- Symlinking: /root/ros2_ws/install/in424_msgs/share/in424_msgs/environment/ament_prefix_path.sh
[2.764s] -- Symlinking: /root/ros2_ws/install/in424_msgs/share/in424_msgs/environment/ament_prefix_path.dsv
[2.777s] -- Symlinking: /root/ros2_ws/install/in424_msgs/share/in424_msgs/environment/path.sh
[2.791s] -- Symlinking: /root/ros2_ws/install/in424_msgs/share/in424_msgs/environment/path.dsv
[2.807s] -- Symlinking: /root/ros2_ws/install/in424_msgs/share/in424_msgs/local_setup.bash
[2.827s] -- Symlinking: /root/ros2_ws/install/in424_msgs/share/in424_msgs/local_setup.sh
[2.836s] -- Symlinking: /root/ros2_ws/install/in424_msgs/share/in424_msgs/local_setup.zsh
[2.847s] -- Symlinking: /root/ros2_ws/install/in424_msgs/share/in424_msgs/local_setup.dsv
[2.863s] -- Symlinking: /root/ros2_ws/install/in424_msgs/share/in424_msgs/package.dsv
[2.877s] -- Symlinking: /root/ros2_ws/install/in424_msgs/share/ament_index/resource_index/packages/in424_msgs
[2.892s] -- Symlinking: /root/ros2_ws/install/in424_msgs/share/in424_msgs/cmake/in424_msgsConfig.cmake
[2.906s] -- Symlinking: /root/ros2_ws/install/in424_msgs/share/in424_msgs/cmake/in424_msgsConfig-version.cmake
[2.919s] -- Symlinking: /root/ros2_ws/install/in424_msgs/share/in424_msgs/package.xml
[2.937s] Invoked command in '/root/ros2_ws/build/in424_msgs' returned '0': CMAKE_PREFIX_PATH=${CMAKE_PREFIX_PATH}:/root/ros2_ws/install/in424_nav:/opt/ros/galactic /usr/bin/cmake --install /root/ros2_ws/build/in424_msgs
