[0.063s] Invoking command in '/root/ros2_ws/build/in424_desc': CMAKE_PREFIX_PATH=/opt/ros/galactic /usr/bin/cmake /root/ros2_ws/src/IN424/in424_desc -DAMENT_CMAKE_SYMLINK_INSTALL=1 -DCMAKE_INSTALL_PREFIX=/root/ros2_ws/install/in424_desc
[0.481s] -- The C compiler identification is GNU 9.4.0
[0.820s] -- The CXX compiler identification is GNU 9.4.0
[0.837s] -- Check for working C compiler: /usr/bin/cc
[0.938s] -- Check for working C compiler: /usr/bin/cc -- works
[0.941s] -- Detecting C compiler ABI info
[1.024s] -- Detecting C compiler ABI info - done
[1.035s] -- Detecting C compile features
[1.037s] -- Detecting C compile features - done
[1.041s] -- Check for working CXX compiler: /usr/bin/c++
[1.150s] -- Check for working CXX compiler: /usr/bin/c++ -- works
[1.152s] -- Detecting CXX compiler ABI info
[1.292s] -- Detecting CXX compiler ABI info - done
[1.305s] -- Detecting CXX compile features
[1.305s] -- Detecting CXX compile features - done
[1.330s] -- Found ament_cmake: 1.1.6 (/opt/ros/galactic/share/ament_cmake/cmake)
[1.363s] -- Found PythonInterp: /usr/bin/python3 (found suitable version "3.8.10", minimum required is "3") 
[1.365s] -- Using PYTHON_EXECUTABLE: /usr/bin/python3
[1.437s] -- Override CMake install command with custom implementation using symlinks instead of copying resources
[1.509s] -- Found ament_lint_auto: 0.10.7 (/opt/ros/galactic/share/ament_lint_auto/cmake)
[1.623s] -- Added test 'copyright' to check source files copyright and LICENSE
[1.626s] -- Added test 'lint_cmake' to check CMake code style
[1.629s] -- Added test 'xmllint' to check XML markup files
[1.639s] -- Configuring done
[1.643s] -- Generating done
[1.644s] -- Build files have been written to: /root/ros2_ws/build/in424_desc
[1.653s] Invoked command in '/root/ros2_ws/build/in424_desc' returned '0': CMAKE_PREFIX_PATH=/opt/ros/galactic /usr/bin/cmake /root/ros2_ws/src/IN424/in424_desc -DAMENT_CMAKE_SYMLINK_INSTALL=1 -DCMAKE_INSTALL_PREFIX=/root/ros2_ws/install/in424_desc
[1.663s] Invoking command in '/root/ros2_ws/build/in424_desc': CMAKE_PREFIX_PATH=/opt/ros/galactic /usr/bin/cmake --build /root/ros2_ws/build/in424_desc -- -j3 -l3
[1.722s] Invoked command in '/root/ros2_ws/build/in424_desc' returned '0': CMAKE_PREFIX_PATH=/opt/ros/galactic /usr/bin/cmake --build /root/ros2_ws/build/in424_desc -- -j3 -l3
[1.787s] Invoking command in '/root/ros2_ws/build/in424_desc': CMAKE_PREFIX_PATH=/opt/ros/galactic /usr/bin/cmake --install /root/ros2_ws/build/in424_desc
[1.800s] -- Install configuration: ""
[1.802s] -- Execute custom install script
[1.802s] -- Symlinking: /root/ros2_ws/install/in424_desc/share/in424_desc/xacro/macro.xacro
[1.812s] -- Symlinking: /root/ros2_ws/install/in424_desc/share/in424_desc/xacro/materials.xacro
[1.825s] -- Symlinking: /root/ros2_ws/install/in424_desc/share/in424_desc/xacro/robot.gazebo
[1.846s] -- Symlinking: /root/ros2_ws/install/in424_desc/share/in424_desc/xacro/robot.xacro
[1.856s] -- Symlinking: /root/ros2_ws/install/in424_desc/share/ament_index/resource_index/package_run_dependencies/in424_desc
[1.868s] -- Symlinking: /root/ros2_ws/install/in424_desc/share/ament_index/resource_index/parent_prefix_path/in424_desc
[1.884s] -- Symlinking: /root/ros2_ws/install/in424_desc/share/in424_desc/environment/ament_prefix_path.sh
[1.897s] -- Symlinking: /root/ros2_ws/install/in424_desc/share/in424_desc/environment/ament_prefix_path.dsv
[1.907s] -- Symlinking: /root/ros2_ws/install/in424_desc/share/in424_desc/environment/path.sh
[1.916s] -- Symlinking: /root/ros2_ws/install/in424_desc/share/in424_desc/environment/path.dsv
[1.928s] -- Symlinking: /root/ros2_ws/install/in424_desc/share/in424_desc/local_setup.bash
[1.946s] -- Symlinking: /root/ros2_ws/install/in424_desc/share/in424_desc/local_setup.sh
[1.959s] -- Symlinking: /root/ros2_ws/install/in424_desc/share/in424_desc/local_setup.zsh
[1.971s] -- Symlinking: /root/ros2_ws/install/in424_desc/share/in424_desc/local_setup.dsv
[1.985s] -- Symlinking: /root/ros2_ws/install/in424_desc/share/in424_desc/package.dsv
[2.001s] -- Symlinking: /root/ros2_ws/install/in424_desc/share/ament_index/resource_index/packages/in424_desc
[2.014s] -- Symlinking: /root/ros2_ws/install/in424_desc/share/in424_desc/cmake/in424_descConfig.cmake
[2.029s] -- Symlinking: /root/ros2_ws/install/in424_desc/share/in424_desc/cmake/in424_descConfig-version.cmake
[2.045s] -- Symlinking: /root/ros2_ws/install/in424_desc/share/in424_desc/package.xml
[2.060s] Invoked command in '/root/ros2_ws/build/in424_desc' returned '0': CMAKE_PREFIX_PATH=/opt/ros/galactic /usr/bin/cmake --install /root/ros2_ws/build/in424_desc
